Component: ARM Compiler 5.06 update 7 (build 960) Tool: armlink [4d3601]

==============================================================================

Section Cross References

    startup_stm32g474xx.o(STACK) refers (Special) to heapauxi.o(.text) for __use_two_region_memory
    startup_stm32g474xx.o(HEAP) refers (Special) to heapauxi.o(.text) for __use_two_region_memory
    startup_stm32g474xx.o(RESET) refers (Special) to heapauxi.o(.text) for __use_two_region_memory
    startup_stm32g474xx.o(RESET) refers to startup_stm32g474xx.o(STACK) for __initial_sp
    startup_stm32g474xx.o(RESET) refers to startup_stm32g474xx.o(.text) for Reset_Handler
    startup_stm32g474xx.o(RESET) refers to stm32g4xx_it.o(i.NMI_Handler) for NMI_Handler
    startup_stm32g474xx.o(RESET) refers to stm32g4xx_it.o(i.HardFault_Handler) for HardFault_Handler
    startup_stm32g474xx.o(RESET) refers to stm32g4xx_it.o(i.MemManage_Handler) for MemManage_Handler
    startup_stm32g474xx.o(RESET) refers to stm32g4xx_it.o(i.BusFault_Handler) for BusFault_Handler
    startup_stm32g474xx.o(RESET) refers to stm32g4xx_it.o(i.UsageFault_Handler) for UsageFault_Handler
    startup_stm32g474xx.o(RESET) refers to port.o(.emb_text) for SVC_Handler
    startup_stm32g474xx.o(RESET) refers to stm32g4xx_it.o(i.DebugMon_Handler) for DebugMon_Handler
    startup_stm32g474xx.o(RESET) refers to port.o(i.SysTick_Handler) for SysTick_Handler
    startup_stm32g474xx.o(RESET) refers to stm32g4xx_it.o(i.DMA1_Channel1_IRQHandler) for DMA1_Channel1_IRQHandler
    startup_stm32g474xx.o(RESET) refers to stm32g4xx_it.o(i.DMA1_Channel2_IRQHandler) for DMA1_Channel2_IRQHandler
    startup_stm32g474xx.o(RESET) refers to stm32g4xx_it.o(i.SPI3_IRQHandler) for SPI3_IRQHandler
    startup_stm32g474xx.o(RESET) refers to stm32g4xx_it.o(i.TIM7_DAC_IRQHandler) for TIM7_DAC_IRQHandler
    startup_stm32g474xx.o(.text) refers (Special) to heapauxi.o(.text) for __use_two_region_memory
    startup_stm32g474xx.o(.text) refers to system_stm32g4xx.o(i.SystemInit) for SystemInit
    startup_stm32g474xx.o(.text) refers to __main.o(!!!main) for __main
    startup_stm32g474xx.o(.text) refers to startup_stm32g474xx.o(HEAP) for Heap_Mem
    startup_stm32g474xx.o(.text) refers to startup_stm32g474xx.o(STACK) for Stack_Mem
    adc_user.o(i.ADC_Init) refers to stm32g4xx_hal_gpio.o(i.HAL_GPIO_WritePin) for HAL_GPIO_WritePin
    adc_user.o(i.ADC_Init) refers to stm32g4xx_hal.o(i.HAL_Delay) for HAL_Delay
    adc_user.o(i.ADC_Read_AB) refers to adc_user.o(i.ADC_SwitchChannel) for ADC_SwitchChannel
    adc_user.o(i.ADC_Read_AB) refers to main.o(i.delay_us) for delay_us
    adc_user.o(i.ADC_Read_AB) refers to stm32g4xx_hal_gpio.o(i.HAL_GPIO_WritePin) for HAL_GPIO_WritePin
    adc_user.o(i.ADC_Read_AB) refers to stm32g4xx_hal_gpio.o(i.HAL_GPIO_ReadPin) for HAL_GPIO_ReadPin
    adc_user.o(i.ADC_Read_AB) refers to adc_user.o(i.Read_16BitData_Direct) for Read_16BitData_Direct
    adc_user.o(i.ADC_Read_AllChannels) refers to adc_user.o(i.ADC_Read_AB) for ADC_Read_AB
    adc_user.o(i.ADC_Read_data) refers to stm32g4xx_hal_gpio.o(i.HAL_GPIO_WritePin) for HAL_GPIO_WritePin
    adc_user.o(i.ADC_Read_data) refers to main.o(i.delay_us) for delay_us
    adc_user.o(i.ADC_Read_data) refers to stm32g4xx_hal_gpio.o(i.HAL_GPIO_ReadPin) for HAL_GPIO_ReadPin
    adc_user.o(i.ADC_Read_data) refers to adc_user.o(i.Read_16BitData_Direct) for Read_16BitData_Direct
    adc_user.o(i.ADC_SwitchChannel) refers to stm32g4xx_hal_gpio.o(i.HAL_GPIO_WritePin) for HAL_GPIO_WritePin
    dac_user.o(i.DAC_update) refers to stm32g4xx_hal_gpio.o(i.HAL_GPIO_WritePin) for HAL_GPIO_WritePin
    dac_user.o(i.DAC_update) refers to stm32g4xx_hal_spi.o(i.HAL_SPI_Transmit) for HAL_SPI_Transmit
    dac_user.o(i.DAC_update) refers to spi.o(.bss) for hspi1
    hrc_bus.o(i.HRC_Bus_InitDefault) refers to hrc_bus.o(i.HRC_SetDataIn) for HRC_SetDataIn
    hrc_bus.o(i.HRC_Bus_InitDefault) refers to hrc_bus.o(i.HRC_SetCmd) for HRC_SetCmd
    hrc_bus.o(i.HRC_Bus_InitDefault) refers to hrc_bus.o(i.HRC_SetRstn) for HRC_SetRstn
    hrc_bus.o(i.HRC_Bus_InitDefault) refers to stm32g4xx_hal_gpio.o(i.HAL_GPIO_WritePin) for HAL_GPIO_WritePin
    hrc_bus.o(i.HRC_ClockCycles) refers to hrc_bus.o(i.HRC_ClockPulse) for HRC_ClockPulse
    hrc_bus.o(i.HRC_ClockPulse) refers to stm32g4xx_hal_gpio.o(i.HAL_GPIO_WritePin) for HAL_GPIO_WritePin
    hrc_bus.o(i.HRC_ClockPulse) refers to main.o(i.delay_us) for delay_us
    hrc_bus.o(i.HRC_ClockPulseAndRead) refers to stm32g4xx_hal_gpio.o(i.HAL_GPIO_WritePin) for HAL_GPIO_WritePin
    hrc_bus.o(i.HRC_ClockPulseAndRead) refers to main.o(i.delay_us) for delay_us
    hrc_bus.o(i.HRC_ClockPulseAndRead) refers to hrc_bus.o(i.HRC_ReadValidOut) for HRC_ReadValidOut
    hrc_bus.o(i.HRC_ClockPulseAndRead) refers to hrc_bus.o(i.HRC_ReadDataOut) for HRC_ReadDataOut
    hrc_bus.o(i.HRC_ReadDataOut) refers to stm32g4xx_hal_gpio.o(i.HAL_GPIO_ReadPin) for HAL_GPIO_ReadPin
[...]
    i.prvAddNewTaskToReadyList               0x080035ac   Section        0  tasks.o(i.prvAddNewTaskToReadyList)
    prvAddNewTaskToReadyList                 0x080035ad   Thumb Code   124  tasks.o(i.prvAddNewTaskToReadyList)
    i.prvCheckForValidListAndQueue           0x08003634   Section        0  timers.o(i.prvCheckForValidListAndQueue)
    prvCheckForValidListAndQueue             0x08003635   Thumb Code    62  timers.o(i.prvCheckForValidListAndQueue)
    i.prvCheckTasksWaitingTermination        0x08003684   Section        0  tasks.o(i.prvCheckTasksWaitingTermination)
    prvCheckTasksWaitingTermination          0x08003685   Thumb Code    52  tasks.o(i.prvCheckTasksWaitingTermination)
    i.prvCopyDataFromQueue                   0x080036c0   Section        0  queue.o(i.prvCopyDataFromQueue)
    prvCopyDataFromQueue                     0x080036c1   Thumb Code    40  queue.o(i.prvCopyDataFromQueue)
    i.prvCopyDataToQueue                     0x080036e8   Section        0  queue.o(i.prvCopyDataToQueue)
    prvCopyDataToQueue                       0x080036e9   Thumb Code   110  queue.o(i.prvCopyDataToQueue)
    i.prvDeleteTCB                           0x08003756   Section        0  tasks.o(i.prvDeleteTCB)
    prvDeleteTCB                             0x08003757   Thumb Code    20  tasks.o(i.prvDeleteTCB)
    i.prvGetNextExpireTime                   0x0800376c   Section        0  timers.o(i.prvGetNextExpireTime)
    prvGetNextExpireTime                     0x0800376d   Thumb Code    30  timers.o(i.prvGetNextExpireTime)
    i.prvHeapInit                            0x08003790   Section        0  heap_4.o(i.prvHeapInit)
    prvHeapInit                              0x08003791   Thumb Code    68  heap_4.o(i.prvHeapInit)
    i.prvIdleTask                            0x080037dc   Section        0  tasks.o(i.prvIdleTask)
    prvIdleTask                              0x080037dd   Thumb Code    30  tasks.o(i.prvIdleTask)
    i.prvInitialiseNewQueue                  0x08003804   Section        0  queue.o(i.prvInitialiseNewQueue)
    prvInitialiseNewQueue                    0x08003805   Thumb Code    24  queue.o(i.prvInitialiseNewQueue)
    i.prvInitialiseNewTask                   0x0800381c   Section        0  tasks.o(i.prvInitialiseNewTask)
    prvInitialiseNewTask                     0x0800381d   Thumb Code   148  tasks.o(i.prvInitialiseNewTask)
    i.prvInitialiseNewTimer                  0x080038b0   Section        0  timers.o(i.prvInitialiseNewTimer)
    prvInitialiseNewTimer                    0x080038b1   Thumb Code    80  timers.o(i.prvInitialiseNewTimer)
    i.prvInitialiseTaskLists                 0x08003900   Section        0  tasks.o(i.prvInitialiseTaskLists)
    prvInitialiseTaskLists                   0x08003901   Thumb Code    78  tasks.o(i.prvInitialiseTaskLists)
    i.prvInsertBlockIntoFreeList             0x08003958   Section        0  heap_4.o(i.prvInsertBlockIntoFreeList)
    prvInsertBlockIntoFreeList               0x08003959   Thumb Code    78  heap_4.o(i.prvInsertBlockIntoFreeList)
    i.prvInsertTimerInActiveList             0x080039ac   Section        0  timers.o(i.prvInsertTimerInActiveList)
    prvInsertTimerInActiveList               0x080039ad   Thumb Code    60  timers.o(i.prvInsertTimerInActiveList)
    i.prvIsQueueEmpty                        0x080039ec   Section        0  queue.o(i.prvIsQueueEmpty)
    prvIsQueueEmpty                          0x080039ed   Thumb Code    26  queue.o(i.prvIsQueueEmpty)
    i.prvIsQueueFull                         0x08003a06   Section        0  queue.o(i.prvIsQueueFull)
    prvIsQueueFull                           0x08003a07   Thumb Code    30  queue.o(i.prvIsQueueFull)
    i.prvProcessExpiredTimer                 0x08003a24   Section        0  timers.o(i.prvProcessExpiredTimer)
    prvProcessExpiredTimer                   0x08003a25   Thumb Code    98  timers.o(i.prvProcessExpiredTimer)
    i.prvProcessReceivedCommands             0x08003a8c   Section        0  timers.o(i.prvProcessReceivedCommands)
    prvProcessReceivedCommands               0x08003a8d   Thumb Code   234  timers.o(i.prvProcessReceivedCommands)
    i.prvProcessTimerOrBlockTask             0x08003b7c   Section        0  timers.o(i.prvProcessTimerOrBlockTask)
    prvProcessTimerOrBlockTask               0x08003b7d   Thumb Code   100  timers.o(i.prvProcessTimerOrBlockTask)
    i.prvResetNextTaskUnblockTime            0x08003be8   Section        0  tasks.o(i.prvResetNextTaskUnblockTime)
    prvResetNextTaskUnblockTime              0x08003be9   Thumb Code    30  tasks.o(i.prvResetNextTaskUnblockTime)
    i.prvSampleTimeNow                       0x08003c0c   Section        0  timers.o(i.prvSampleTimeNow)
    prvSampleTimeNow                         0x08003c0d   Thumb Code    38  timers.o(i.prvSampleTimeNow)
    i.prvSwitchTimerLists                    0x08003c38   Section        0  timers.o(i.prvSwitchTimerLists)
    prvSwitchTimerLists                      0x08003c39   Thumb Code   106  timers.o(i.prvSwitchTimerLists)
    i.prvTaskExitError                       0x08003ca8   Section        0  port.o(i.prvTaskExitError)
    prvTaskExitError                         0x08003ca9   Thumb Code    40  port.o(i.prvTaskExitError)
    i.prvTimerTask                           0x08003cd4   Section        0  timers.o(i.prvTimerTask)
    prvTimerTask                             0x08003cd5   Thumb Code    20  timers.o(i.prvTimerTask)
    i.prvUnlockQueue                         0x08003ce8   Section        0  queue.o(i.prvUnlockQueue)
    prvUnlockQueue                           0x08003ce9   Thumb Code   106  queue.o(i.prvUnlockQueue)
    i.pvPortMalloc                           0x08003d54   Section        0  heap_4.o(i.pvPortMalloc)
    i.pxPortInitialiseStack                  0x08003e30   Section        0  port.o(i.pxPortInitialiseStack)
    i.uxListRemove                           0x08003e54   Section        0  list.o(i.uxListRemove)
    i.vListInitialise                        0x08003e7a   Section        0  list.o(i.vListInitialise)
    i.vListInitialiseItem                    0x08003e90   Section        0  list.o(i.vListInitialiseItem)
    i.vListInsert                            0x08003e96   Section        0  list.o(i.vListInsert)
    i.vListInsertEnd                         0x08003ec6   Section        0  list.o(i.vListInsertEnd)
    i.vPortEnterCritical                     0x08003ee0   Section        0  port.o(i.vPortEnterCritical)
    i.vPortExitCritical                      0x08003f20   Section        0  port.o(i.vPortExitCritical)
    i.vPortFree                              0x08003f4c   Section        0  heap_4.o(i.vPortFree)
    i.vPortSetupTimerInterrupt               0x08003fb0   Section        0  port.o(i.vPortSetupTimerInterrupt)
    i.vPortValidateInterruptPriority         0x08003fd4   Section        0  port.o(i.vPortValidateInterruptPriority)
    i.vQueueAddToRegistry                    0x08004028   Section        0  queue.o(i.vQueueAddToRegistry)
    i.vQueueWaitForMessageRestricted         0x0800404c   Section        0  queue.o(i.vQueueWaitForMessageRestricted)
    i.vTaskDelay                             0x08004094   Section        0  tasks.o(i.vTaskDelay)
    i.vTaskInternalSetTimeOutState           0x080040e4   Section        0  tasks.o(i.vTaskInternalSetTimeOutState)
    i.vTaskMissedYield                       0x080040f4   Section        0  tasks.o(i.vTaskMissedYield)
    i.vTaskPlaceOnEventList                  0x08004100   Section        0  tasks.o(i.vTaskPlaceOnEventList)
    i.vTaskPlaceOnEventListRestricted        0x08004134   Section        0  tasks.o(i.vTaskPlaceOnEventListRestricted)
    i.vTaskStartScheduler                    0x08004170   Section        0  tasks.o(i.vTaskStartScheduler)
    i.vTaskSuspendAll                        0x080041e0   Section        0  tasks.o(i.vTaskSuspendAll)
    i.vTaskSwitchContext                     0x080041f0   Section        0  tasks.o(i.vTaskSwitchContext)
    i.xPortStartScheduler                    0x08004250   Section        0  port.o(i.xPortStartScheduler)
    i.xQueueGenericCreate                    0x08004344   Section        0  queue.o(i.xQueueGenericCreate)
    i.xQueueGenericReset                     0x08004384   Section        0  queue.o(i.xQueueGenericReset)
    i.xQueueGenericSend                      0x08004410   Section        0  queue.o(i.xQueueGenericSend)
    i.xQueueGenericSendFromISR               0x08004574   Section        0  queue.o(i.xQueueGenericSendFromISR)
    i.xQueueReceive                          0x08004634   Section        0  queue.o(i.xQueueReceive)
    i.xTaskCheckForTimeOut                   0x08004770   Section        0  tasks.o(i.xTaskCheckForTimeOut)
    i.xTaskCreate                            0x080047ec   Section        0  tasks.o(i.xTaskCreate)
    i.xTaskGetSchedulerState                 0x0800484c   Section        0  tasks.o(i.xTaskGetSchedulerState)
    i.xTaskGetTickCount                      0x08004868   Section        0  tasks.o(i.xTaskGetTickCount)
    i.xTaskIncrementTick                     0x08004874   Section        0  tasks.o(i.xTaskIncrementTick)
    i.xTaskPriorityDisinherit                0x08004944   Section        0  tasks.o(i.xTaskPriorityDisinherit)
    i.xTaskRemoveFromEventList               0x080049dc   Section        0  tasks.o(i.xTaskRemoveFromEventList)
    i.xTaskResumeAll                         0x08004a58   Section        0  tasks.o(i.xTaskResumeAll)
    i.xTimerCreate                           0x08004b24   Section        0  timers.o(i.xTimerCreate)
    i.xTimerCreateTimerTask                  0x08004b58   Section        0  timers.o(i.xTimerCreateTimerTask)
    i.xTimerGenericCommand                   0x08004ba4   Section        0  timers.o(i.xTimerGenericCommand)
    x$fpl$fpinit                             0x08004c0c   Section       10  fpinit.o(x$fpl$fpinit)
    $v0                                      0x08004c0c   Number         0  fpinit.o(x$fpl$fpinit)
    .constdata                               0x08004c18   Section      112  app_freertos.o(.constdata)
    .constdata                               0x08004c88   Section       24  stm32g4xx_hal_uart.o(.constdata)
    .constdata                               0x08004ca0   Section       16  stm32g4xx_hal_uart_ex.o(.constdata)
    numerator                                0x08004ca0   Data           8  stm32g4xx_hal_uart_ex.o(.constdata)
    denominator                              0x08004ca8   Data           8  stm32g4xx_hal_uart_ex.o(.constdata)
    .constdata                               0x08004cb0   Section       16  system_stm32g4xx.o(.constdata)
    .constdata                               0x08004cc0   Section        8  system_stm32g4xx.o(.constdata)
    .conststring                             0x08004cc8   Section       60  app_freertos.o(.conststring)
    .data                                    0x20000000   Section        1  main.o(.data)
    .data                                    0x20000004   Section       32  app_freertos.o(.data)
    .data                                    0x20000024   Section       12  stm32g4xx_hal.o(.data)
    .data                                    0x20000030   Section        4  system_stm32g4xx.o(.data)
    .data                                    0x20000034   Section       60  tasks.o(.data)
    uxDeletedTasksWaitingCleanUp             0x20000038   Data           4  tasks.o(.data)
    uxCurrentNumberOfTasks                   0x2000003c   Data           4  tasks.o(.data)
    xTickCount                               0x20000040   Data           4  tasks.o(.data)
    uxTopReadyPriority                       0x20000044   Data           4  tasks.o(.data)
    xSchedulerRunning                        0x20000048   Data           4  tasks.o(.data)
    xPendedTicks                             0x2000004c   Data           4  tasks.o(.data)
    xYieldPending                            0x20000050   Data           4  tasks.o(.data)
    xNumOfOverflows                          0x20000054   Data           4  tasks.o(.data)
    uxTaskNumber                             0x20000058   Data           4  tasks.o(.data)
    xNextTaskUnblockTime                     0x2000005c   Data           4  tasks.o(.data)
    xIdleTaskHandle                          0x20000060   Data           4  tasks.o(.data)
    uxSchedulerSuspended                     0x20000064   Data           4  tasks.o(.data)
    pxDelayedTaskList                        0x20000068   Data           4  tasks.o(.data)
    pxOverflowDelayedTaskList                0x2000006c   Data           4  tasks.o(.data)
    .data                                    0x20000070   Section       20  timers.o(.data)
    xTimerQueue                              0x20000070   Data           4  timers.o(.data)
    xTimerTaskHandle                         0x20000074   Data           4  timers.o(.data)
    xLastTime                                0x20000078   Data           4  timers.o(.data)
    pxCurrentTimerList                       0x2000007c   Data           4  timers.o(.data)
    pxOverflowTimerList                      0x20000080   Data           4  timers.o(.data)
    .data                                    0x20000084   Section       32  heap_4.o(.data)
    pxEnd                                    0x20000084   Data           4  heap_4.o(.data)
    xFreeBytesRemaining                      0x20000088   Data           4  heap_4.o(.data)
    xMinimumEverFreeBytesRemaining           0x2000008c   Data           4  heap_4.o(.data)
    xNumberOfSuccessfulAllocations           0x20000090   Data           4  heap_4.o(.data)
    xNumberOfSuccessfulFrees                 0x20000094   Data           4  heap_4.o(.data)
    xBlockAllocatedBit                       0x20000098   Data           4  heap_4.o(.data)
    xStart                                   0x2000009c   Data           8  heap_4.o(.data)
    .data                                    0x200000a4   Section       12  port.o(.data)
    ucMaxSysCallPriority                     0x200000a4   Data           1  port.o(.data)
    uxCriticalNesting                        0x200000a8   Data           4  port.o(.data)
    ulMaxPRIGROUPValue                       0x200000ac   Data           4  port.o(.data)
    .bss                                     0x200000b0   Section     1536  main.o(.bss)
    .bss                                     0x200006b0   Section      392  spi.o(.bss)
    .bss                                     0x20000838   Section      148  usart.o(.bss)
    .bss                                     0x200008cc   Section       76  stm32g4xx_hal_timebase_tim.o(.bss)
    .bss                                     0x20000918   Section       64  queue.o(.bss)
    .bss                                     0x20000958   Section      240  tasks.o(.bss)
    pxReadyTasksLists                        0x20000958   Data         140  tasks.o(.bss)
    xDelayedTaskList1                        0x200009e4   Data          20  tasks.o(.bss)
    xDelayedTaskList2                        0x200009f8   Data          20  tasks.o(.bss)
    xPendingReadyList                        0x20000a0c   Data          20  tasks.o(.bss)
    xTasksWaitingTermination                 0x20000a20   Data          20  tasks.o(.bss)
    xSuspendedTaskList                       0x20000a34   Data          20  tasks.o(.bss)
    .bss                                     0x20000a48   Section       40  timers.o(.bss)
    xActiveTimerList1                        0x20000a48   Data          20  timers.o(.bss)
    xActiveTimerList2                        0x20000a5c   Data          20  timers.o(.bss)
    .bss                                     0x20000a70   Section    20480  heap_4.o(.bss)
    ucHeap                                   0x20000a70   Data       20480  heap_4.o(.bss)
    .bss                                     0x20005a70   Section       96  libspace.o(.bss)
    HEAP                                     0x20005ad0   Section      512  startup_stm32g474xx.o(HEAP)
    Heap_Mem                                 0x20005ad0   Data         512  startup_stm32g474xx.o(HEAP)
    STACK                                    0x20005cd0   Section     4096  startup_stm32g474xx.o(STACK)
    Stack_Mem                                0x20005cd0   Data        4096  startup_stm32g474xx.o(STACK)
    __initial_sp                             0x20006cd0   Data           0  startup_stm32g474xx.o(STACK)

    Global Symbols

    Symbol Name                              Value     Ov Type        Size  Object(Section)

    BuildAttributes$$THM_ISAv4$E$P$D$K$B$S$7EM$VFPi3$EXTD16$VFPS$VFMA$PE$A:L22UL41UL21$X:L11$S22US41US21$IEEE1$IW$USESV6$~STKCKD$USESV7$~SHL$OTIME$ROPI$IEEEJ$EBA8$UX$STANDARDLIB$REQ8$PRES8$EABIv2 0x00000000   Number         0  anon$$obj.o ABSOLUTE
    __ARM_use_no_argv                        0x00000000   Number         0  main.o ABSOLUTE
    _printf_flags                            0x00000000   Number         0  printf_stubs.o ABSOLUTE
    _printf_return_value                     0x00000000   Number         0  printf_stubs.o ABSOLUTE
    _printf_sizespec                         0x00000000   Number         0  printf_stubs.o ABSOLUTE
    _printf_widthprec                        0x00000000   Number         0  printf_stubs.o ABSOLUTE
    __ARM_exceptions_init                     - Undefined Weak Reference
    __alloca_initialize                       - Undefined Weak Reference
    __arm_fini_                               - Undefined Weak Reference
    __arm_preinit_                            - Undefined Weak Reference
    __cpp_initialize__aeabi_                  - Undefined Weak Reference
    __cxa_finalize                            - Undefined Weak Reference
    __sigvec_lookup                           - Undefined Weak Reference
    _atexit_init                              - Undefined Weak Reference
    _call_atexit_fns                          - Undefined Weak Reference
    _clock_init                               - Undefined Weak Reference
    _fp_trap_init                             - Undefined Weak Reference
    _fp_trap_shutdown                         - Undefined Weak Reference
    _get_lc_collate                           - Undefined Weak Reference
    _get_lc_monetary                          - Undefined Weak Reference
    _get_lc_time                              - Undefined Weak Reference
    _getenv_init                              - Undefined Weak Reference
    _handle_redirection                       - Undefined Weak Reference
    _init_alloc                               - Undefined Weak Reference
    _init_user_alloc                          - Undefined Weak Reference
    _initio                                   - Undefined Weak Reference
    _printf_mbtowc                            - Undefined Weak Reference
    _printf_wc                                - Undefined Weak Reference
    _rand_init                                - Undefined Weak Reference
    _signal_finish                            - Undefined Weak Reference
    _signal_init                              - Undefined Weak Reference
    _terminate_alloc                          - Undefined Weak Reference
    _terminate_user_alloc                     - Undefined Weak Reference
    _terminateio                              - Undefined Weak Reference
    __Vectors_Size                           0x000001d8   Number         0  startup_stm32g474xx.o ABSOLUTE
    __Vectors                                0x08000000   Data           4  startup_stm32g474xx.o(RESET)
    __Vectors_End                            0x080001d8   Data           0  startup_stm32g474xx.o(RESET)
    __main                                   0x080001d9   Thumb Code     8  __main.o(!!!main)
    __scatterload                            0x080001e1   Thumb Code     0  __scatter.o(!!!scatter)
    __scatterload_rt2                        0x080001e1   Thumb Code    44  __scatter.o(!!!scatter)
    __scatterload_rt2_thumb_only             0x080001e1   Thumb Code     0  __scatter.o(!!!scatter)
    __scatterload_null                       0x080001ef   Thumb Code     0  __scatter.o(!!!scatter)
    __scatterload_copy                       0x08000215   Thumb Code    26  __scatter_copy.o(!!handler_copy)
    __scatterload_zeroinit                   0x08000231   Thumb Code    28  __scatter_zi.o(!!handler_zi)
    __rt_lib_init                            0x0800024d   Thumb Code     0  libinit.o(.ARM.Collect$$libinit$$00000000)
    __rt_lib_init_fp_1                       0x0800024f   Thumb Code     0  libinit2.o(.ARM.Collect$$libinit$$00000001)
    __rt_lib_init_alloca_1                   0x08000253   Thumb Code     0  libinit2.o(.ARM.Collect$$libinit$$0000002E)
    __rt_lib_init_argv_1                     0x08000253   Thumb Code     0  libinit2.o(.ARM.Collect$$libinit$$0000002C)
    __rt_lib_init_atexit_1                   0x08000253   Thumb Code     0  libinit2.o(.ARM.Collect$$libinit$$0000001B)
    __rt_lib_init_clock_1                    0x08000253   Thumb Code     0  libinit2.o(.ARM.Collect$$libinit$$00000021)
    __rt_lib_init_cpp_1                      0x08000253   Thumb Code     0  libinit2.o(.ARM.Collect$$libinit$$00000032)
    __rt_lib_init_exceptions_1               0x08000253   Thumb Code     0  libinit2.o(.ARM.Collect$$libinit$$00000030)
    __rt_lib_init_fp_trap_1                  0x08000253   Thumb Code     0  libinit2.o(.ARM.Collect$$libinit$$0000001F)
    __rt_lib_init_getenv_1                   0x08000253   Thumb Code     0  libinit2.o(.ARM.Collect$$libinit$$00000023)
    __rt_lib_init_heap_1                     0x08000253   Thumb Code     0  libinit2.o(.ARM.Collect$$libinit$$0000000A)
    __rt_lib_init_lc_collate_1               0x08000253   Thumb Code     0  libinit2.o(.ARM.Collect$$libinit$$00000011)
    __rt_lib_init_lc_ctype_1                 0x08000253   Thumb Code     0  libinit2.o(.ARM.Collect$$libinit$$00000013)
    __rt_lib_init_lc_monetary_1              0x08000253   Thumb Code     0  libinit2.o(.ARM.Collect$$libinit$$00000015)
    __rt_lib_init_lc_numeric_1               0x08000253   Thumb Code     0  libinit2.o(.ARM.Collect$$libinit$$00000017)
    __rt_lib_init_lc_time_1                  0x08000253   Thumb Code     0  libinit2.o(.ARM.Collect$$libinit$$00000019)
    __rt_lib_init_preinit_1                  0x08000253   Thumb Code     0  libinit2.o(.ARM.Collect$$libinit$$00000004)
    __rt_lib_init_rand_1                     0x08000253   Thumb Code     0  libinit2.o(.ARM.Collect$$libinit$$0000000E)
    __rt_lib_init_return                     0x08000253   Thumb Code     0  libinit2.o(.ARM.Collect$$libinit$$00000033)
    __rt_lib_init_signal_1                   0x08000253   Thumb Code     0  libinit2.o(.ARM.Collect$$libinit$$0000001D)
    __rt_lib_init_stdio_1                    0x08000253   Thumb Code     0  libinit2.o(.ARM.Collect$$libinit$$00000025)
    __rt_lib_init_user_alloc_1               0x08000253   Thumb Code     0  libinit2.o(.ARM.Collect$$libinit$$0000000C)
    __rt_lib_shutdown                        0x08000255   Thumb Code     0  libshutdown.o(.ARM.Collect$$libshutdown$$00000000)
    __rt_lib_shutdown_cpp_1                  0x08000257   Thumb Code     0  libshutdown2.o(.ARM.Collect$$libshutdown$$00000004)
    __rt_lib_shutdown_fini_1                 0x08000257   Thumb Code     0  libshutdown2.o(.ARM.Collect$$libshutdown$$00000002)
    __rt_lib_shutdown_fp_trap_1              0x08000257   Thumb Code     0  libshutdown2.o(.ARM.Collect$$libshutdown$$00000009)
    __rt_lib_shutdown_heap_1                 0x08000257   Thumb Code     0  libshutdown2.o(.ARM.Collect$$libshutdown$$00000011)
    __rt_lib_shutdown_return                 0x08000257   Thumb Code     0  libshutdown2.o(.ARM.Collect$$libshutdown$$00000012)
    __rt_lib_shutdown_signal_1               0x08000257   Thumb Code     0  libshutdown2.o(.ARM.Collect$$libshutdown$$0000000C)
    __rt_lib_shutdown_stdio_1                0x08000257   Thumb Code     0  libshutdown2.o(.ARM.Collect$$libshutdown$$00000006)
    __rt_lib_shutdown_user_alloc_1           0x08000257   Thumb Code     0  libshutdown2.o(.ARM.Collect$$libshutdown$$0000000E)
    __rt_entry                               0x08000259   Thumb Code     0  __rtentry.o(.ARM.Collect$$rtentry$$00000000)
    __rt_entry_presh_1                       0x08000259   Thumb Code     0  __rtentry2.o(.ARM.Collect$$rtentry$$00000002)
    __rt_entry_sh                            0x08000259   Thumb Code     0  __rtentry4.o(.ARM.Collect$$rtentry$$00000004)
    __rt_entry_li                            0x0800025f   Thumb Code     0  __rtentry2.o(.ARM.Collect$$rtentry$$0000000A)
    __rt_entry_postsh_1                      0x0800025f   Thumb Code     0  __rtentry2.o(.ARM.Collect$$rtentry$$00000009)
    __rt_entry_main                          0x08000263   Thumb Code     0  __rtentry2.o(.ARM.Collect$$rtentry$$0000000D)
    __rt_entry_postli_1                      0x08000263   Thumb Code     0  __rtentry2.o(.ARM.Collect$$rtentry$$0000000C)
    __rt_exit                                0x0800026b   Thumb Code     0  rtexit.o(.ARM.Collect$$rtexit$$00000000)
    __rt_exit_ls                             0x0800026d   Thumb Code     0  rtexit2.o(.ARM.Collect$$rtexit$$00000003)
    __rt_exit_prels_1                        0x0800026d   Thumb Code     0  rtexit2.o(.ARM.Collect$$rtexit$$00000002)
    __rt_exit_exit                           0x08000271   Thumb Code     0  rtexit2.o(.ARM.Collect$$rtexit$$00000004)
    SVC_Handler                              0x08000279   Thumb Code    28  port.o(.emb_text)
    __asm___6_port_c_39a90d8d__prvStartFirstTask 0x08000299   Thumb Code    36  port.o(.emb_text)
    __asm___6_port_c_39a90d8d__prvEnableVFP  0x080002c1   Thumb Code    16  port.o(.emb_text)
    PendSV_Handler                           0x080002d5   Thumb Code    88  port.o(.emb_text)
    vPortGetIPSR                             0x08000331   Thumb Code     6  port.o(.emb_text)
    Reset_Handler                            0x08000339   Thumb Code     8  startup_stm32g474xx.o(.text)
    ADC1_2_IRQHandler                        0x08000353   Thumb Code     0  startup_stm32g474xx.o(.text)
    ADC3_IRQHandler                          0x08000353   Thumb Code     0  startup_stm32g474xx.o(.text)
    ADC4_IRQHandler                          0x08000353   Thumb Code     0  startup_stm32g474xx.o(.text)
    ADC5_IRQHandler                          0x08000353   Thumb Code     0  startup_stm32g474xx.o(.text)
    COMP1_2_3_IRQHandler                     0x08000353   Thumb Code     0  startup_stm32g474xx.o(.text)
    COMP4_5_6_IRQHandler                     0x08000353   Thumb Code     0  startup_stm32g474xx.o(.text)
    COMP7_IRQHandler                         0x08000353   Thumb Code     0  startup_stm32g474xx.o(.text)
    CORDIC_IRQHandler                        0x08000353   Thumb Code     0  startup_stm32g474xx.o(.text)
    CRS_IRQHandler                           0x08000353   Thumb Code     0  startup_stm32g474xx.o(.text)
    DMA1_Channel3_IRQHandler                 0x08000353   Thumb Code     0  startup_stm32g474xx.o(.text)
    DMA1_Channel4_IRQHandler                 0x08000353   Thumb Code     0  startup_stm32g474xx.o(.text)
    DMA1_Channel5_IRQHandler                 0x08000353   Thumb Code     0  startup_stm32g474xx.o(.text)
    DMA1_Channel6_IRQHandler                 0x08000353   Thumb Code     0  startup_stm32g474xx.o(.text)
    DMA1_Channel7_IRQHandler                 0x08000353   Thumb Code     0  startup_stm32g474xx.o(.text)
    DMA1_Channel8_IRQHandler                 0x08000353   Thumb Code     0  startup_stm32g474xx.o(.text)
    DMA2_Channel1_IRQHandler                 0x08000353   Thumb Code     0  startup_stm32g474xx.o(.text)
    DMA2_Channel2_IRQHandler                 0x08000353   Thumb Code     0  startup_stm32g474xx.o(.text)
    DMA2_Channel3_IRQHandler                 0x08000353   Thumb Code     0  startup_stm32g474xx.o(.text)
    DMA2_Channel4_IRQHandler                 0x08000353   Thumb Code     0  startup_stm32g474xx.o(.text)
    DMA2_Channel5_IRQHandler                 0x08000353   Thumb Code     0  startup_stm32g474xx.o(.text)
    DMA2_Channel6_IRQHandler                 0x08000353   Thumb Code     0  startup_stm32g474xx.o(.text)
    DMA2_Channel7_IRQHandler                 0x08000353   Thumb Code     0  startup_stm32g474xx.o(.text)
    DMA2_Channel8_IRQHandler                 0x08000353   Thumb Code     0  startup_stm32g474xx.o(.text)
    DMAMUX_OVR_IRQHandler                    0x08000353   Thumb Code     0  startup_stm32g474xx.o(.text)
    EXTI0_IRQHandler                         0x08000353   Thumb Code     0  startup_stm32g474xx.o(.text)
    EXTI15_10_IRQHandler                     0x08000353   Thumb Code     0  startup_stm32g474xx.o(.text)
    EXTI1_IRQHandler                         0x08000353   Thumb Code     0  startup_stm32g474xx.o(.text)
    EXTI2_IRQHandler                         0x08000353   Thumb Code     0  startup_stm32g474xx.o(.text)
    EXTI3_IRQHandler                         0x08000353   Thumb Code     0  startup_stm32g474xx.o(.text)
    EXTI4_IRQHandler                         0x08000353   Thumb Code     0  startup_stm32g474xx.o(.text)
    EXTI9_5_IRQHandler                       0x08000353   Thumb Code     0  startup_stm32g474xx.o(.text)
    FDCAN1_IT0_IRQHandler                    0x08000353   Thumb Code     0  startup_stm32g474xx.o(.text)
    FDCAN1_IT1_IRQHandler                    0x08000353   Thumb Code     0  startup_stm32g474xx.o(.text)
    FDCAN2_IT0_IRQHandler                    0x08000353   Thumb Code     0  startup_stm32g474xx.o(.text)
    FDCAN2_IT1_IRQHandler                    0x08000353   Thumb Code     0  startup_stm32g474xx.o(.text)
    FDCAN3_IT0_IRQHandler                    0x08000353   Thumb Code     0  startup_stm32g474xx.o(.text)
    FDCAN3_IT1_IRQHandler                    0x08000353   Thumb Code     0  startup_stm32g474xx.o(.text)
    FLASH_IRQHandler                         0x08000353   Thumb Code     0  startup_stm32g474xx.o(.text)
    FMAC_IRQHandler                          0x08000353   Thumb Code     0  startup_stm32g474xx.o(.text)
    FMC_IRQHandler                           0x08000353   Thumb Code     0  startup_stm32g474xx.o(.text)
    FPU_IRQHandler                           0x08000353   Thumb Code     0  startup_stm32g474xx.o(.text)
    HRTIM1_FLT_IRQHandler                    0x08000353   Thumb Code     0  startup_stm32g474xx.o(.text)
    HRTIM1_Master_IRQHandler                 0x08000353   Thumb Code     0  startup_stm32g474xx.o(.text)
    HRTIM1_TIMA_IRQHandler                   0x08000353   Thumb Code     0  startup_stm32g474xx.o(.text)
    HRTIM1_TIMB_IRQHandler                   0x08000353   Thumb Code     0  startup_stm32g474xx.o(.text)
    HRTIM1_TIMC_IRQHandler                   0x08000353   Thumb Code     0  startup_stm32g474xx.o(.text)
    HRTIM1_TIMD_IRQHandler                   0x08000353   Thumb Code     0  startup_stm32g474xx.o(.text)
    HRTIM1_TIME_IRQHandler                   0x08000353   Thumb Code     0  startup_stm32g474xx.o(.text)
    HRTIM1_TIMF_IRQHandler                   0x08000353   Thumb Code     0  startup_stm32g474xx.o(.text)
    I2C1_ER_IRQHandler                       0x08000353   Thumb Code     0  startup_stm32g474xx.o(.text)
    I2C1_EV_IRQHandler                       0x08000353   Thumb Code     0  startup_stm32g474xx.o(.text)
    I2C2_ER_IRQHandler                       0x08000353   Thumb Code     0  startup_stm32g474xx.o(.text)
    I2C2_EV_IRQHandler                       0x08000353   Thumb Code     0  startup_stm32g474xx.o(.text)
    I2C3_ER_IRQHandler                       0x08000353   Thumb Code     0  startup_stm32g474xx.o(.text)
    I2C3_EV_IRQHandler                       0x08000353   Thumb Code     0  startup_stm32g474xx.o(.text)
    I2C4_ER_IRQHandler                       0x08000353   Thumb Code     0  startup_stm32g474xx.o(.text)
    I2C4_EV_IRQHandler                       0x08000353   Thumb Code     0  startup_stm32g474xx.o(.text)
    LPTIM1_IRQHandler                        0x08000353   Thumb Code     0  startup_stm32g474xx.o(.text)
    LPUART1_IRQHandler                       0x08000353   Thumb Code     0  startup_stm32g474xx.o(.text)
    PVD_PVM_IRQHandler                       0x08000353   Thumb Code     0  startup_stm32g474xx.o(.text)
    QUADSPI_IRQHandler                       0x08000353   Thumb Code     0  startup_stm32g474xx.o(.text)
    RCC_IRQHandler                           0x08000353   Thumb Code     0  startup_stm32g474xx.o(.text)
    RNG_IRQHandler                           0x08000353   Thumb Code     0  startup_stm32g474xx.o(.text)
    RTC_Alarm_IRQHandler                     0x08000353   Thumb Code     0  startup_stm32g474xx.o(.text)
    RTC_TAMP_LSECSS_IRQHandler               0x08000353   Thumb Code     0  startup_stm32g474xx.o(.text)
    RTC_WKUP_IRQHandler                      0x08000353   Thumb Code     0  startup_stm32g474xx.o(.text)
    SAI1_IRQHandler                          0x08000353   Thumb Code     0  startup_stm32g474xx.o(.text)
    SPI1_IRQHandler                          0x08000353   Thumb Code     0  startup_stm32g474xx.o(.text)
    SPI2_IRQHandler                          0x08000353   Thumb Code     0  startup_stm32g474xx.o(.text)
    SPI4_IRQHandler                          0x08000353   Thumb Code     0  startup_stm32g474xx.o(.text)
    TIM1_BRK_TIM15_IRQHandler                0x08000353   Thumb Code     0  startup_stm32g474xx.o(.text)
    TIM1_CC_IRQHandler                       0x08000353   Thumb Code     0  startup_stm32g474xx.o(.text)
    TIM1_TRG_COM_TIM17_IRQHandler            0x08000353   Thumb Code     0  startup_stm32g474xx.o(.text)
    TIM1_UP_TIM16_IRQHandler                 0x08000353   Thumb Code     0  startup_stm32g474xx.o(.text)
    TIM20_BRK_IRQHandler                     0x08000353   Thumb Code     0  startup_stm32g474xx.o(.text)
    TIM20_CC_IRQHandler                      0x08000353   Thumb Code     0  startup_stm32g474xx.o(.text)
    TIM20_TRG_COM_IRQHandler                 0x08000353   Thumb Code     0  startup_stm32g474xx.o(.text)
    TIM20_UP_IRQHandler                      0x08000353   Thumb Code     0  startup_stm32g474xx.o(.text)
    TIM2_IRQHandler                          0x08000353   Thumb Code     0  startup_stm32g474xx.o(.text)
    TIM3_IRQHandler                          0x08000353   Thumb Code     0  startup_stm32g474xx.o(.text)
    TIM4_IRQHandler                          0x08000353   Thumb Code     0  startup_stm32g474xx.o(.text)
    TIM5_IRQHandler                          0x08000353   Thumb Code     0  startup_stm32g474xx.o(.text)
    TIM6_DAC_IRQHandler                      0x08000353   Thumb Code     0  startup_stm32g474xx.o(.text)
    TIM8_BRK_IRQHandler                      0x08000353   Thumb Code     0  startup_stm32g474xx.o(.text)
    TIM8_CC_IRQHandler                       0x08000353   Thumb Code     0  startup_stm32g474xx.o(.text)
    TIM8_TRG_COM_IRQHandler                  0x08000353   Thumb Code     0  startup_stm32g474xx.o(.text)
    TIM8_UP_IRQHandler                       0x08000353   Thumb Code     0  startup_stm32g474xx.o(.text)
    UART4_IRQHandler                         0x08000353   Thumb Code     0  startup_stm32g474xx.o(.text)
    UART5_IRQHandler                         0x08000353   Thumb Code     0  startup_stm32g474xx.o(.text)
    UCPD1_IRQHandler                         0x08000353   Thumb Code     0  startup_stm32g474xx.o(.text)
    USART1_IRQHandler                        0x08000353   Thumb Code     0  startup_stm32g474xx.o(.text)
    USART2_IRQHandler                        0x08000353   Thumb Code     0  startup_stm32g474xx.o(.text)
    USART3_IRQHandler                        0x08000353   Thumb Code     0  startup_stm32g474xx.o(.text)
    USBWakeUp_IRQHandler                     0x08000353   Thumb Code     0  startup_stm32g474xx.o(.text)
    USB_HP_IRQHandler                        0x08000353   Thumb Code     0  startup_stm32g474xx.o(.text)
    USB_LP_IRQHandler                        0x08000353   Thumb Code     0  startup_stm32g474xx.o(.text)
    WWDG_IRQHandler                          0x08000353   Thumb Code     0  startup_stm32g474xx.o(.text)
    __user_initial_stackheap                 0x08000355   Thumb Code     0  startup_stm32g474xx.o(.text)
    __aeabi_uldivmod                         0x08000379   Thumb Code     0  lludivv7m.o(.text)
    _ll_udiv                                 0x08000379   Thumb Code   238  lludivv7m.o(.text)
    __aeabi_memcpy                           0x08000467   Thumb Code     0  rt_memcpy_v6.o(.text)
    __rt_memcpy                              0x08000467   Thumb Code   138  rt_memcpy_v6.o(.text)
    _memcpy_lastbytes                        0x080004cd   Thumb Code     0  rt_memcpy_v6.o(.text)
    __aeabi_memcpy4                          0x080004f1   Thumb Code     0  rt_memcpy_w.o(.text)
    __aeabi_memcpy8                          0x080004f1   Thumb Code     0  rt_memcpy_w.o(.text)
    __rt_memcpy_w                            0x080004f1   Thumb Code   100  rt_memcpy_w.o(.text)
    _memcpy_lastbytes_aligned                0x08000539   Thumb Code     0  rt_memcpy_w.o(.text)
    __aeabi_memclr4                          0x08000555   Thumb Code     0  rt_memclr_w.o(.text)
    __aeabi_memclr8                          0x08000555   Thumb Code     0  rt_memclr_w.o(.text)
    __rt_memclr_w                            0x08000555   Thumb Code    78  rt_memclr_w.o(.text)
    _memset_w                                0x08000559   Thumb Code     0  rt_memclr_w.o(.text)
    __use_two_region_memory                  0x080005a3   Thumb Code     2  heapauxi.o(.text)
    __rt_heap_escrow$2region                 0x080005a5   Thumb Code     2  heapauxi.o(.text)
    __rt_heap_expand$2region                 0x080005a7   Thumb Code     2  heapauxi.o(.text)
    __user_setup_stackheap                   0x080005a9   Thumb Code    74  sys_stackheap_outer.o(.text)
    exit                                     0x080005f3   Thumb Code    18  exit.o(.text)
    __user_libspace                          0x08000605   Thumb Code     8  libspace.o(.text)
    __user_perproc_libspace                  0x08000605   Thumb Code     0  libspace.o(.text)
    __user_perthread_libspace                0x08000605   Thumb Code     0  libspace.o(.text)
    _sys_exit                                0x0800060d   Thumb Code     8  sys_exit.o(.text)
    __I$use$semihosting                      0x08000619   Thumb Code     0  use_no_semi.o(.text)
    __use_no_semihosting_swi                 0x08000619   Thumb Code     2  use_no_semi.o(.text)
    __semihosting_library_function           0x0800061b   Thumb Code     0  indicate_semi.o(.text)
    ADC_Init                                 0x0800061d   Thumb Code   126  adc_user.o(i.ADC_Init)
    BusFault_Handler                         0x080006ad   Thumb Code     2  stm32g4xx_it.o(i.BusFault_Handler)
    Callback01                               0x080006af   Thumb Code     2  app_freertos.o(i.Callback01)
    Callback02                               0x080006b1   Thumb Code     2  app_freertos.o(i.Callback02)
    Callback03                               0x080006b3   Thumb Code     2  app_freertos.o(i.Callback03)
    DAC_update                               0x080006b5   Thumb Code    70  dac_user.o(i.DAC_update)
    DMA1_Channel1_IRQHandler                 0x08000705   Thumb Code     6  stm32g4xx_it.o(i.DMA1_Channel1_IRQHandler)
    DMA1_Channel2_IRQHandler                 0x08000711   Thumb Code     6  stm32g4xx_it.o(i.DMA1_Channel2_IRQHandler)
    DebugMon_Handler                         0x080007cf   Thumb Code     2  stm32g4xx_it.o(i.DebugMon_Handler)
    Error_Handler                            0x080007d1   Thumb Code     4  main.o(i.Error_Handler)
    HAL_DMA_Abort_IT                         0x080007d5   Thumb Code   118  stm32g4xx_hal_dma.o(i.HAL_DMA_Abort_IT)
    HAL_DMA_IRQHandler                       0x0800084b   Thumb Code   204  stm32g4xx_hal_dma.o(i.HAL_DMA_IRQHandler)
    HAL_DMA_Init                             0x08000919   Thumb Code   184  stm32g4xx_hal_dma.o(i.HAL_DMA_Init)
    HAL_DMA_Start_IT                         0x080009dd   Thumb Code   144  stm32g4xx_hal_dma.o(i.HAL_DMA_Start_IT)
    HAL_Delay                                0x08000a6d   Thumb Code    32  stm32g4xx_hal.o(i.HAL_Delay)
    HAL_GPIO_Init                            0x08000a91   Thumb Code   406  stm32g4xx_hal_gpio.o(i.HAL_GPIO_Init)
    HAL_GPIO_WritePin                        0x08000c49   Thumb Code    12  stm32g4xx_hal_gpio.o(i.HAL_GPIO_WritePin)
    HAL_GetTick                              0x08000c55   Thumb Code     6  stm32g4xx_hal.o(i.HAL_GetTick)
    HAL_IncTick                              0x08000c61   Thumb Code    12  stm32g4xx_hal.o(i.HAL_IncTick)
    HAL_Init                                 0x08000c71   Thumb Code    30  stm32g4xx_hal.o(i.HAL_Init)
    HAL_InitTick                             0x08000c91   Thumb Code   116  stm32g4xx_hal_timebase_tim.o(i.HAL_InitTick)
    HAL_MspInit                              0x08000d19   Thumb Code    54  stm32g4xx_hal_msp.o(i.HAL_MspInit)
    HAL_NVIC_EnableIRQ                       0x08000d55   Thumb Code    26  stm32g4xx_hal_cortex.o(i.HAL_NVIC_EnableIRQ)
    HAL_NVIC_SetPriority                     0x08000d71   Thumb Code    60  stm32g4xx_hal_cortex.o(i.HAL_NVIC_SetPriority)
    HAL_NVIC_SetPriorityGrouping             0x08000db1   Thumb Code    26  stm32g4xx_hal_cortex.o(i.HAL_NVIC_SetPriorityGrouping)
    HAL_PWREx_ControlVoltageScaling          0x08000dd5   Thumb Code   190  stm32g4xx_hal_pwr_ex.o(i.HAL_PWREx_ControlVoltageScaling)
    HAL_PWREx_DisableUCPDDeadBattery         0x08000ea1   Thumb Code    12  stm32g4xx_hal_pwr_ex.o(i.HAL_PWREx_DisableUCPDDeadBattery)
    HAL_RCCEx_PeriphCLKConfig                0x08000eb1   Thumb Code   776  stm32g4xx_hal_rcc_ex.o(i.HAL_RCCEx_PeriphCLKConfig)
    HAL_RCC_ClockConfig                      0x080011c1   Thumb Code   432  stm32g4xx_hal_rcc.o(i.HAL_RCC_ClockConfig)
    HAL_RCC_GetClockConfig                   0x08001389   Thumb Code    52  stm32g4xx_hal_rcc.o(i.HAL_RCC_GetClockConfig)
    HAL_RCC_GetHCLKFreq                      0x080013c5   Thumb Code     6  stm32g4xx_hal_rcc.o(i.HAL_RCC_GetHCLKFreq)
    HAL_RCC_GetPCLK1Freq                     0x080013d1   Thumb Code    26  stm32g4xx_hal_rcc.o(i.HAL_RCC_GetPCLK1Freq)
    HAL_RCC_GetPCLK2Freq                     0x080013f5   Thumb Code    26  stm32g4xx_hal_rcc.o(i.HAL_RCC_GetPCLK2Freq)
    HAL_RCC_GetSysClockFreq                  0x08001419   Thumb Code   106  stm32g4xx_hal_rcc.o(i.HAL_RCC_GetSysClockFreq)
    HAL_RCC_OscConfig                        0x0800148d   Thumb Code  1104  stm32g4xx_hal_rcc.o(i.HAL_RCC_OscConfig)
    HAL_SPI_ErrorCallback                    0x080018dd   Thumb Code     2  stm32g4xx_hal_spi.o(i.HAL_SPI_ErrorCallback)
    HAL_SPI_IRQHandler                       0x080018e1   Thumb Code   254  stm32g4xx_hal_spi.o(i.HAL_SPI_IRQHandler)
    HAL_SPI_Init                             0x080019e5   Thumb Code   236  stm32g4xx_hal_spi.o(i.HAL_SPI_Init)
    HAL_SPI_MspInit                          0x08001ad1   Thumb Code   294  spi.o(i.HAL_SPI_MspInit)
    HAL_SPI_RxCpltCallback                   0x08001c11   Thumb Code     2  stm32g4xx_hal_spi.o(i.HAL_SPI_RxCpltCallback)
    HAL_SPI_RxHalfCpltCallback               0x08001c13   Thumb Code     2  stm32g4xx_hal_spi.o(i.HAL_SPI_RxHalfCpltCallback)
    HAL_SPI_Transmit                         0x08001c15   Thumb Code   452  stm32g4xx_hal_spi.o(i.HAL_SPI_Transmit)
    HAL_SPI_TransmitReceive_DMA              0x08001dd9   Thumb Code   444  stm32g4xx_hal_spi.o(i.HAL_SPI_TransmitReceive_DMA)
    HAL_SPI_TxRxCpltCallback                 0x08001fa9   Thumb Code    52  main.o(i.HAL_SPI_TxRxCpltCallback)
    HAL_SPI_TxRxHalfCpltCallback             0x08001ff1   Thumb Code     2  stm32g4xx_hal_spi.o(i.HAL_SPI_TxRxHalfCpltCallback)
    HAL_TIMEx_Break2Callback                 0x08001ff3   Thumb Code     2  stm32g4xx_hal_tim_ex.o(i.HAL_TIMEx_Break2Callback)
    HAL_TIMEx_BreakCallback                  0x08001ff5   Thumb Code     2  stm32g4xx_hal_tim_ex.o(i.HAL_TIMEx_BreakCallback)
    HAL_TIMEx_CommutCallback                 0x08001ff7   Thumb Code     2  stm32g4xx_hal_tim_ex.o(i.HAL_TIMEx_CommutCallback)
    HAL_TIMEx_DirectionChangeCallback        0x08001ff9   Thumb Code     2  stm32g4xx_hal_tim_ex.o(i.HAL_TIMEx_DirectionChangeCallback)
    HAL_TIMEx_EncoderIndexCallback           0x08001ffb   Thumb Code     2  stm32g4xx_hal_tim_ex.o(i.HAL_TIMEx_EncoderIndexCallback)
    HAL_TIMEx_IndexErrorCallback             0x08001ffd   Thumb Code     2  stm32g4xx_hal_tim_ex.o(i.HAL_TIMEx_IndexErrorCallback)
    HAL_TIMEx_TransitionErrorCallback        0x08001fff   Thumb Code     2  stm32g4xx_hal_tim_ex.o(i.HAL_TIMEx_TransitionErrorCallback)
    HAL_TIM_Base_Init                        0x08002001   Thumb Code    78  stm32g4xx_hal_tim.o(i.HAL_TIM_Base_Init)
    HAL_TIM_Base_MspInit                     0x0800204f   Thumb Code     2  stm32g4xx_hal_tim.o(i.HAL_TIM_Base_MspInit)
    HAL_TIM_Base_Start_IT                    0x08002051   Thumb Code   116  stm32g4xx_hal_tim.o(i.HAL_TIM_Base_Start_IT)
    HAL_TIM_IC_CaptureCallback               0x080020e5   Thumb Code     2  stm32g4xx_hal_tim.o(i.HAL_TIM_IC_CaptureCallback)
    HAL_TIM_IRQHandler                       0x080020e7   Thumb Code   426  stm32g4xx_hal_tim.o(i.HAL_TIM_IRQHandler)
    HAL_TIM_OC_DelayElapsedCallback          0x08002291   Thumb Code     2  stm32g4xx_hal_tim.o(i.HAL_TIM_OC_DelayElapsedCallback)
    HAL_TIM_PWM_PulseFinishedCallback        0x08002293   Thumb Code     2  stm32g4xx_hal_tim.o(i.HAL_TIM_PWM_PulseFinishedCallback)
    HAL_TIM_PeriodElapsedCallback            0x08002295   Thumb Code    14  main.o(i.HAL_TIM_PeriodElapsedCallback)
    HAL_TIM_TriggerCallback                  0x080022a9   Thumb Code     2  stm32g4xx_hal_tim.o(i.HAL_TIM_TriggerCallback)
    HAL_UARTEx_DisableFifoMode               0x080022ab   Thumb Code    62  stm32g4xx_hal_uart_ex.o(i.HAL_UARTEx_DisableFifoMode)
    HAL_UARTEx_SetRxFifoThreshold            0x080022e9   Thumb Code    76  stm32g4xx_hal_uart_ex.o(i.HAL_UARTEx_SetRxFifoThreshold)
    HAL_UARTEx_SetTxFifoThreshold            0x08002335   Thumb Code    76  stm32g4xx_hal_uart_ex.o(i.HAL_UARTEx_SetTxFifoThreshold)
    HAL_UART_Init                            0x08002381   Thumb Code   112  stm32g4xx_hal_uart.o(i.HAL_UART_Init)
    HAL_UART_MspInit                         0x080023f1   Thumb Code   112  usart.o(i.HAL_UART_MspInit)
    HardFault_Handler                        0x0800246d   Thumb Code     2  stm32g4xx_it.o(i.HardFault_Handler)
    MX_DMA_Init                              0x08002471   Thumb Code    72  dma.o(i.MX_DMA_Init)
    MX_FREERTOS_Init                         0x080024bd   Thumb Code   170  app_freertos.o(i.MX_FREERTOS_Init)
    MX_GPIO_Init                             0x08002571   Thumb Code   568  gpio.o(i.MX_GPIO_Init)
    MX_SPI1_Init                             0x080027c5   Thumb Code    72  spi.o(i.MX_SPI1_Init)
    MX_SPI3_Init                             0x08002815   Thumb Code    62  spi.o(i.MX_SPI3_Init)
    MX_USART1_UART_Init                      0x0800285d   Thumb Code    94  usart.o(i.MX_USART1_UART_Init)
    MemManage_Handler                        0x080028c5   Thumb Code     2  stm32g4xx_it.o(i.MemManage_Handler)
    NMI_Handler                              0x080028c7   Thumb Code     2  stm32g4xx_it.o(i.NMI_Handler)
    SPI3_IRQHandler                          0x08002919   Thumb Code     6  stm32g4xx_it.o(i.SPI3_IRQHandler)
    StartDefaultTask                         0x08002cb9   Thumb Code    44  app_freertos.o(i.StartDefaultTask)
    StartTask02                              0x08002ce9   Thumb Code     2  app_freertos.o(i.StartTask02)
    StartTask03                              0x08002ceb   Thumb Code     2  app_freertos.o(i.StartTask03)
    StartTask04                              0x08002ced   Thumb Code     8  app_freertos.o(i.StartTask04)
    StartTask05                              0x08002cf5   Thumb Code     8  app_freertos.o(i.StartTask05)
    SysTick_Handler                          0x08002cfd   Thumb Code    38  port.o(i.SysTick_Handler)
    SystemClock_Config                       0x08002d29   Thumb Code   100  main.o(i.SystemClock_Config)
    SystemInit                               0x08002d8d   Thumb Code    12  system_stm32g4xx.o(i.SystemInit)
    TIM7_DAC_IRQHandler                      0x08002d9d   Thumb Code     6  stm32g4xx_it.o(i.TIM7_DAC_IRQHandler)
    TIM_Base_SetConfig                       0x08002da9   Thumb Code   184  stm32g4xx_hal_tim.o(i.TIM_Base_SetConfig)
    UART_AdvFeatureConfig                    0x08002ecd   Thumb Code   200  stm32g4xx_hal_uart.o(i.UART_AdvFeatureConfig)
    UART_CheckIdleState                      0x08002f95   Thumb Code   170  stm32g4xx_hal_uart.o(i.UART_CheckIdleState)
    UART_SetConfig                           0x08003095   Thumb Code   734  stm32g4xx_hal_uart.o(i.UART_SetConfig)
    UART_WaitOnFlagUntilTimeout              0x080033a5   Thumb Code   152  stm32g4xx_hal_uart.o(i.UART_WaitOnFlagUntilTimeout)
    UsageFault_Handler                       0x0800343d   Thumb Code     2  stm32g4xx_it.o(i.UsageFault_Handler)
    main                                     0x08003461   Thumb Code    94  main.o(i.main)
    osDelay                                  0x080034d5   Thumb Code    16  cmsis_os.o(i.osDelay)
    osKernelStart                            0x080034e5   Thumb Code    10  cmsis_os.o(i.osKernelStart)
    osThreadCreate                           0x080034ef   Thumb Code    46  cmsis_os.o(i.osThreadCreate)
    osTimerCreate                            0x0800351d   Thumb Code    28  cmsis_os.o(i.osTimerCreate)
    pvPortMalloc                             0x08003d55   Thumb Code   214  heap_4.o(i.pvPortMalloc)
    pxPortInitialiseStack                    0x08003e31   Thumb Code    30  port.o(i.pxPortInitialiseStack)
    uxListRemove                             0x08003e55   Thumb Code    38  list.o(i.uxListRemove)
    vListInitialise                          0x08003e7b   Thumb Code    22  list.o(i.vListInitialise)
    vListInitialiseItem                      0x08003e91   Thumb Code     6  list.o(i.vListInitialiseItem)
    vListInsert                              0x08003e97   Thumb Code    48  list.o(i.vListInsert)
    vListInsertEnd                           0x08003ec7   Thumb Code    24  list.o(i.vListInsertEnd)
    vPortEnterCritical                       0x08003ee1   Thumb Code    54  port.o(i.vPortEnterCritical)
    vPortExitCritical                        0x08003f21   Thumb Code    38  port.o(i.vPortExitCritical)
    vPortFree                                0x08003f4d   Thumb Code    94  heap_4.o(i.vPortFree)
    vPortSetupTimerInterrupt                 0x08003fb1   Thumb Code    32  port.o(i.vPortSetupTimerInterrupt)
    vPortValidateInterruptPriority           0x08003fd5   Thumb Code    74  port.o(i.vPortValidateInterruptPriority)
    vQueueAddToRegistry                      0x08004029   Thumb Code    32  queue.o(i.vQueueAddToRegistry)
    vQueueWaitForMessageRestricted           0x0800404d   Thumb Code    70  queue.o(i.vQueueWaitForMessageRestricted)
    vTaskDelay                               0x08004095   Thumb Code    70  tasks.o(i.vTaskDelay)
    vTaskInternalSetTimeOutState             0x080040e5   Thumb Code    12  tasks.o(i.vTaskInternalSetTimeOutState)
    vTaskMissedYield                         0x080040f5   Thumb Code     8  tasks.o(i.vTaskMissedYield)
    vTaskPlaceOnEventList                    0x08004101   Thumb Code    46  tasks.o(i.vTaskPlaceOnEventList)
    vTaskPlaceOnEventListRestricted          0x08004135   Thumb Code    54  tasks.o(i.vTaskPlaceOnEventListRestricted)
    vTaskStartScheduler                      0x08004171   Thumb Code    94  tasks.o(i.vTaskStartScheduler)
    vTaskSuspendAll                          0x080041e1   Thumb Code    10  tasks.o(i.vTaskSuspendAll)
    vTaskSwitchContext                       0x080041f1   Thumb Code    86  tasks.o(i.vTaskSwitchContext)
    xPortStartScheduler                      0x08004251   Thumb Code   222  port.o(i.xPortStartScheduler)
    xQueueGenericCreate                      0x08004345   Thumb Code    62  queue.o(i.xQueueGenericCreate)
    xQueueGenericReset                       0x08004385   Thumb Code   134  queue.o(i.xQueueGenericReset)
    xQueueGenericSend                        0x08004411   Thumb Code   352  queue.o(i.xQueueGenericSend)
    xQueueGenericSendFromISR                 0x08004575   Thumb Code   192  queue.o(i.xQueueGenericSendFromISR)
    xQueueReceive                            0x08004635   Thumb Code   310  queue.o(i.xQueueReceive)
    xTaskCheckForTimeOut                     0x08004771   Thumb Code   118  tasks.o(i.xTaskCheckForTimeOut)
    xTaskCreate                              0x080047ed   Thumb Code    96  tasks.o(i.xTaskCreate)
    xTaskGetSchedulerState                   0x0800484d   Thumb Code    24  tasks.o(i.xTaskGetSchedulerState)
    xTaskGetTickCount                        0x08004869   Thumb Code     6  tasks.o(i.xTaskGetTickCount)
    xTaskIncrementTick                       0x08004875   Thumb Code   198  tasks.o(i.xTaskIncrementTick)
    xTaskPriorityDisinherit                  0x08004945   Thumb Code   144  tasks.o(i.xTaskPriorityDisinherit)
    xTaskRemoveFromEventList                 0x080049dd   Thumb Code   114  tasks.o(i.xTaskRemoveFromEventList)
    xTaskResumeAll                           0x08004a59   Thumb Code   192  tasks.o(i.xTaskResumeAll)
    xTimerCreate                             0x08004b25   Thumb Code    52  timers.o(i.xTimerCreate)
    xTimerCreateTimerTask                    0x08004b59   Thumb Code    60  timers.o(i.xTimerCreateTimerTask)
    xTimerGenericCommand                     0x08004ba5   Thumb Code    98  timers.o(i.xTimerGenericCommand)
    _fp_init                                 0x08004c0d   Thumb Code    10  fpinit.o(x$fpl$fpinit)
    __fplib_config_fpu_vfp                   0x08004c15   Thumb Code     0  fpinit.o(x$fpl$fpinit)
    __fplib_config_pureend_doubles           0x08004c15   Thumb Code     0  fpinit.o(x$fpl$fpinit)
    UARTPrescTable                           0x08004c88   Data          24  stm32g4xx_hal_uart.o(.constdata)
    AHBPrescTable                            0x08004cb0   Data          16  system_stm32g4xx.o(.constdata)
    APBPrescTable                            0x08004cc0   Data           8  system_stm32g4xx.o(.constdata)
    Region$$Table$$Base                      0x08004d04   Number         0  anon$$obj.o(Region$$Table)
    Region$$Table$$Limit                     0x08004d24   Number         0  anon$$obj.o(Region$$Table)
    FPGA_rx_flag                             0x20000000   Data           1  main.o(.data)
    defaultTaskHandle                        0x20000004   Data           4  app_freertos.o(.data)
    myTask02Handle                           0x20000008   Data           4  app_freertos.o(.data)
    myTask03Handle                           0x2000000c   Data           4  app_freertos.o(.data)
    myTask04Handle                           0x20000010   Data           4  app_freertos.o(.data)
    myTask05Handle                           0x20000014   Data           4  app_freertos.o(.data)
    myTimer01Handle                          0x20000018   Data           4  app_freertos.o(.data)
    myTimer02Handle                          0x2000001c   Data           4  app_freertos.o(.data)
    myTimer03Handle                          0x20000020   Data           4  app_freertos.o(.data)
    uwTickPrio                               0x20000024   Data           4  stm32g4xx_hal.o(.data)
    uwTickFreq                               0x20000028   Data           4  stm32g4xx_hal.o(.data)
    uwTick                                   0x2000002c   Data           4  stm32g4xx_hal.o(.data)
    SystemCoreClock                          0x20000030   Data           4  system_stm32g4xx.o(.data)
    pxCurrentTCB                             0x20000034   Data           4  tasks.o(.data)
    FPGA_tx_buff                             0x200000b0   Data        1024  main.o(.bss)
    FPGA_rx_buff                             0x200004b0   Data         256  main.o(.bss)
    FPGA_buff                                0x200005b0   Data         256  main.o(.bss)
    hspi1                                    0x200006b0   Data         100  spi.o(.bss)
    hspi3                                    0x20000714   Data         100  spi.o(.bss)
    hdma_spi3_tx                             0x20000778   Data          96  spi.o(.bss)
    hdma_spi3_rx                             0x200007d8   Data          96  spi.o(.bss)
    huart1                                   0x20000838   Data         148  usart.o(.bss)
    htim7                                    0x200008cc   Data          76  stm32g4xx_hal_timebase_tim.o(.bss)
    xQueueRegistry                           0x20000918   Data          64  queue.o(.bss)
    __libspace_start                         0x20005a70   Data          96  libspace.o(.bss)
    __temporary_stack_top$libspace           0x20005ad0   Data           0  libspace.o(.bss)



==============================================================================

Memory Map of the image

  Image Entry point : 0x080001d9

  Load Region LR_IROM1 (Base: 0x08000000, Size: 0x00004dd4, Max: 0x00020000, ABSOLUTE)

    Execution Region ER_IROM1 (Exec base: 0x08000000, Load base: 0x08000000, Size: 0x00004d24, Max: 0x00020000, ABSOLUTE)

    Exec Addr    Load Addr    Size         Type   Attr      Idx    E Section Name        Object

    0x08000000   0x08000000   0x000001d8   Data   RO            3    RESET               startup_stm32g474xx.o
    0x080001d8   0x080001d8   0x00000008   Code   RO         6133  * !!!main             c_w.l(__main.o)
    0x080001e0   0x080001e0   0x00000034   Code   RO         6468    !!!scatter          c_w.l(__scatter.o)
    0x08000214   0x08000214   0x0000001a   Code   RO         6470    !!handler_copy      c_w.l(__scatter_copy.o)
    0x0800022e   0x0800022e   0x00000002   PAD
    0x08000230   0x08000230   0x0000001c   Code   RO         6472    !!handler_zi        c_w.l(__scatter_zi.o)
    0x0800024c   0x0800024c   0x00000002   Code   RO         6326    .ARM.Collect$$libinit$$00000000  c_w.l(libinit.o)
    0x0800024e   0x0800024e   0x00000004   Code   RO         6348    .ARM.Collect$$libinit$$00000001  c_w.l(libinit2.o)
    0x08000252   0x08000252   0x00000000   Code   RO         6351    .ARM.Collect$$libinit$$00000004  c_w.l(libinit2.o)
    0x08000252   0x08000252   0x00000000   Code   RO         6354    .ARM.Collect$$libinit$$0000000A  c_w.l(libinit2.o)
    0x08000252   0x08000252   0x00000000   Code   RO         6356    .ARM.Collect$$libinit$$0000000C  c_w.l(libinit2.o)
    0x08000252   0x08000252   0x00000000   Code   RO         6358    .ARM.Collect$$libinit$$0000000E  c_w.l(libinit2.o)
    0x08000252   0x08000252   0x00000000   Code   RO         6361    .ARM.Collect$$libinit$$00000011  c_w.l(libinit2.o)
    0x08000252   0x08000252   0x00000000   Code   RO         6363    .ARM.Collect$$libinit$$00000013  c_w.l(libinit2.o)
    0x08000252   0x08000252   0x00000000   Code   RO         6365    .ARM.Collect$$libinit$$00000015  c_w.l(libinit2.o)
    0x08000252   0x08000252   0x00000000   Code   RO         6367    .ARM.Collect$$libinit$$00000017  c_w.l(libinit2.o)
    0x08000252   0x08000252   0x00000000   Code   RO         6369    .ARM.Collect$$libinit$$00000019  c_w.l(libinit2.o)
    0x08000252   0x08000252   0x00000000   Code   RO         6371    .ARM.Collect$$libinit$$0000001B  c_w.l(libinit2.o)
    0x08000252   0x08000252   0x00000000   Code   RO         6373    .ARM.Collect$$libinit$$0000001D  c_w.l(libinit2.o)
    0x08000252   0x08000252   0x00000000   Code   RO         6375    .ARM.Collect$$libinit$$0000001F  c_w.l(libinit2.o)
    0x08000252   0x08000252   0x00000000   Code   RO         6377    .ARM.Collect$$libinit$$00000021  c_w.l(libinit2.o)
    0x08000252   0x08000252   0x00000000   Code   RO         6379    .ARM.Collect$$libinit$$00000023  c_w.l(libinit2.o)
    0x08000252   0x08000252   0x00000000   Code   RO         6381    .ARM.Collect$$libinit$$00000025  c_w.l(libinit2.o)
    0x08000252   0x08000252   0x00000000   Code   RO         6385    .ARM.Collect$$libinit$$0000002C  c_w.l(libinit2.o)
    0x08000252   0x08000252   0x00000000   Code   RO         6387    .ARM.Collect$$libinit$$0000002E  c_w.l(libinit2.o)
    0x08000252   0x08000252   0x00000000   Code   RO         6389    .ARM.Collect$$libinit$$00000030  c_w.l(libinit2.o)
    0x08000252   0x08000252   0x00000000   Code   RO         6391    .ARM.Collect$$libinit$$00000032  c_w.l(libinit2.o)
    0x08000252   0x08000252   0x00000002   Code   RO         6392    .ARM.Collect$$libinit$$00000033  c_w.l(libinit2.o)
    0x08000254   0x08000254   0x00000002   Code   RO         6423    .ARM.Collect$$libshutdown$$00000000  c_w.l(libshutdown.o)
    0x08000256   0x08000256   0x00000000   Code   RO         6449    .ARM.Collect$$libshutdown$$00000002  c_w.l(libshutdown2.o)
    0x08000256   0x08000256   0x00000000   Code   RO         6451    .ARM.Collect$$libshutdown$$00000004  c_w.l(libshutdown2.o)
    0x08000256   0x08000256   0x00000000   Code   RO         6453    .ARM.Collect$$libshutdown$$00000006  c_w.l(libshutdown2.o)
    0x08000256   0x08000256   0x00000000   Code   RO         6456    .ARM.Collect$$libshutdown$$00000009  c_w.l(libshutdown2.o)
    0x08000256   0x08000256   0x00000000   Code   RO         6459    .ARM.Collect$$libshutdown$$0000000C  c_w.l(libshutdown2.o)
    0x08000256   0x08000256   0x00000000   Code   RO         6461    .ARM.Collect$$libshutdown$$0000000E  c_w.l(libshutdown2.o)
    0x08000256   0x08000256   0x00000000   Code   RO         6464    .ARM.Collect$$libshutdown$$00000011  c_w.l(libshutdown2.o)
    0x08000256   0x08000256   0x00000002   Code   RO         6465    .ARM.Collect$$libshutdown$$00000012  c_w.l(libshutdown2.o)
    0x08000258   0x08000258   0x00000000   Code   RO         6135    .ARM.Collect$$rtentry$$00000000  c_w.l(__rtentry.o)
    0x08000258   0x08000258   0x00000000   Code   RO         6242    .ARM.Collect$$rtentry$$00000002  c_w.l(__rtentry2.o)
    0x08000258   0x08000258   0x00000006   Code   RO         6254    .ARM.Collect$$rtentry$$00000004  c_w.l(__rtentry4.o)
    0x0800025e   0x0800025e   0x00000000   Code   RO         6244    .ARM.Collect$$rtentry$$00000009  c_w.l(__rtentry2.o)
    0x0800025e   0x0800025e   0x00000004   Code   RO         6245    .ARM.Collect$$rtentry$$0000000A  c_w.l(__rtentry2.o)
    0x08000262   0x08000262   0x00000000   Code   RO         6247    .ARM.Collect$$rtentry$$0000000C  c_w.l(__rtentry2.o)
    0x08000262   0x08000262   0x00000008   Code   RO         6248    .ARM.Collect$$rtentry$$0000000D  c_w.l(__rtentry2.o)
    0x0800026a   0x0800026a   0x00000002   Code   RO         6335    .ARM.Collect$$rtexit$$00000000  c_w.l(rtexit.o)
    0x0800026c   0x0800026c   0x00000000   Code   RO         6396    .ARM.Collect$$rtexit$$00000002  c_w.l(rtexit2.o)
    0x0800026c   0x0800026c   0x00000004   Code   RO         6397    .ARM.Collect$$rtexit$$00000003  c_w.l(rtexit2.o)
    0x08000270   0x08000270   0x00000006   Code   RO         6398    .ARM.Collect$$rtexit$$00000004  c_w.l(rtexit2.o)
    0x08000276   0x08000276   0x00000002   PAD
    0x08000278   0x08000278   0x000000be   Code   RO         6038    .emb_text           port.o
    0x08000336   0x08000336   0x00000002   PAD
    0x08000338   0x08000338   0x00000040   Code   RO            4    .text               startup_stm32g474xx.o
    0x08000378   0x08000378   0x000000ee   Code   RO         6117    .text               c_w.l(lludivv7m.o)
    0x08000466   0x08000466   0x0000008a   Code   RO         6121    .text               c_w.l(rt_memcpy_v6.o)
    0x080004f0   0x080004f0   0x00000064   Code   RO         6123    .text               c_w.l(rt_memcpy_w.o)
    0x08000554   0x08000554   0x0000004e   Code   RO         6129    .text               c_w.l(rt_memclr_w.o)
    0x080005a2   0x080005a2   0x00000006   Code   RO         6131    .text               c_w.l(heapauxi.o)
    0x080005a8   0x080005a8   0x0000004a   Code   RO         6276    .text               c_w.l(sys_stackheap_outer.o)
    0x080005f2   0x080005f2   0x00000012   Code   RO         6315    .text               c_w.l(exit.o)
    0x08000604   0x08000604   0x00000008   Code   RO         6332    .text               c_w.l(libspace.o)
    0x0800060c   0x0800060c   0x0000000c   Code   RO         6393    .text               c_w.l(sys_exit.o)
    0x08000618   0x08000618   0x00000002   Code   RO         6412    .text               c_w.l(use_no_semi.o)
    0x0800061a   0x0800061a   0x00000000   Code   RO         6414    .text               c_w.l(indicate_semi.o)
    0x0800061a   0x0800061a   0x00000002   PAD
    0x0800061c   0x0800061c   0x00000090   Code   RO           13    i.ADC_Init          adc_user.o
    0x080006ac   0x080006ac   0x00000002   Code   RO          881    i.BusFault_Handler  stm32g4xx_it.o
    0x080006ae   0x080006ae   0x00000002   Code   RO          681    i.Callback01        app_freertos.o
    0x080006b0   0x080006b0   0x00000002   Code   RO          682    i.Callback02        app_freertos.o
    0x080006b2   0x080006b2   0x00000002   Code   RO          683    i.Callback03        app_freertos.o
    0x080006b4   0x080006b4   0x00000050   Code   RO          179    i.DAC_update        dac_user.o
    0x08000704   0x08000704   0x0000000c   Code   RO          882    i.DMA1_Channel1_IRQHandler  stm32g4xx_it.o
    0x08000710   0x08000710   0x0000000c   Code   RO          883    i.DMA1_Channel2_IRQHandler  stm32g4xx_it.o
    0x0800071c   0x0800071c   0x00000048   Code   RO         3099    i.DMA_CalcDMAMUXChannelBaseAndMask  stm32g4xx_hal_dma.o
    0x08000764   0x08000764   0x00000028   Code   RO         3100    i.DMA_CalcDMAMUXRequestGenBaseAndMask  stm32g4xx_hal_dma.o
    0x0800078c   0x0800078c   0x00000042   Code   RO         3101    i.DMA_SetConfig     stm32g4xx_hal_dma.o
    0x080007ce   0x080007ce   0x00000002   Code   RO          884    i.DebugMon_Handler  stm32g4xx_it.o
    0x080007d0   0x080007d0   0x00000004   Code   RO          528    i.Error_Handler     main.o
    0x080007d4   0x080007d4   0x00000076   Code   RO         3103    i.HAL_DMA_Abort_IT  stm32g4xx_hal_dma.o
    0x0800084a   0x0800084a   0x000000cc   Code   RO         3107    i.HAL_DMA_IRQHandler  stm32g4xx_hal_dma.o
    0x08000916   0x08000916   0x00000002   PAD
    0x08000918   0x08000918   0x000000c4   Code   RO         3108    i.HAL_DMA_Init      stm32g4xx_hal_dma.o
    0x080009dc   0x080009dc   0x00000090   Code   RO         3112    i.HAL_DMA_Start_IT  stm32g4xx_hal_dma.o
    0x08000a6c   0x08000a6c   0x00000024   Code   RO         2189    i.HAL_Delay         stm32g4xx_hal.o
    0x08000a90   0x08000a90   0x000001b8   Code   RO         2964    i.HAL_GPIO_Init     stm32g4xx_hal_gpio.o
    0x08000c48   0x08000c48   0x0000000c   Code   RO         2968    i.HAL_GPIO_WritePin  stm32g4xx_hal_gpio.o
    0x08000c54   0x08000c54   0x0000000c   Code   RO         2193    i.HAL_GetTick       stm32g4xx_hal.o
    0x08000c60   0x08000c60   0x00000010   Code   RO         2199    i.HAL_IncTick       stm32g4xx_hal.o
    0x08000c70   0x08000c70   0x0000001e   Code   RO         2200    i.HAL_Init          stm32g4xx_hal.o
    0x08000c8e   0x08000c8e   0x00000002   PAD
    0x08000c90   0x08000c90   0x00000088   Code   RO          987    i.HAL_InitTick      stm32g4xx_hal_timebase_tim.o
    0x08000d18   0x08000d18   0x0000003c   Code   RO          963    i.HAL_MspInit       stm32g4xx_hal_msp.o
    0x08000d54   0x08000d54   0x0000001a   Code   RO         3613    i.HAL_NVIC_EnableIRQ  stm32g4xx_hal_cortex.o
    0x08000d6e   0x08000d6e   0x00000002   PAD
    0x08000d70   0x08000d70   0x00000040   Code   RO         3619    i.HAL_NVIC_SetPriority  stm32g4xx_hal_cortex.o
    0x08000db0   0x08000db0   0x00000024   Code   RO         3620    i.HAL_NVIC_SetPriorityGrouping  stm32g4xx_hal_cortex.o
    0x08000dd4   0x08000dd4   0x000000cc   Code   RO         3367    i.HAL_PWREx_ControlVoltageScaling  stm32g4xx_hal_pwr_ex.o
    0x08000ea0   0x08000ea0   0x00000010   Code   RO         3379    i.HAL_PWREx_DisableUCPDDeadBattery  stm32g4xx_hal_pwr_ex.o
    0x08000eb0   0x08000eb0   0x00000310   Code   RO         2565    i.HAL_RCCEx_PeriphCLKConfig  stm32g4xx_hal_rcc_ex.o
    0x080011c0   0x080011c0   0x000001c8   Code   RO         2435    i.HAL_RCC_ClockConfig  stm32g4xx_hal_rcc.o
    0x08001388   0x08001388   0x0000003c   Code   RO         2440    i.HAL_RCC_GetClockConfig  stm32g4xx_hal_rcc.o
    0x080013c4   0x080013c4   0x0000000c   Code   RO         2441    i.HAL_RCC_GetHCLKFreq  stm32g4xx_hal_rcc.o
    0x080013d0   0x080013d0   0x00000024   Code   RO         2443    i.HAL_RCC_GetPCLK1Freq  stm32g4xx_hal_rcc.o
    0x080013f4   0x080013f4   0x00000024   Code   RO         2444    i.HAL_RCC_GetPCLK2Freq  stm32g4xx_hal_rcc.o
    0x08001418   0x08001418   0x00000074   Code   RO         2445    i.HAL_RCC_GetSysClockFreq  stm32g4xx_hal_rcc.o
    0x0800148c   0x0800148c   0x00000450   Code   RO         2448    i.HAL_RCC_OscConfig  stm32g4xx_hal_rcc.o
    0x080018dc   0x080018dc   0x00000002   Code   RO         3760    i.HAL_SPI_ErrorCallback  stm32g4xx_hal_spi.o
    0x080018de   0x080018de   0x00000002   PAD
    0x080018e0   0x080018e0   0x00000104   Code   RO         3763    i.HAL_SPI_IRQHandler  stm32g4xx_hal_spi.o
    0x080019e4   0x080019e4   0x000000ec   Code   RO         3764    i.HAL_SPI_Init      stm32g4xx_hal_spi.o
    0x08001ad0   0x08001ad0   0x00000140   Code   RO          792    i.HAL_SPI_MspInit   spi.o
    0x08001c10   0x08001c10   0x00000002   Code   RO         3770    i.HAL_SPI_RxCpltCallback  stm32g4xx_hal_spi.o
    0x08001c12   0x08001c12   0x00000002   Code   RO         3771    i.HAL_SPI_RxHalfCpltCallback  stm32g4xx_hal_spi.o
    0x08001c14   0x08001c14   0x000001c4   Code   RO         3772    i.HAL_SPI_Transmit  stm32g4xx_hal_spi.o
    0x08001dd8   0x08001dd8   0x000001d0   Code   RO         3774    i.HAL_SPI_TransmitReceive_DMA  stm32g4xx_hal_spi.o
    0x08001fa8   0x08001fa8   0x00000048   Code   RO          529    i.HAL_SPI_TxRxCpltCallback  main.o
    0x08001ff0   0x08001ff0   0x00000002   Code   RO         3781    i.HAL_SPI_TxRxHalfCpltCallback  stm32g4xx_hal_spi.o
    0x08001ff2   0x08001ff2   0x00000002   Code   RO         1753    i.HAL_TIMEx_Break2Callback  stm32g4xx_hal_tim_ex.o
    0x08001ff4   0x08001ff4   0x00000002   Code   RO         1754    i.HAL_TIMEx_BreakCallback  stm32g4xx_hal_tim_ex.o
    0x08001ff6   0x08001ff6   0x00000002   Code   RO         1755    i.HAL_TIMEx_CommutCallback  stm32g4xx_hal_tim_ex.o
    0x08001ff8   0x08001ff8   0x00000002   Code   RO         1766    i.HAL_TIMEx_DirectionChangeCallback  stm32g4xx_hal_tim_ex.o
    0x08001ffa   0x08001ffa   0x00000002   Code   RO         1780    i.HAL_TIMEx_EncoderIndexCallback  stm32g4xx_hal_tim_ex.o
    0x08001ffc   0x08001ffc   0x00000002   Code   RO         1794    i.HAL_TIMEx_IndexErrorCallback  stm32g4xx_hal_tim_ex.o
    0x08001ffe   0x08001ffe   0x00000002   Code   RO         1816    i.HAL_TIMEx_TransitionErrorCallback  stm32g4xx_hal_tim_ex.o
    0x08002000   0x08002000   0x0000004e   Code   RO         1028    i.HAL_TIM_Base_Init  stm32g4xx_hal_tim.o
    0x0800204e   0x0800204e   0x00000002   Code   RO         1030    i.HAL_TIM_Base_MspInit  stm32g4xx_hal_tim.o
    0x08002050   0x08002050   0x00000094   Code   RO         1033    i.HAL_TIM_Base_Start_IT  stm32g4xx_hal_tim.o
    0x080020e4   0x080020e4   0x00000002   Code   RO         1062    i.HAL_TIM_IC_CaptureCallback  stm32g4xx_hal_tim.o
    0x080020e6   0x080020e6   0x000001aa   Code   RO         1076    i.HAL_TIM_IRQHandler  stm32g4xx_hal_tim.o
    0x08002290   0x08002290   0x00000002   Code   RO         1079    i.HAL_TIM_OC_DelayElapsedCallback  stm32g4xx_hal_tim.o
    0x08002292   0x08002292   0x00000002   Code   RO         1106    i.HAL_TIM_PWM_PulseFinishedCallback  stm32g4xx_hal_tim.o
    0x08002294   0x08002294   0x00000014   Code   RO          530    i.HAL_TIM_PeriodElapsedCallback  main.o
    0x080022a8   0x080022a8   0x00000002   Code   RO         1119    i.HAL_TIM_TriggerCallback  stm32g4xx_hal_tim.o
    0x080022aa   0x080022aa   0x0000003e   Code   RO         4529    i.HAL_UARTEx_DisableFifoMode  stm32g4xx_hal_uart_ex.o
    0x080022e8   0x080022e8   0x0000004c   Code   RO         4538    i.HAL_UARTEx_SetRxFifoThreshold  stm32g4xx_hal_uart_ex.o
    0x08002334   0x08002334   0x0000004c   Code   RO         4539    i.HAL_UARTEx_SetTxFifoThreshold  stm32g4xx_hal_uart_ex.o
    0x08002380   0x08002380   0x00000070   Code   RO         4133    i.HAL_UART_Init     stm32g4xx_hal_uart.o
    0x080023f0   0x080023f0   0x0000007c   Code   RO          840    i.HAL_UART_MspInit  usart.o
    0x0800246c   0x0800246c   0x00000002   Code   RO          885    i.HardFault_Handler  stm32g4xx_it.o
    0x0800246e   0x0800246e   0x00000002   PAD
    0x08002470   0x08002470   0x0000004c   Code   RO          767    i.MX_DMA_Init       dma.o
    0x080024bc   0x080024bc   0x000000b4   Code   RO          684    i.MX_FREERTOS_Init  app_freertos.o
    0x08002570   0x08002570   0x00000254   Code   RO          657    i.MX_GPIO_Init      gpio.o
    0x080027c4   0x080027c4   0x00000050   Code   RO          793    i.MX_SPI1_Init      spi.o
    0x08002814   0x08002814   0x00000048   Code   RO          794    i.MX_SPI3_Init      spi.o
    0x0800285c   0x0800285c   0x00000068   Code   RO          841    i.MX_USART1_UART_Init  usart.o
    0x080028c4   0x080028c4   0x00000002   Code   RO          886    i.MemManage_Handler  stm32g4xx_it.o
    0x080028c6   0x080028c6   0x00000002   Code   RO          887    i.NMI_Handler       stm32g4xx_it.o
    0x080028c8   0x080028c8   0x00000050   Code   RO         2449    i.RCC_GetSysClockFreqFromPLLSource  stm32g4xx_hal_rcc.o
    0x08002918   0x08002918   0x0000000c   Code   RO          888    i.SPI3_IRQHandler   stm32g4xx_it.o
    0x08002924   0x08002924   0x00000012   Code   RO         3791    i.SPI_DMAAbortOnError  stm32g4xx_hal_spi.o
    0x08002936   0x08002936   0x00000022   Code   RO         3792    i.SPI_DMAError      stm32g4xx_hal_spi.o
    0x08002958   0x08002958   0x0000000a   Code   RO         3793    i.SPI_DMAHalfReceiveCplt  stm32g4xx_hal_spi.o
    0x08002962   0x08002962   0x0000000a   Code   RO         3795    i.SPI_DMAHalfTransmitReceiveCplt  stm32g4xx_hal_spi.o
    0x0800296c   0x0800296c   0x0000006e   Code   RO         3796    i.SPI_DMAReceiveCplt  stm32g4xx_hal_spi.o
    0x080029da   0x080029da   0x0000005c   Code   RO         3799    i.SPI_DMATransmitReceiveCplt  stm32g4xx_hal_spi.o
    0x08002a36   0x08002a36   0x0000007e   Code   RO         3801    i.SPI_EndRxTransaction  stm32g4xx_hal_spi.o
    0x08002ab4   0x08002ab4   0x00000064   Code   RO         3802    i.SPI_EndRxTxTransaction  stm32g4xx_hal_spi.o
    0x08002b18   0x08002b18   0x000000e0   Code   RO         3807    i.SPI_WaitFifoStateUntilTimeout  stm32g4xx_hal_spi.o
    0x08002bf8   0x08002bf8   0x000000c0   Code   RO         3808    i.SPI_WaitFlagStateUntilTimeout  stm32g4xx_hal_spi.o
    0x08002cb8   0x08002cb8   0x00000030   Code   RO          685    i.StartDefaultTask  app_freertos.o
    0x08002ce8   0x08002ce8   0x00000002   Code   RO          686    i.StartTask02       app_freertos.o
    0x08002cea   0x08002cea   0x00000002   Code   RO          687    i.StartTask03       app_freertos.o
    0x08002cec   0x08002cec   0x00000008   Code   RO          688    i.StartTask04       app_freertos.o
    0x08002cf4   0x08002cf4   0x00000008   Code   RO          689    i.StartTask05       app_freertos.o
    0x08002cfc   0x08002cfc   0x0000002c   Code   RO         6039    i.SysTick_Handler   port.o
    0x08002d28   0x08002d28   0x00000064   Code   RO          531    i.SystemClock_Config  main.o
    0x08002d8c   0x08002d8c   0x00000010   Code   RO         4653    i.SystemInit        system_stm32g4xx.o
    0x08002d9c   0x08002d9c   0x0000000c   Code   RO          889    i.TIM7_DAC_IRQHandler  stm32g4xx_it.o
    0x08002da8   0x08002da8   0x000000dc   Code   RO         1121    i.TIM_Base_SetConfig  stm32g4xx_hal_tim.o
    0x08002e84   0x08002e84   0x00000048   Code   RO         4543    i.UARTEx_SetNbDataToProcess  stm32g4xx_hal_uart_ex.o
    0x08002ecc   0x08002ecc   0x000000c8   Code   RO         4147    i.UART_AdvFeatureConfig  stm32g4xx_hal_uart.o
    0x08002f94   0x08002f94   0x000000aa   Code   RO         4148    i.UART_CheckIdleState  stm32g4xx_hal_uart.o
    0x0800303e   0x0800303e   0x00000002   PAD
    0x08003040   0x08003040   0x00000054   Code   RO         4159    i.UART_EndRxTransfer  stm32g4xx_hal_uart.o
    0x08003094   0x08003094   0x00000310   Code   RO         4166    i.UART_SetConfig    stm32g4xx_hal_uart.o
    0x080033a4   0x080033a4   0x00000098   Code   RO         4173    i.UART_WaitOnFlagUntilTimeout  stm32g4xx_hal_uart.o
    0x0800343c   0x0800343c   0x00000002   Code   RO          890    i.UsageFault_Handler  stm32g4xx_it.o
    0x0800343e   0x0800343e   0x00000020   Code   RO         3626    i.__NVIC_SetPriority  stm32g4xx_hal_cortex.o
    0x0800345e   0x0800345e   0x00000002   PAD
    0x08003460   0x08003460   0x00000068   Code   RO          533    i.main              main.o
    0x080034c8   0x080034c8   0x0000000c   Code   RO         5616    i.makeFreeRtosPriority  cmsis_os.o
    0x080034d4   0x080034d4   0x00000010   Code   RO         5618    i.osDelay           cmsis_os.o
    0x080034e4   0x080034e4   0x0000000a   Code   RO         5621    i.osKernelStart     cmsis_os.o
    0x080034ee   0x080034ee   0x0000002e   Code   RO         5655    i.osThreadCreate    cmsis_os.o
    0x0800351c   0x0800351c   0x00000020   Code   RO         5666    i.osTimerCreate     cmsis_os.o
    0x0800353c   0x0800353c   0x00000070   Code   RO         5147    i.prvAddCurrentTaskToDelayedList  tasks.o
    0x080035ac   0x080035ac   0x00000088   Code   RO         5148    i.prvAddNewTaskToReadyList  tasks.o
    0x08003634   0x08003634   0x00000050   Code   RO         5466    i.prvCheckForValidListAndQueue  timers.o
    0x08003684   0x08003684   0x0000003c   Code   RO         5149    i.prvCheckTasksWaitingTermination  tasks.o
    0x080036c0   0x080036c0   0x00000028   Code   RO         4825    i.prvCopyDataFromQueue  queue.o
    0x080036e8   0x080036e8   0x0000006e   Code   RO         4826    i.prvCopyDataToQueue  queue.o
    0x08003756   0x08003756   0x00000014   Code   RO         5150    i.prvDeleteTCB      tasks.o
    0x0800376a   0x0800376a   0x00000002   PAD
    0x0800376c   0x0800376c   0x00000024   Code   RO         5467    i.prvGetNextExpireTime  timers.o
    0x08003790   0x08003790   0x0000004c   Code   RO         5983    i.prvHeapInit       heap_4.o
    0x080037dc   0x080037dc   0x00000028   Code   RO         5151    i.prvIdleTask       tasks.o
    0x08003804   0x08003804   0x00000018   Code   RO         4829    i.prvInitialiseNewQueue  queue.o
    0x0800381c   0x0800381c   0x00000094   Code   RO         5152    i.prvInitialiseNewTask  tasks.o
    0x080038b0   0x080038b0   0x00000050   Code   RO         5468    i.prvInitialiseNewTimer  timers.o
    0x08003900   0x08003900   0x00000058   Code   RO         5153    i.prvInitialiseTaskLists  tasks.o
    0x08003958   0x08003958   0x00000054   Code   RO         5984    i.prvInsertBlockIntoFreeList  heap_4.o
    0x080039ac   0x080039ac   0x00000040   Code   RO         5469    i.prvInsertTimerInActiveList  timers.o
    0x080039ec   0x080039ec   0x0000001a   Code   RO         4830    i.prvIsQueueEmpty   queue.o
    0x08003a06   0x08003a06   0x0000001e   Code   RO         4831    i.prvIsQueueFull    queue.o
    0x08003a24   0x08003a24   0x00000068   Code   RO         5470    i.prvProcessExpiredTimer  timers.o
    0x08003a8c   0x08003a8c   0x000000f0   Code   RO         5471    i.prvProcessReceivedCommands  timers.o
    0x08003b7c   0x08003b7c   0x0000006c   Code   RO         5472    i.prvProcessTimerOrBlockTask  timers.o
    0x08003be8   0x08003be8   0x00000024   Code   RO         5154    i.prvResetNextTaskUnblockTime  tasks.o
    0x08003c0c   0x08003c0c   0x0000002c   Code   RO         5473    i.prvSampleTimeNow  timers.o
    0x08003c38   0x08003c38   0x00000070   Code   RO         5474    i.prvSwitchTimerLists  timers.o
    0x08003ca8   0x08003ca8   0x0000002c   Code   RO         6040    i.prvTaskExitError  port.o
    0x08003cd4   0x08003cd4   0x00000014   Code   RO         5475    i.prvTimerTask      timers.o
    0x08003ce8   0x08003ce8   0x0000006a   Code   RO         4832    i.prvUnlockQueue    queue.o
    0x08003d52   0x08003d52   0x00000002   PAD
    0x08003d54   0x08003d54   0x000000dc   Code   RO         5985    i.pvPortMalloc      heap_4.o
    0x08003e30   0x08003e30   0x00000024   Code   RO         6041    i.pxPortInitialiseStack  port.o
    0x08003e54   0x08003e54   0x00000026   Code   RO         4785    i.uxListRemove      list.o
    0x08003e7a   0x08003e7a   0x00000016   Code   RO         4786    i.vListInitialise   list.o
    0x08003e90   0x08003e90   0x00000006   Code   RO         4787    i.vListInitialiseItem  list.o
    0x08003e96   0x08003e96   0x00000030   Code   RO         4788    i.vListInsert       list.o
    0x08003ec6   0x08003ec6   0x00000018   Code   RO         4789    i.vListInsertEnd    list.o
    0x08003ede   0x08003ede   0x00000002   PAD
    0x08003ee0   0x08003ee0   0x00000040   Code   RO         6043    i.vPortEnterCritical  port.o
    0x08003f20   0x08003f20   0x0000002c   Code   RO         6044    i.vPortExitCritical  port.o
    0x08003f4c   0x08003f4c   0x00000064   Code   RO         5986    i.vPortFree         heap_4.o
    0x08003fb0   0x08003fb0   0x00000024   Code   RO         6045    i.vPortSetupTimerInterrupt  port.o
    0x08003fd4   0x08003fd4   0x00000054   Code   RO         6046    i.vPortValidateInterruptPriority  port.o
    0x08004028   0x08004028   0x00000024   Code   RO         4836    i.vQueueAddToRegistry  queue.o
    0x0800404c   0x0800404c   0x00000046   Code   RO         4839    i.vQueueWaitForMessageRestricted  queue.o
    0x08004092   0x08004092   0x00000002   PAD
    0x08004094   0x08004094   0x00000050   Code   RO         5163    i.vTaskDelay        tasks.o
    0x080040e4   0x080040e4   0x00000010   Code   RO         5166    i.vTaskInternalSetTimeOutState  tasks.o
    0x080040f4   0x080040f4   0x0000000c   Code   RO         5167    i.vTaskMissedYield  tasks.o
    0x08004100   0x08004100   0x00000034   Code   RO         5169    i.vTaskPlaceOnEventList  tasks.o
    0x08004134   0x08004134   0x0000003c   Code   RO         5170    i.vTaskPlaceOnEventListRestricted  tasks.o
    0x08004170   0x08004170   0x00000070   Code   RO         5177    i.vTaskStartScheduler  tasks.o
    0x080041e0   0x080041e0   0x00000010   Code   RO         5179    i.vTaskSuspendAll   tasks.o
    0x080041f0   0x080041f0   0x00000060   Code   RO         5180    i.vTaskSwitchContext  tasks.o
    0x08004250   0x08004250   0x000000f4   Code   RO         6047    i.xPortStartScheduler  port.o
    0x08004344   0x08004344   0x0000003e   Code   RO         4841    i.xQueueGenericCreate  queue.o
    0x08004382   0x08004382   0x00000002   PAD
    0x08004384   0x08004384   0x0000008c   Code   RO         4842    i.xQueueGenericReset  queue.o
    0x08004410   0x08004410   0x00000164   Code   RO         4843    i.xQueueGenericSend  queue.o
    0x08004574   0x08004574   0x000000c0   Code   RO         4844    i.xQueueGenericSendFromISR  queue.o
    0x08004634   0x08004634   0x0000013c   Code   RO         4850    i.xQueueReceive     queue.o
    0x08004770   0x08004770   0x0000007c   Code   RO         5182    i.xTaskCheckForTimeOut  tasks.o
    0x080047ec   0x080047ec   0x00000060   Code   RO         5183    i.xTaskCreate       tasks.o
    0x0800484c   0x0800484c   0x0000001c   Code   RO         5187    i.xTaskGetSchedulerState  tasks.o
    0x08004868   0x08004868   0x0000000c   Code   RO         5188    i.xTaskGetTickCount  tasks.o
    0x08004874   0x08004874   0x000000d0   Code   RO         5190    i.xTaskIncrementTick  tasks.o
    0x08004944   0x08004944   0x00000098   Code   RO         5193    i.xTaskPriorityDisinherit  tasks.o
    0x080049dc   0x080049dc   0x0000007c   Code   RO         5195    i.xTaskRemoveFromEventList  tasks.o
    0x08004a58   0x08004a58   0x000000cc   Code   RO         5196    i.xTaskResumeAll    tasks.o
    0x08004b24   0x08004b24   0x00000034   Code   RO         5480    i.xTimerCreate      timers.o
    0x08004b58   0x08004b58   0x0000004c   Code   RO         5481    i.xTimerCreateTimerTask  timers.o
    0x08004ba4   0x08004ba4   0x00000068   Code   RO         5482    i.xTimerGenericCommand  timers.o
    0x08004c0c   0x08004c0c   0x0000000a   Code   RO         6408    x$fpl$fpinit        fz_wm.l(fpinit.o)
    0x08004c16   0x08004c16   0x00000002   PAD
    0x08004c18   0x08004c18   0x00000070   Data   RO          690    .constdata          app_freertos.o
    0x08004c88   0x08004c88   0x00000018   Data   RO         4174    .constdata          stm32g4xx_hal_uart.o
    0x08004ca0   0x08004ca0   0x00000010   Data   RO         4545    .constdata          stm32g4xx_hal_uart_ex.o
    0x08004cb0   0x08004cb0   0x00000010   Data   RO         4654    .constdata          system_stm32g4xx.o
    0x08004cc0   0x08004cc0   0x00000008   Data   RO         4655    .constdata          system_stm32g4xx.o
    0x08004cc8   0x08004cc8   0x0000003c   Data   RO          691    .conststring        app_freertos.o
    0x08004d04   0x08004d04   0x00000020   Data   RO         6466    Region$$Table       anon$$obj.o


    Execution Region RW_IRAM1 (Exec base: 0x20000000, Load base: 0x08004d24, Size: 0x00006cd0, Max: 0x00020000, ABSOLUTE)

    Exec Addr    Load Addr    Size         Type   Attr      Idx    E Section Name        Object

    0x20000000   0x08004d24   0x00000001   Data   RW          536    .data               main.o
    0x20000001   0x08004d25   0x00000003   PAD
    0x20000004   0x08004d28   0x00000020   Data   RW          692    .data               app_freertos.o
    0x20000024   0x08004d48   0x0000000c   Data   RW         2220    .data               stm32g4xx_hal.o
    0x20000030   0x08004d54   0x00000004   Data   RW         4656    .data               system_stm32g4xx.o
    0x20000034   0x08004d58   0x0000003c   Data   RW         5199    .data               tasks.o
    0x20000070   0x08004d94   0x00000014   Data   RW         5488    .data               timers.o
    0x20000084   0x08004da8   0x00000020   Data   RW         5992    .data               heap_4.o
    0x200000a4   0x08004dc8   0x0000000c   Data   RW         6048    .data               port.o
    0x200000b0        -       0x00000600   Zero   RW          534    .bss                main.o
    0x200006b0        -       0x00000188   Zero   RW          795    .bss                spi.o
    0x20000838        -       0x00000094   Zero   RW          842    .bss                usart.o
    0x200008cc        -       0x0000004c   Zero   RW          990    .bss                stm32g4xx_hal_timebase_tim.o
    0x20000918        -       0x00000040   Zero   RW         4853    .bss                queue.o
    0x20000958        -       0x000000f0   Zero   RW         5198    .bss                tasks.o
    0x20000a48        -       0x00000028   Zero   RW         5487    .bss                timers.o
    0x20000a70        -       0x00005000   Zero   RW         5991    .bss                heap_4.o
    0x20005a70        -       0x00000060   Zero   RW         6333    .bss                c_w.l(libspace.o)
    0x20005ad0        -       0x00000200   Zero   RW            2    HEAP                startup_stm32g474xx.o
    0x20005cd0        -       0x00001000   Zero   RW            1    STACK               startup_stm32g474xx.o


==============================================================================

Image component sizes


      Code (inc. data)   RO Data    RW Data    ZI Data      Debug   Object Name

       144         18          0          0          0     878728   adc_user.o
       254         14        172         32          0       6369   app_freertos.o
       116          4          0          0          0      13671   cmsis_os.o
        80         10          0          0          0       1025   dac_user.o
        76          4          0          0          0        854   dma.o
         0          0          0          0          0      10844   event_groups.o
       596         28          0          0          0       1315   gpio.o
       480         26          0         32      20480       5131   heap_4.o
       138          0          0          0          0       3698   list.o
       300         36          0          1       1536      25245   main.o
       786         84          0         12          0      12173   port.o
      1508         20          0          0         64      17466   queue.o
       472         44          0          0        392       2712   spi.o
        64         26        472          0       4608        864   startup_stm32g474xx.o
        94         14          0         12          0       3750   stm32g4xx_hal.o
       158         14          0          0          0      33238   stm32g4xx_hal_cortex.o
       840         28          0          0          0       6034   stm32g4xx_hal_dma.o
       452         34          0          0          0       2332   stm32g4xx_hal_gpio.o
        60          6          0          0          0        906   stm32g4xx_hal_msp.o
       220         18          0          0          0       1505   stm32g4xx_hal_pwr_ex.o
      1900        104          0          0          0       8981   stm32g4xx_hal_rcc.o
       784          8          0          0          0       2108   stm32g4xx_hal_rcc_ex.o
      2336         36          0          0          0      15602   stm32g4xx_hal_spi.o
       882         68          0          0          0       7082   stm32g4xx_hal_tim.o
        14          0          0          0          0       4752   stm32g4xx_hal_tim_ex.o
       136         20          0          0         76       1511   stm32g4xx_hal_timebase_tim.o
      1502         76         24          0          0      25454   stm32g4xx_hal_uart.o
       286          6         16          0          0       3773   stm32g4xx_hal_uart_ex.o
        60         24          0          0          0       4867   stm32g4xx_it.o
        16          4         24          4          0       1187   system_stm32g4xx.o
      2032        174          0         60        240      26686   tasks.o
      1120         92          0         20         40      23822   timers.o
       228         22          0          0        148       1878   usart.o

    ----------------------------------------------------------------------
     18160       1062        740        176      27584    1155563   Object Totals
         0          0         32          0          0          0   (incl. Generated)
        26          0          0          3          0          0   (incl. Padding)

    ----------------------------------------------------------------------

      Code (inc. data)   RO Data    RW Data    ZI Data      Debug   Library Member Name

         8          0          0          0          0         68   __main.o
         0          0          0          0          0          0   __rtentry.o
        12          0          0          0          0          0   __rtentry2.o
         6          0          0          0          0          0   __rtentry4.o
        52          8          0          0          0          0   __scatter.o
        26          0          0          0          0          0   __scatter_copy.o
        28          0          0          0          0          0   __scatter_zi.o
        18          0          0          0          0         80   exit.o
         6          0          0          0          0        152   heapauxi.o
         0          0          0          0          0          0   indicate_semi.o
         2          0          0          0          0          0   libinit.o
         6          0          0          0          0          0   libinit2.o
         2          0          0          0          0          0   libshutdown.o
         2          0          0          0          0          0   libshutdown2.o
         8          4          0          0         96         68   libspace.o
       238          0          0          0          0        100   lludivv7m.o
        78          0          0          0          0         80   rt_memclr_w.o
       138          0          0          0          0         68   rt_memcpy_v6.o
       100          0          0          0          0         80   rt_memcpy_w.o
         2          0          0          0          0          0   rtexit.o
        10          0          0          0          0          0   rtexit2.o
        12          4          0          0          0         68   sys_exit.o
        74          0          0          0          0         80   sys_stackheap_outer.o
         2          0          0          0          0         68   use_no_semi.o
        10          0          0          0          0        116   fpinit.o

    ----------------------------------------------------------------------
       848         16          0          0         96       1028   Library Totals
         8          0          0          0          0          0   (incl. Padding)

    ----------------------------------------------------------------------

      Code (inc. data)   RO Data    RW Data    ZI Data      Debug   Library Name

       830         16          0          0         96        912   c_w.l
        10          0          0          0          0        116   fz_wm.l

    ----------------------------------------------------------------------
       848         16          0          0         96       1028   Library Totals

    ----------------------------------------------------------------------

==============================================================================


      Code (inc. data)   RO Data    RW Data    ZI Data      Debug   

     19008       1078        740        176      27680    1138727   Grand Totals
     19008       1078        740        176      27680    1138727   ELF Image Totals
     19008       1078        740        176          0          0   ROM Totals

==============================================================================

    Total RO  Size (Code + RO Data)                19748 (  19.29kB)
    Total RW  Size (RW Data + ZI Data)             27856 (  27.20kB)
    Total ROM Size (Code + RO Data + RW Data)      19924 (  19.46kB)

==============================================================================

