Component: ARM Compiler 5.06 update 7 (build 960) Tool: armlink [4d3601]

==============================================================================

Section Cross References

    startup_stm32g474xx.o(STACK) refers (Special) to heapauxi.o(.text) for __use_two_region_memory
    startup_stm32g474xx.o(HEAP) refers (Special) to heapauxi.o(.text) for __use_two_region_memory
    startup_stm32g474xx.o(RESET) refers (Special) to heapauxi.o(.text) for __use_two_region_memory
    startup_stm32g474xx.o(RESET) refers to startup_stm32g474xx.o(STACK) for __initial_sp
    startup_stm32g474xx.o(RESET) refers to startup_stm32g474xx.o(.text) for Reset_Handler
    startup_stm32g474xx.o(RESET) refers to stm32g4xx_it.o(i.NMI_Handler) for NMI_Handler
    startup_stm32g474xx.o(RESET) refers to stm32g4xx_it.o(i.HardFault_Handler) for HardFault_Handler
    startup_stm32g474xx.o(RESET) refers to stm32g4xx_it.o(i.MemManage_Handler) for MemManage_Handler
    startup_stm32g474xx.o(RESET) refers to stm32g4xx_it.o(i.BusFault_Handler) for BusFault_Handler
    startup_stm32g474xx.o(RESET) refers to stm32g4xx_it.o(i.UsageFault_Handler) for UsageFault_Handler
    startup_stm32g474xx.o(RESET) refers to port.o(.emb_text) for SVC_Handler
    startup_stm32g474xx.o(RESET) refers to stm32g4xx_it.o(i.DebugMon_Handler) for DebugMon_Handler
    startup_stm32g474xx.o(RESET) refers to port.o(i.SysTick_Handler) for SysTick_Handler
    startup_stm32g474xx.o(RESET) refers to stm32g4xx_it.o(i.DMA1_Channel1_IRQHandler) for DMA1_Channel1_IRQHandler
    startup_stm32g474xx.o(RESET) refers to stm32g4xx_it.o(i.DMA1_Channel2_IRQHandler) for DMA1_Channel2_IRQHandler
    startup_stm32g474xx.o(RESET) refers to stm32g4xx_it.o(i.SPI3_IRQHandler) for SPI3_IRQHandler
    startup_stm32g474xx.o(RESET) refers to stm32g4xx_it.o(i.TIM7_DAC_IRQHandler) for TIM7_DAC_IRQHandler
    startup_stm32g474xx.o(.text) refers (Special) to heapauxi.o(.text) for __use_two_region_memory
    startup_stm32g474xx.o(.text) refers to system_stm32g4xx.o(i.SystemInit) for SystemInit
    startup_stm32g474xx.o(.text) refers to __main.o(!!!main) for __main
    startup_stm32g474xx.o(.text) refers to startup_stm32g474xx.o(HEAP) for Heap_Mem
    startup_stm32g474xx.o(.text) refers to startup_stm32g474xx.o(STACK) for Stack_Mem
    adc_user.o(i.ADC_Init) refers to stm32g4xx_hal_gpio.o(i.HAL_GPIO_WritePin) for HAL_GPIO_WritePin
    adc_user.o(i.ADC_Init) refers to stm32g4xx_hal.o(i.HAL_Delay) for HAL_Delay
    adc_user.o(i.ADC_Read_AB) refers to adc_user.o(i.ADC_SwitchChannel) for ADC_SwitchChannel
    adc_user.o(i.ADC_Read_AB) refers to main.o(i.delay_us) for delay_us
    adc_user.o(i.ADC_Read_AB) refers to stm32g4xx_hal_gpio.o(i.HAL_GPIO_WritePin) for HAL_GPIO_WritePin
    adc_user.o(i.ADC_Read_AB) refers to stm32g4xx_hal_gpio.o(i.HAL_GPIO_ReadPin) for HAL_GPIO_ReadPin
    adc_user.o(i.ADC_Read_AB) refers to adc_user.o(i.Read_16BitData_Direct) for Read_16BitData_Direct
    adc_user.o(i.ADC_Read_AllChannels) refers to adc_user.o(i.ADC_Read_AB) for ADC_Read_AB
    adc_user.o(i.ADC_Read_data) refers to stm32g4xx_hal_gpio.o(i.HAL_GPIO_WritePin) for HAL_GPIO_WritePin
    adc_user.o(i.ADC_Read_data) refers to main.o(i.delay_us) for delay_us
    adc_user.o(i.ADC_Read_data) refers to stm32g4xx_hal_gpio.o(i.HAL_GPIO_ReadPin) for HAL_GPIO_ReadPin
    adc_user.o(i.ADC_Read_data) refers to adc_user.o(i.Read_16BitData_Direct) for Read_16BitData_Direct
    adc_user.o(i.ADC_SwitchChannel) refers to stm32g4xx_hal_gpio.o(i.HAL_GPIO_WritePin) for HAL_GPIO_WritePin
    dac_user.o(i.DAC_update) refers to stm32g4xx_hal_gpio.o(i.HAL_GPIO_WritePin) for HAL_GPIO_WritePin
    dac_user.o(i.DAC_update) refers to stm32g4xx_hal_spi.o(i.HAL_SPI_Transmit) for HAL_SPI_Transmit
    dac_user.o(i.DAC_update) refers to spi.o(.bss) for hspi1
    hrc_bus.o(i.HRC_Bus_InitDefault) refers to hrc_bus.o(i.HRC_SetDataIn) for HRC_SetDataIn
    hrc_bus.o(i.HRC_Bus_InitDefault) refers to hrc_bus.o(i.HRC_SetCmd) for HRC_SetCmd
    hrc_bus.o(i.HRC_Bus_InitDefault) refers to hrc_bus.o(i.HRC_SetRstn) for HRC_SetRstn
    hrc_bus.o(i.HRC_Bus_InitDefault) refers to stm32g4xx_hal_gpio.o(i.HAL_GPIO_WritePin) for HAL_GPIO_WritePin
    hrc_bus.o(i.HRC_ClockCycles) refers to hrc_bus.o(i.HRC_ClockPulse) for HRC_ClockPulse
    hrc_bus.o(i.HRC_ClockPulse) refers to main.o(i.delay_us) for delay_us
    hrc_bus.o(i.HRC_ClockPulse) refers to stm32g4xx_hal_gpio.o(i.HAL_GPIO_WritePin) for HAL_GPIO_WritePin
    hrc_bus.o(i.HRC_ClockPulseAndRead) refers to main.o(i.delay_us) for delay_us
    hrc_bus.o(i.HRC_ClockPulseAndRead) refers to stm32g4xx_hal_gpio.o(i.HAL_GPIO_WritePin) for HAL_GPIO_WritePin
    hrc_bus.o(i.HRC_ClockPulseAndRead) refers to hrc_bus.o(i.HRC_ReadValidOut) for HRC_ReadValidOut
    hrc_bus.o(i.HRC_ClockPulseAndRead) refers to hrc_bus.o(i.HRC_ReadDataOut) for HRC_ReadDataOut
    hrc_bus.o(i.HRC_ReadDataOut) refers to stm32g4xx_hal_gpio.o(i.HAL_GPIO_ReadPin) for HAL_GPIO_ReadPin
[...]
    RTC_Alarm_IRQHandler                     0x080003ff   Thumb Code     0  startup_stm32g474xx.o(.text)
    RTC_TAMP_LSECSS_IRQHandler               0x080003ff   Thumb Code     0  startup_stm32g474xx.o(.text)
    RTC_WKUP_IRQHandler                      0x080003ff   Thumb Code     0  startup_stm32g474xx.o(.text)
    SAI1_IRQHandler                          0x080003ff   Thumb Code     0  startup_stm32g474xx.o(.text)
    SPI1_IRQHandler                          0x080003ff   Thumb Code     0  startup_stm32g474xx.o(.text)
    SPI2_IRQHandler                          0x080003ff   Thumb Code     0  startup_stm32g474xx.o(.text)
    SPI4_IRQHandler                          0x080003ff   Thumb Code     0  startup_stm32g474xx.o(.text)
    TIM1_BRK_TIM15_IRQHandler                0x080003ff   Thumb Code     0  startup_stm32g474xx.o(.text)
    TIM1_CC_IRQHandler                       0x080003ff   Thumb Code     0  startup_stm32g474xx.o(.text)
    TIM1_TRG_COM_TIM17_IRQHandler            0x080003ff   Thumb Code     0  startup_stm32g474xx.o(.text)
    TIM1_UP_TIM16_IRQHandler                 0x080003ff   Thumb Code     0  startup_stm32g474xx.o(.text)
    TIM20_BRK_IRQHandler                     0x080003ff   Thumb Code     0  startup_stm32g474xx.o(.text)
    TIM20_CC_IRQHandler                      0x080003ff   Thumb Code     0  startup_stm32g474xx.o(.text)
    TIM20_TRG_COM_IRQHandler                 0x080003ff   Thumb Code     0  startup_stm32g474xx.o(.text)
    TIM20_UP_IRQHandler                      0x080003ff   Thumb Code     0  startup_stm32g474xx.o(.text)
    TIM2_IRQHandler                          0x080003ff   Thumb Code     0  startup_stm32g474xx.o(.text)
    TIM3_IRQHandler                          0x080003ff   Thumb Code     0  startup_stm32g474xx.o(.text)
    TIM4_IRQHandler                          0x080003ff   Thumb Code     0  startup_stm32g474xx.o(.text)
    TIM5_IRQHandler                          0x080003ff   Thumb Code     0  startup_stm32g474xx.o(.text)
    TIM6_DAC_IRQHandler                      0x080003ff   Thumb Code     0  startup_stm32g474xx.o(.text)
    TIM8_BRK_IRQHandler                      0x080003ff   Thumb Code     0  startup_stm32g474xx.o(.text)
    TIM8_CC_IRQHandler                       0x080003ff   Thumb Code     0  startup_stm32g474xx.o(.text)
    TIM8_TRG_COM_IRQHandler                  0x080003ff   Thumb Code     0  startup_stm32g474xx.o(.text)
    TIM8_UP_IRQHandler                       0x080003ff   Thumb Code     0  startup_stm32g474xx.o(.text)
    UART4_IRQHandler                         0x080003ff   Thumb Code     0  startup_stm32g474xx.o(.text)
    UART5_IRQHandler                         0x080003ff   Thumb Code     0  startup_stm32g474xx.o(.text)
    UCPD1_IRQHandler                         0x080003ff   Thumb Code     0  startup_stm32g474xx.o(.text)
    USART1_IRQHandler                        0x080003ff   Thumb Code     0  startup_stm32g474xx.o(.text)
    USART2_IRQHandler                        0x080003ff   Thumb Code     0  startup_stm32g474xx.o(.text)
    USART3_IRQHandler                        0x080003ff   Thumb Code     0  startup_stm32g474xx.o(.text)
    USBWakeUp_IRQHandler                     0x080003ff   Thumb Code     0  startup_stm32g474xx.o(.text)
    USB_HP_IRQHandler                        0x080003ff   Thumb Code     0  startup_stm32g474xx.o(.text)
    USB_LP_IRQHandler                        0x080003ff   Thumb Code     0  startup_stm32g474xx.o(.text)
    WWDG_IRQHandler                          0x080003ff   Thumb Code     0  startup_stm32g474xx.o(.text)
    __user_initial_stackheap                 0x08000401   Thumb Code     0  startup_stm32g474xx.o(.text)
    __aeabi_uldivmod                         0x08000425   Thumb Code     0  lludivv7m.o(.text)
    _ll_udiv                                 0x08000425   Thumb Code   238  lludivv7m.o(.text)
    vsnprintf                                0x08000515   Thumb Code    48  vsnprintf.o(.text)
    __aeabi_memcpy                           0x08000549   Thumb Code     0  rt_memcpy_v6.o(.text)
    __rt_memcpy                              0x08000549   Thumb Code   138  rt_memcpy_v6.o(.text)
    _memcpy_lastbytes                        0x080005af   Thumb Code     0  rt_memcpy_v6.o(.text)
    __aeabi_memcpy4                          0x080005d3   Thumb Code     0  rt_memcpy_w.o(.text)
    __aeabi_memcpy8                          0x080005d3   Thumb Code     0  rt_memcpy_w.o(.text)
    __rt_memcpy_w                            0x080005d3   Thumb Code   100  rt_memcpy_w.o(.text)
    _memcpy_lastbytes_aligned                0x0800061b   Thumb Code     0  rt_memcpy_w.o(.text)
    __aeabi_memclr                           0x08000637   Thumb Code     0  rt_memclr.o(.text)
    __rt_memclr                              0x08000637   Thumb Code    68  rt_memclr.o(.text)
    _memset                                  0x0800063b   Thumb Code     0  rt_memclr.o(.text)
    __aeabi_memclr4                          0x0800067b   Thumb Code     0  rt_memclr_w.o(.text)
    __aeabi_memclr8                          0x0800067b   Thumb Code     0  rt_memclr_w.o(.text)
    __rt_memclr_w                            0x0800067b   Thumb Code    78  rt_memclr_w.o(.text)
    _memset_w                                0x0800067f   Thumb Code     0  rt_memclr_w.o(.text)
    __use_two_region_memory                  0x080006c9   Thumb Code     2  heapauxi.o(.text)
    __rt_heap_escrow$2region                 0x080006cb   Thumb Code     2  heapauxi.o(.text)
    __rt_heap_expand$2region                 0x080006cd   Thumb Code     2  heapauxi.o(.text)
    _printf_pre_padding                      0x080006cf   Thumb Code    44  _printf_pad.o(.text)
    _printf_post_padding                     0x080006fb   Thumb Code    34  _printf_pad.o(.text)
    _printf_truncate_signed                  0x0800071d   Thumb Code    18  _printf_truncate.o(.text)
    _printf_truncate_unsigned                0x0800072f   Thumb Code    18  _printf_truncate.o(.text)
    _printf_str                              0x08000741   Thumb Code    82  _printf_str.o(.text)
    _printf_int_dec                          0x08000795   Thumb Code   104  _printf_dec.o(.text)
    _printf_charcount                        0x0800080d   Thumb Code    40  _printf_charcount.o(.text)
    _printf_char_common                      0x0800083f   Thumb Code    32  _printf_char_common.o(.text)
    _sputc                                   0x08000865   Thumb Code    10  _sputc.o(.text)
    _snputc                                  0x0800086f   Thumb Code    16  _snputc.o(.text)
    _printf_wctomb                           0x08000881   Thumb Code   182  _printf_wctomb.o(.text)
    _printf_longlong_dec                     0x0800093d   Thumb Code   108  _printf_longlong_dec.o(.text)
    _printf_longlong_oct                     0x080009b9   Thumb Code    66  _printf_oct_int_ll.o(.text)
    _printf_int_oct                          0x080009fb   Thumb Code    24  _printf_oct_int_ll.o(.text)
    _printf_ll_oct                           0x08000a13   Thumb Code    12  _printf_oct_int_ll.o(.text)
    _printf_longlong_hex                     0x08000a29   Thumb Code    86  _printf_hex_int_ll_ptr.o(.text)
    _printf_int_hex                          0x08000a7f   Thumb Code    28  _printf_hex_int_ll_ptr.o(.text)
    _printf_ll_hex                           0x08000a9b   Thumb Code    12  _printf_hex_int_ll_ptr.o(.text)
    _printf_hex_ptr                          0x08000aa7   Thumb Code    18  _printf_hex_int_ll_ptr.o(.text)
    __printf                                 0x08000abd   Thumb Code   388  __printf_flags_ss_wp.o(.text)
    _ll_udiv10                               0x08000c45   Thumb Code   138  lludiv10.o(.text)
    _printf_int_common                       0x08000ccf   Thumb Code   178  _printf_intcommon.o(.text)
    __lib_sel_fp_printf                      0x08000d81   Thumb Code     2  _printf_fp_dec.o(.text)
    _printf_fp_dec_real                      0x08000f33   Thumb Code   620  _printf_fp_dec.o(.text)
    _printf_fp_hex_real                      0x080011a1   Thumb Code   756  _printf_fp_hex.o(.text)
    _printf_cs_common                        0x0800149d   Thumb Code    20  _printf_char.o(.text)
    _printf_char                             0x080014b1   Thumb Code    16  _printf_char.o(.text)
    _printf_string                           0x080014c1   Thumb Code     8  _printf_char.o(.text)
    _printf_lcs_common                       0x080014c9   Thumb Code    20  _printf_wchar.o(.text)
    _printf_wchar                            0x080014dd   Thumb Code    16  _printf_wchar.o(.text)
    _printf_wstring                          0x080014ed   Thumb Code     8  _printf_wchar.o(.text)
    _wcrtomb                                 0x080014f5   Thumb Code    64  _wcrtomb.o(.text)
    __user_setup_stackheap                   0x08001535   Thumb Code    74  sys_stackheap_outer.o(.text)
    __rt_ctype_table                         0x08001581   Thumb Code    16  rt_ctype_table.o(.text)
    __rt_locale                              0x08001591   Thumb Code     8  rt_locale_intlibspace.o(.text)
    _printf_fp_infnan                        0x08001599   Thumb Code   112  _printf_fp_infnan.o(.text)
    _btod_etento                             0x08001619   Thumb Code   224  bigflt0.o(.text)
    exit                                     0x080016fd   Thumb Code    18  exit.o(.text)
    __user_libspace                          0x08001711   Thumb Code     8  libspace.o(.text)
    __user_perproc_libspace                  0x08001711   Thumb Code     0  libspace.o(.text)
    __user_perthread_libspace                0x08001711   Thumb Code     0  libspace.o(.text)
    strcmp                                   0x08001719   Thumb Code   128  strcmpv7m.o(.text)
    _sys_exit                                0x08001799   Thumb Code     8  sys_exit.o(.text)
    __I$use$semihosting                      0x080017a5   Thumb Code     0  use_no_semi.o(.text)
    __use_no_semihosting_swi                 0x080017a5   Thumb Code     2  use_no_semi.o(.text)
    __semihosting_library_function           0x080017a7   Thumb Code     0  indicate_semi.o(.text)
    _btod_d2e                                0x080017a7   Thumb Code    62  btod.o(CL$$btod_d2e)
    _d2e_denorm_low                          0x080017e5   Thumb Code    70  btod.o(CL$$btod_d2e_denorm_low)
    _d2e_norm_op1                            0x0800182b   Thumb Code    96  btod.o(CL$$btod_d2e_norm_op1)
    __btod_div_common                        0x0800188b   Thumb Code   696  btod.o(CL$$btod_div_common)
    _e2e                                     0x08001bc3   Thumb Code   220  btod.o(CL$$btod_e2e)
    _btod_ediv                               0x08001c9f   Thumb Code    42  btod.o(CL$$btod_ediv)
    _btod_emul                               0x08001cc9   Thumb Code    42  btod.o(CL$$btod_emul)
    __btod_mult_common                       0x08001cf3   Thumb Code   580  btod.o(CL$$btod_mult_common)
    ADC_Init                                 0x08001f39   Thumb Code   126  adc_user.o(i.ADC_Init)
    BusFault_Handler                         0x08001fc9   Thumb Code     2  stm32g4xx_it.o(i.BusFault_Handler)
    Callback01                               0x08001fcb   Thumb Code     2  app_freertos.o(i.Callback01)
    Callback02                               0x08001fcd   Thumb Code     2  app_freertos.o(i.Callback02)
    Callback03                               0x08001fcf   Thumb Code     2  app_freertos.o(i.Callback03)
    DAC_update                               0x08001fd1   Thumb Code    70  dac_user.o(i.DAC_update)
    DMA1_Channel1_IRQHandler                 0x08002021   Thumb Code     6  stm32g4xx_it.o(i.DMA1_Channel1_IRQHandler)
    DMA1_Channel2_IRQHandler                 0x0800202d   Thumb Code     6  stm32g4xx_it.o(i.DMA1_Channel2_IRQHandler)
    DebugMon_Handler                         0x080020eb   Thumb Code     2  stm32g4xx_it.o(i.DebugMon_Handler)
    Error_Handler                            0x080020ed   Thumb Code     4  main.o(i.Error_Handler)
    HAL_DMA_Abort_IT                         0x080020f1   Thumb Code   118  stm32g4xx_hal_dma.o(i.HAL_DMA_Abort_IT)
    HAL_DMA_IRQHandler                       0x08002167   Thumb Code   204  stm32g4xx_hal_dma.o(i.HAL_DMA_IRQHandler)
    HAL_DMA_Init                             0x08002235   Thumb Code   184  stm32g4xx_hal_dma.o(i.HAL_DMA_Init)
    HAL_DMA_Start_IT                         0x080022f9   Thumb Code   144  stm32g4xx_hal_dma.o(i.HAL_DMA_Start_IT)
    HAL_Delay                                0x08002389   Thumb Code    32  stm32g4xx_hal.o(i.HAL_Delay)
    HAL_GPIO_Init                            0x080023ad   Thumb Code   406  stm32g4xx_hal_gpio.o(i.HAL_GPIO_Init)
    HAL_GPIO_ReadPin                         0x08002565   Thumb Code    14  stm32g4xx_hal_gpio.o(i.HAL_GPIO_ReadPin)
    HAL_GPIO_WritePin                        0x08002573   Thumb Code    12  stm32g4xx_hal_gpio.o(i.HAL_GPIO_WritePin)
    HAL_GetTick                              0x08002581   Thumb Code     6  stm32g4xx_hal.o(i.HAL_GetTick)
    HAL_IncTick                              0x0800258d   Thumb Code    12  stm32g4xx_hal.o(i.HAL_IncTick)
    HAL_Init                                 0x0800259d   Thumb Code    30  stm32g4xx_hal.o(i.HAL_Init)
    HAL_InitTick                             0x080025bd   Thumb Code   116  stm32g4xx_hal_timebase_tim.o(i.HAL_InitTick)
    HAL_MspInit                              0x08002645   Thumb Code    54  stm32g4xx_hal_msp.o(i.HAL_MspInit)
    HAL_NVIC_EnableIRQ                       0x08002681   Thumb Code    26  stm32g4xx_hal_cortex.o(i.HAL_NVIC_EnableIRQ)
    HAL_NVIC_SetPriority                     0x0800269d   Thumb Code    60  stm32g4xx_hal_cortex.o(i.HAL_NVIC_SetPriority)
    HAL_NVIC_SetPriorityGrouping             0x080026dd   Thumb Code    26  stm32g4xx_hal_cortex.o(i.HAL_NVIC_SetPriorityGrouping)
    HAL_PWREx_ControlVoltageScaling          0x08002701   Thumb Code   190  stm32g4xx_hal_pwr_ex.o(i.HAL_PWREx_ControlVoltageScaling)
    HAL_PWREx_DisableUCPDDeadBattery         0x080027cd   Thumb Code    12  stm32g4xx_hal_pwr_ex.o(i.HAL_PWREx_DisableUCPDDeadBattery)
    HAL_RCCEx_PeriphCLKConfig                0x080027dd   Thumb Code   776  stm32g4xx_hal_rcc_ex.o(i.HAL_RCCEx_PeriphCLKConfig)
    HAL_RCC_ClockConfig                      0x08002aed   Thumb Code   432  stm32g4xx_hal_rcc.o(i.HAL_RCC_ClockConfig)
    HAL_RCC_GetClockConfig                   0x08002cb5   Thumb Code    52  stm32g4xx_hal_rcc.o(i.HAL_RCC_GetClockConfig)
    HAL_RCC_GetHCLKFreq                      0x08002cf1   Thumb Code     6  stm32g4xx_hal_rcc.o(i.HAL_RCC_GetHCLKFreq)
    HAL_RCC_GetPCLK1Freq                     0x08002cfd   Thumb Code    26  stm32g4xx_hal_rcc.o(i.HAL_RCC_GetPCLK1Freq)
    HAL_RCC_GetPCLK2Freq                     0x08002d21   Thumb Code    26  stm32g4xx_hal_rcc.o(i.HAL_RCC_GetPCLK2Freq)
    HAL_RCC_GetSysClockFreq                  0x08002d45   Thumb Code   106  stm32g4xx_hal_rcc.o(i.HAL_RCC_GetSysClockFreq)
    HAL_RCC_OscConfig                        0x08002db9   Thumb Code  1104  stm32g4xx_hal_rcc.o(i.HAL_RCC_OscConfig)
    HAL_SPI_ErrorCallback                    0x08003209   Thumb Code     2  stm32g4xx_hal_spi.o(i.HAL_SPI_ErrorCallback)
    HAL_SPI_IRQHandler                       0x0800320d   Thumb Code   254  stm32g4xx_hal_spi.o(i.HAL_SPI_IRQHandler)
    HAL_SPI_Init                             0x08003311   Thumb Code   236  stm32g4xx_hal_spi.o(i.HAL_SPI_Init)
    HAL_SPI_MspInit                          0x080033fd   Thumb Code   294  spi.o(i.HAL_SPI_MspInit)
    HAL_SPI_RxCpltCallback                   0x0800353d   Thumb Code     2  stm32g4xx_hal_spi.o(i.HAL_SPI_RxCpltCallback)
    HAL_SPI_RxHalfCpltCallback               0x0800353f   Thumb Code     2  stm32g4xx_hal_spi.o(i.HAL_SPI_RxHalfCpltCallback)
    HAL_SPI_Transmit                         0x08003541   Thumb Code   452  stm32g4xx_hal_spi.o(i.HAL_SPI_Transmit)
    HAL_SPI_TransmitReceive_DMA              0x08003705   Thumb Code   444  stm32g4xx_hal_spi.o(i.HAL_SPI_TransmitReceive_DMA)
    HAL_SPI_TxRxCpltCallback                 0x080038d5   Thumb Code    52  main.o(i.HAL_SPI_TxRxCpltCallback)
    HAL_SPI_TxRxHalfCpltCallback             0x0800391d   Thumb Code     2  stm32g4xx_hal_spi.o(i.HAL_SPI_TxRxHalfCpltCallback)
    HAL_TIMEx_Break2Callback                 0x0800391f   Thumb Code     2  stm32g4xx_hal_tim_ex.o(i.HAL_TIMEx_Break2Callback)
    HAL_TIMEx_BreakCallback                  0x08003921   Thumb Code     2  stm32g4xx_hal_tim_ex.o(i.HAL_TIMEx_BreakCallback)
    HAL_TIMEx_CommutCallback                 0x08003923   Thumb Code     2  stm32g4xx_hal_tim_ex.o(i.HAL_TIMEx_CommutCallback)
    HAL_TIMEx_DirectionChangeCallback        0x08003925   Thumb Code     2  stm32g4xx_hal_tim_ex.o(i.HAL_TIMEx_DirectionChangeCallback)
    HAL_TIMEx_EncoderIndexCallback           0x08003927   Thumb Code     2  stm32g4xx_hal_tim_ex.o(i.HAL_TIMEx_EncoderIndexCallback)
    HAL_TIMEx_IndexErrorCallback             0x08003929   Thumb Code     2  stm32g4xx_hal_tim_ex.o(i.HAL_TIMEx_IndexErrorCallback)
    HAL_TIMEx_TransitionErrorCallback        0x0800392b   Thumb Code     2  stm32g4xx_hal_tim_ex.o(i.HAL_TIMEx_TransitionErrorCallback)
    HAL_TIM_Base_Init                        0x0800392d   Thumb Code    78  stm32g4xx_hal_tim.o(i.HAL_TIM_Base_Init)
    HAL_TIM_Base_MspInit                     0x0800397b   Thumb Code     2  stm32g4xx_hal_tim.o(i.HAL_TIM_Base_MspInit)
    HAL_TIM_Base_Start_IT                    0x0800397d   Thumb Code   116  stm32g4xx_hal_tim.o(i.HAL_TIM_Base_Start_IT)
    HAL_TIM_IC_CaptureCallback               0x08003a11   Thumb Code     2  stm32g4xx_hal_tim.o(i.HAL_TIM_IC_CaptureCallback)
    HAL_TIM_IRQHandler                       0x08003a13   Thumb Code   426  stm32g4xx_hal_tim.o(i.HAL_TIM_IRQHandler)
    HAL_TIM_OC_DelayElapsedCallback          0x08003bbd   Thumb Code     2  stm32g4xx_hal_tim.o(i.HAL_TIM_OC_DelayElapsedCallback)
    HAL_TIM_PWM_PulseFinishedCallback        0x08003bbf   Thumb Code     2  stm32g4xx_hal_tim.o(i.HAL_TIM_PWM_PulseFinishedCallback)
    HAL_TIM_PeriodElapsedCallback            0x08003bc1   Thumb Code    14  main.o(i.HAL_TIM_PeriodElapsedCallback)
    HAL_TIM_TriggerCallback                  0x08003bd5   Thumb Code     2  stm32g4xx_hal_tim.o(i.HAL_TIM_TriggerCallback)
    HAL_UARTEx_DisableFifoMode               0x08003bd7   Thumb Code    62  stm32g4xx_hal_uart_ex.o(i.HAL_UARTEx_DisableFifoMode)
    HAL_UARTEx_SetRxFifoThreshold            0x08003c15   Thumb Code    76  stm32g4xx_hal_uart_ex.o(i.HAL_UARTEx_SetRxFifoThreshold)
    HAL_UARTEx_SetTxFifoThreshold            0x08003c61   Thumb Code    76  stm32g4xx_hal_uart_ex.o(i.HAL_UARTEx_SetTxFifoThreshold)
    HAL_UART_Init                            0x08003cad   Thumb Code   112  stm32g4xx_hal_uart.o(i.HAL_UART_Init)
    HAL_UART_MspInit                         0x08003d1d   Thumb Code   112  usart.o(i.HAL_UART_MspInit)
    HAL_UART_Transmit                        0x08003d99   Thumb Code   202  stm32g4xx_hal_uart.o(i.HAL_UART_Transmit)
    HRC_ADC_ReadResult                       0x08003e8d   Thumb Code    54  hrc_test.o(i.HRC_ADC_ReadResult)
    HRC_ADC_TestStart                        0x08003f15   Thumb Code    38  hrc_test.o(i.HRC_ADC_TestStart)
    HRC_ADC_TestStop                         0x08003f41   Thumb Code    36  hrc_test.o(i.HRC_ADC_TestStop)
    HRC_Bus_InitDefault                      0x08003f95   Thumb Code    36  hrc_bus.o(i.HRC_Bus_InitDefault)
    HRC_ClockCycles                          0x08004017   Thumb Code    22  hrc_bus.o(i.HRC_ClockCycles)
    HRC_ClockPulse                           0x0800402d   Thumb Code    42  hrc_bus.o(i.HRC_ClockPulse)
    HRC_ClockPulseAndRead                    0x0800405d   Thumb Code    60  hrc_bus.o(i.HRC_ClockPulseAndRead)
    HRC_OCTDC_ConfigTrim                     0x080040c5   Thumb Code    70  hrc_test.o(i.HRC_OCTDC_ConfigTrim)
    HRC_OCTDC_ReadResult                     0x0800410d   Thumb Code    54  hrc_test.o(i.HRC_OCTDC_ReadResult)
    HRC_OCTDC_TestStart                      0x08004191   Thumb Code    38  hrc_test.o(i.HRC_OCTDC_TestStart)
    HRC_OCTDC_TestStop                       0x080041bd   Thumb Code    36  hrc_test.o(i.HRC_OCTDC_TestStop)
    HRC_ReadCfgSingle                        0x0800432d   Thumb Code    76  hrc_cfg.o(i.HRC_ReadCfgSingle)
    HRC_ReadCfgTotal                         0x0800437d   Thumb Code   110  hrc_cfg.o(i.HRC_ReadCfgTotal)
    HRC_ReadConfigure                        0x08004401   Thumb Code   240  hrc_read.o(i.HRC_ReadConfigure)
    HRC_ReadDataOut                          0x080044f1   Thumb Code    52  hrc_bus.o(i.HRC_ReadDataOut)
    HRC_ReadGetUnitBit                       0x08004529   Thumb Code    30  hrc_read.o(i.HRC_ReadGetUnitBit)
    HRC_ReadInitConfig                       0x08004547   Thumb Code    30  hrc_read.o(i.HRC_ReadInitConfig)
    HRC_ReadRow                              0x08004565   Thumb Code   182  hrc_read.o(i.HRC_ReadRow)
    HRC_ReadSetUnitEnable                    0x0800461b   Thumb Code    52  hrc_read.o(i.HRC_ReadSetUnitEnable)
    HRC_ReadSingle                           0x0800464f   Thumb Code    84  hrc_read.o(i.HRC_ReadSingle)
    HRC_ReadValidOut                         0x080046c5   Thumb Code    24  hrc_bus.o(i.HRC_ReadValidOut)
    HRC_SendCommand                          0x080046e1   Thumb Code    24  hrc_bus.o(i.HRC_SendCommand)
    HRC_SetCmd                               0x080046f9   Thumb Code    20  hrc_bus.o(i.HRC_SetCmd)
    HRC_SetDataIn                            0x08004711   Thumb Code    52  hrc_bus.o(i.HRC_SetDataIn)
    HRC_SetRstn                              0x08004749   Thumb Code    20  hrc_bus.o(i.HRC_SetRstn)
    HRC_Test_ADC_Continuous                  0x08004779   Thumb Code   100  hrc_test.o(i.HRC_Test_ADC_Continuous)
    HRC_Test_ADC_Single                      0x0800484d   Thumb Code    62  hrc_test.o(i.HRC_Test_ADC_Single)
    HRC_Test_CfgDefault                      0x080048e9   Thumb Code    74  hrc_test.o(i.HRC_Test_CfgDefault)
    HRC_Test_CfgSingle                       0x080049bd   Thumb Code    98  hrc_test.o(i.HRC_Test_CfgSingle)
    HRC_Test_CfgTotal                        0x08004ab1   Thumb Code   126  hrc_test.o(i.HRC_Test_CfgTotal)
    HRC_Test_Initial                         0x08004bd1   Thumb Code   110  hrc_test.o(i.HRC_Test_Initial)
    HRC_Test_OCTDC_Single                    0x08004cc9   Thumb Code   146  hrc_test.o(i.HRC_Test_OCTDC_Single)
    HRC_Test_ReadRowDefault                  0x08004e31   Thumb Code   112  hrc_test.o(i.HRC_Test_ReadRowDefault)
    HRC_Test_ReadSingleDefault               0x08004f11   Thumb Code    92  hrc_test.o(i.HRC_Test_ReadSingleDefault)
    HRC_TransferCycle                        0x08004f91   Thumb Code    30  hrc_bus.o(i.HRC_TransferCycle)
    HRC_WaitIdle                             0x08004faf   Thumb Code    64  hrc_bus.o(i.HRC_WaitIdle)
    HRC_WriteCfgSingle                       0x08004ff1   Thumb Code   100  hrc_cfg.o(i.HRC_WriteCfgSingle)
    HRC_WriteCfgTotal                        0x08005059   Thumb Code   122  hrc_cfg.o(i.HRC_WriteCfgTotal)
    HardFault_Handler                        0x080050d9   Thumb Code     2  stm32g4xx_it.o(i.HardFault_Handler)
    MX_DMA_Init                              0x080050dd   Thumb Code    72  dma.o(i.MX_DMA_Init)
    MX_FREERTOS_Init                         0x08005129   Thumb Code   170  app_freertos.o(i.MX_FREERTOS_Init)
    MX_GPIO_Init                             0x080051dd   Thumb Code   568  gpio.o(i.MX_GPIO_Init)
    MX_SPI1_Init                             0x08005431   Thumb Code    72  spi.o(i.MX_SPI1_Init)
    MX_SPI3_Init                             0x08005481   Thumb Code    62  spi.o(i.MX_SPI3_Init)
    MX_USART1_UART_Init                      0x080054c9   Thumb Code    94  usart.o(i.MX_USART1_UART_Init)
    MemManage_Handler                        0x08005531   Thumb Code     2  stm32g4xx_it.o(i.MemManage_Handler)
    NMI_Handler                              0x08005533   Thumb Code     2  stm32g4xx_it.o(i.NMI_Handler)
    PC_Printf                                0x08005535   Thumb Code    46  pc_comm.o(i.PC_Printf)
    PC_SendADCData                           0x08005565   Thumb Code    34  pc_comm.o(i.PC_SendADCData)
    PC_SendBytes                             0x08005591   Thumb Code    22  pc_comm.o(i.PC_SendBytes)
    PC_SendCfgTable                          0x080055ad   Thumb Code    34  pc_comm.o(i.PC_SendCfgTable)
    SPI3_IRQHandler                          0x08005635   Thumb Code     6  stm32g4xx_it.o(i.SPI3_IRQHandler)
    StartDefaultTask                         0x080059d5   Thumb Code    44  app_freertos.o(i.StartDefaultTask)
    StartTask02                              0x08005a05   Thumb Code     2  app_freertos.o(i.StartTask02)
    StartTask03                              0x08005a07   Thumb Code     2  app_freertos.o(i.StartTask03)
    StartTask04                              0x08005a09   Thumb Code     8  app_freertos.o(i.StartTask04)
    StartTask05                              0x08005a11   Thumb Code     8  app_freertos.o(i.StartTask05)
    SysTick_Handler                          0x08005a19   Thumb Code    38  port.o(i.SysTick_Handler)
    SystemClock_Config                       0x08005a45   Thumb Code   100  main.o(i.SystemClock_Config)
    SystemInit                               0x08005aa9   Thumb Code    12  system_stm32g4xx.o(i.SystemInit)
    TIM7_DAC_IRQHandler                      0x08005ab9   Thumb Code     6  stm32g4xx_it.o(i.TIM7_DAC_IRQHandler)
    TIM_Base_SetConfig                       0x08005ac5   Thumb Code   184  stm32g4xx_hal_tim.o(i.TIM_Base_SetConfig)
    UART_AdvFeatureConfig                    0x08005be9   Thumb Code   200  stm32g4xx_hal_uart.o(i.UART_AdvFeatureConfig)
    UART_CheckIdleState                      0x08005cb1   Thumb Code   170  stm32g4xx_hal_uart.o(i.UART_CheckIdleState)
    UART_SetConfig                           0x08005db1   Thumb Code   734  stm32g4xx_hal_uart.o(i.UART_SetConfig)
    UART_WaitOnFlagUntilTimeout              0x080060c1   Thumb Code   152  stm32g4xx_hal_uart.o(i.UART_WaitOnFlagUntilTimeout)
    UsageFault_Handler                       0x08006159   Thumb Code     2  stm32g4xx_it.o(i.UsageFault_Handler)
    __ARM_fpclassify                         0x0800615b   Thumb Code    48  fpclassify.o(i.__ARM_fpclassify)
    _is_digit                                0x080061ab   Thumb Code    14  __printf_wp.o(i._is_digit)
    delay_us                                 0x080061b9   Thumb Code    18  main.o(i.delay_us)
    main                                     0x080061cd   Thumb Code   170  main.o(i.main)
    osDelay                                  0x08006291   Thumb Code    16  cmsis_os.o(i.osDelay)
    osKernelStart                            0x080062a1   Thumb Code    10  cmsis_os.o(i.osKernelStart)
    osThreadCreate                           0x080062ab   Thumb Code    46  cmsis_os.o(i.osThreadCreate)
    osTimerCreate                            0x080062d9   Thumb Code    28  cmsis_os.o(i.osTimerCreate)
    pvPortMalloc                             0x08006b11   Thumb Code   214  heap_4.o(i.pvPortMalloc)
    pxPortInitialiseStack                    0x08006bed   Thumb Code    30  port.o(i.pxPortInitialiseStack)
    uxListRemove                             0x08006c11   Thumb Code    38  list.o(i.uxListRemove)
    vListInitialise                          0x08006c37   Thumb Code    22  list.o(i.vListInitialise)
    vListInitialiseItem                      0x08006c4d   Thumb Code     6  list.o(i.vListInitialiseItem)
    vListInsert                              0x08006c53   Thumb Code    48  list.o(i.vListInsert)
    vListInsertEnd                           0x08006c83   Thumb Code    24  list.o(i.vListInsertEnd)
    vPortEnterCritical                       0x08006c9d   Thumb Code    54  port.o(i.vPortEnterCritical)
    vPortExitCritical                        0x08006cdd   Thumb Code    38  port.o(i.vPortExitCritical)
    vPortFree                                0x08006d09   Thumb Code    94  heap_4.o(i.vPortFree)
    vPortSetupTimerInterrupt                 0x08006d6d   Thumb Code    32  port.o(i.vPortSetupTimerInterrupt)
    vPortValidateInterruptPriority           0x08006d91   Thumb Code    74  port.o(i.vPortValidateInterruptPriority)
    vQueueAddToRegistry                      0x08006de5   Thumb Code    32  queue.o(i.vQueueAddToRegistry)
    vQueueWaitForMessageRestricted           0x08006e09   Thumb Code    70  queue.o(i.vQueueWaitForMessageRestricted)
    vTaskDelay                               0x08006e51   Thumb Code    70  tasks.o(i.vTaskDelay)
    vTaskInternalSetTimeOutState             0x08006ea1   Thumb Code    12  tasks.o(i.vTaskInternalSetTimeOutState)
    vTaskMissedYield                         0x08006eb1   Thumb Code     8  tasks.o(i.vTaskMissedYield)
    vTaskPlaceOnEventList                    0x08006ebd   Thumb Code    46  tasks.o(i.vTaskPlaceOnEventList)
    vTaskPlaceOnEventListRestricted          0x08006ef1   Thumb Code    54  tasks.o(i.vTaskPlaceOnEventListRestricted)
    vTaskStartScheduler                      0x08006f2d   Thumb Code    94  tasks.o(i.vTaskStartScheduler)
    vTaskSuspendAll                          0x08006f9d   Thumb Code    10  tasks.o(i.vTaskSuspendAll)
    vTaskSwitchContext                       0x08006fad   Thumb Code    86  tasks.o(i.vTaskSwitchContext)
    xPortStartScheduler                      0x0800700d   Thumb Code   222  port.o(i.xPortStartScheduler)
    xQueueGenericCreate                      0x08007101   Thumb Code    62  queue.o(i.xQueueGenericCreate)
    xQueueGenericReset                       0x08007141   Thumb Code   134  queue.o(i.xQueueGenericReset)
    xQueueGenericSend                        0x080071cd   Thumb Code   352  queue.o(i.xQueueGenericSend)
    xQueueGenericSendFromISR                 0x08007331   Thumb Code   192  queue.o(i.xQueueGenericSendFromISR)
    xQueueReceive                            0x080073f1   Thumb Code   310  queue.o(i.xQueueReceive)
    xTaskCheckForTimeOut                     0x0800752d   Thumb Code   118  tasks.o(i.xTaskCheckForTimeOut)
    xTaskCreate                              0x080075a9   Thumb Code    96  tasks.o(i.xTaskCreate)
    xTaskGetSchedulerState                   0x08007609   Thumb Code    24  tasks.o(i.xTaskGetSchedulerState)
    xTaskGetTickCount                        0x08007625   Thumb Code     6  tasks.o(i.xTaskGetTickCount)
    xTaskIncrementTick                       0x08007631   Thumb Code   198  tasks.o(i.xTaskIncrementTick)
    xTaskPriorityDisinherit                  0x08007701   Thumb Code   144  tasks.o(i.xTaskPriorityDisinherit)
    xTaskRemoveFromEventList                 0x08007799   Thumb Code   114  tasks.o(i.xTaskRemoveFromEventList)
    xTaskResumeAll                           0x08007815   Thumb Code   192  tasks.o(i.xTaskResumeAll)
    xTimerCreate                             0x080078e1   Thumb Code    52  timers.o(i.xTimerCreate)
    xTimerCreateTimerTask                    0x08007915   Thumb Code    60  timers.o(i.xTimerCreateTimerTask)
    xTimerGenericCommand                     0x08007961   Thumb Code    98  timers.o(i.xTimerGenericCommand)
    _get_lc_numeric                          0x080079c9   Thumb Code    44  lc_numeric_c.o(locale$$code)
    _get_lc_ctype                            0x080079f5   Thumb Code    44  lc_ctype_c.o(locale$$code)
    _fp_init                                 0x08007a21   Thumb Code    10  fpinit.o(x$fpl$fpinit)
    __fplib_config_fpu_vfp                   0x08007a29   Thumb Code     0  fpinit.o(x$fpl$fpinit)
    __fplib_config_pureend_doubles           0x08007a29   Thumb Code     0  fpinit.o(x$fpl$fpinit)
    _printf_fp_dec                           0x08007a2b   Thumb Code     4  printf1.o(x$fpl$printf1)
    _printf_fp_hex                           0x08007a2f   Thumb Code     4  printf2.o(x$fpl$printf2)
    __I$use$fp                               0x08007a32   Number         0  usenofp.o(x$fpl$usenofp)
    UARTPrescTable                           0x08007b24   Data          24  stm32g4xx_hal_uart.o(.constdata)
    AHBPrescTable                            0x08007b4c   Data          16  system_stm32g4xx.o(.constdata)
    APBPrescTable                            0x08007b5c   Data           8  system_stm32g4xx.o(.constdata)
    Region$$Table$$Base                      0x08007d30   Number         0  anon$$obj.o(Region$$Table)
    Region$$Table$$Limit                     0x08007d50   Number         0  anon$$obj.o(Region$$Table)
    __ctype                                  0x08007d79   Data           0  lc_ctype_c.o(locale$$data)
    FPGA_rx_flag                             0x20000004   Data           1  main.o(.data)
    hrc_octdc_delay_trim                     0x20000005   Data           1  main.o(.data)
    hrc_octdc_bl_res_trim                    0x20000006   Data           1  main.o(.data)
    hrc_octdc_ref_res_trim                   0x20000007   Data           1  main.o(.data)
    hrc_adc_conversion_wait_us               0x20000008   Data           2  main.o(.data)
    hrc_octdc_conversion_wait_us             0x2000000a   Data           2  main.o(.data)
    defaultTaskHandle                        0x2000000c   Data           4  app_freertos.o(.data)
    myTask02Handle                           0x20000010   Data           4  app_freertos.o(.data)
    myTask03Handle                           0x20000014   Data           4  app_freertos.o(.data)
    myTask04Handle                           0x20000018   Data           4  app_freertos.o(.data)
    myTask05Handle                           0x2000001c   Data           4  app_freertos.o(.data)
    myTimer01Handle                          0x20000020   Data           4  app_freertos.o(.data)
    myTimer02Handle                          0x20000024   Data           4  app_freertos.o(.data)
    myTimer03Handle                          0x20000028   Data           4  app_freertos.o(.data)
    uwTickPrio                               0x2000002c   Data           4  stm32g4xx_hal.o(.data)
    uwTickFreq                               0x20000030   Data           4  stm32g4xx_hal.o(.data)
    uwTick                                   0x20000034   Data           4  stm32g4xx_hal.o(.data)
    SystemCoreClock                          0x20000038   Data           4  system_stm32g4xx.o(.data)
    pxCurrentTCB                             0x2000003c   Data           4  tasks.o(.data)
    FPGA_tx_buff                             0x200010e5   Data        1024  main.o(.bss)
    FPGA_rx_buff                             0x200014e5   Data         256  main.o(.bss)
    FPGA_buff                                0x200015e5   Data         256  main.o(.bss)
    hspi1                                    0x200016e8   Data         100  spi.o(.bss)
    hspi3                                    0x2000174c   Data         100  spi.o(.bss)
    hdma_spi3_tx                             0x200017b0   Data          96  spi.o(.bss)
    hdma_spi3_rx                             0x20001810   Data          96  spi.o(.bss)
    huart1                                   0x20001870   Data         148  usart.o(.bss)
    htim7                                    0x20001904   Data          76  stm32g4xx_hal_timebase_tim.o(.bss)
    xQueueRegistry                           0x20001950   Data          64  queue.o(.bss)
    __libspace_start                         0x20006aa8   Data          96  libspace.o(.bss)
    __temporary_stack_top$libspace           0x20006b08   Data           0  libspace.o(.bss)



==============================================================================

Memory Map of the image

  Image Entry point : 0x080001d9

  Load Region LR_IROM1 (Base: 0x08000000, Size: 0x00007f34, Max: 0x00020000, ABSOLUTE)

    Execution Region ER_IROM1 (Exec base: 0x08000000, Load base: 0x08000000, Size: 0x00007e7c, Max: 0x00020000, ABSOLUTE)

    Exec Addr    Load Addr    Size         Type   Attr      Idx    E Section Name        Object

    0x08000000   0x08000000   0x000001d8   Data   RO            3    RESET               startup_stm32g474xx.o
    0x080001d8   0x080001d8   0x00000008   Code   RO         6352  * !!!main             c_w.l(__main.o)
    0x080001e0   0x080001e0   0x00000034   Code   RO         6687    !!!scatter          c_w.l(__scatter.o)
    0x08000214   0x08000214   0x0000001a   Code   RO         6689    !!handler_copy      c_w.l(__scatter_copy.o)
    0x0800022e   0x0800022e   0x00000002   PAD
    0x08000230   0x08000230   0x0000001c   Code   RO         6691    !!handler_zi        c_w.l(__scatter_zi.o)
    0x0800024c   0x0800024c   0x00000000   Code   RO         6442    .ARM.Collect$$_printf_percent$$00000000  c_w.l(_printf_percent.o)
    0x0800024c   0x0800024c   0x00000006   Code   RO         6431    .ARM.Collect$$_printf_percent$$00000001  c_w.l(_printf_n.o)
    0x08000252   0x08000252   0x00000006   Code   RO         6433    .ARM.Collect$$_printf_percent$$00000002  c_w.l(_printf_p.o)
    0x08000258   0x08000258   0x00000006   Code   RO         6438    .ARM.Collect$$_printf_percent$$00000003  c_w.l(_printf_f.o)
    0x0800025e   0x0800025e   0x00000006   Code   RO         6439    .ARM.Collect$$_printf_percent$$00000004  c_w.l(_printf_e.o)
    0x08000264   0x08000264   0x00000006   Code   RO         6440    .ARM.Collect$$_printf_percent$$00000005  c_w.l(_printf_g.o)
    0x0800026a   0x0800026a   0x00000006   Code   RO         6441    .ARM.Collect$$_printf_percent$$00000006  c_w.l(_printf_a.o)
    0x08000270   0x08000270   0x0000000a   Code   RO         6446    .ARM.Collect$$_printf_percent$$00000007  c_w.l(_printf_ll.o)
    0x0800027a   0x0800027a   0x00000006   Code   RO         6435    .ARM.Collect$$_printf_percent$$00000008  c_w.l(_printf_i.o)
    0x08000280   0x08000280   0x00000006   Code   RO         6436    .ARM.Collect$$_printf_percent$$00000009  c_w.l(_printf_d.o)
    0x08000286   0x08000286   0x00000006   Code   RO         6437    .ARM.Collect$$_printf_percent$$0000000A  c_w.l(_printf_u.o)
    0x0800028c   0x0800028c   0x00000006   Code   RO         6434    .ARM.Collect$$_printf_percent$$0000000B  c_w.l(_printf_o.o)
    0x08000292   0x08000292   0x00000006   Code   RO         6432    .ARM.Collect$$_printf_percent$$0000000C  c_w.l(_printf_x.o)
    0x08000298   0x08000298   0x00000006   Code   RO         6443    .ARM.Collect$$_printf_percent$$0000000D  c_w.l(_printf_lli.o)
    0x0800029e   0x0800029e   0x00000006   Code   RO         6444    .ARM.Collect$$_printf_percent$$0000000E  c_w.l(_printf_lld.o)
    0x080002a4   0x080002a4   0x00000006   Code   RO         6445    .ARM.Collect$$_printf_percent$$0000000F  c_w.l(_printf_llu.o)
    0x080002aa   0x080002aa   0x00000006   Code   RO         6450    .ARM.Collect$$_printf_percent$$00000010  c_w.l(_printf_llo.o)
    0x080002b0   0x080002b0   0x00000006   Code   RO         6451    .ARM.Collect$$_printf_percent$$00000011  c_w.l(_printf_llx.o)
    0x080002b6   0x080002b6   0x0000000a   Code   RO         6447    .ARM.Collect$$_printf_percent$$00000012  c_w.l(_printf_l.o)
    0x080002c0   0x080002c0   0x00000006   Code   RO         6429    .ARM.Collect$$_printf_percent$$00000013  c_w.l(_printf_c.o)
    0x080002c6   0x080002c6   0x00000006   Code   RO         6430    .ARM.Collect$$_printf_percent$$00000014  c_w.l(_printf_s.o)
    0x080002cc   0x080002cc   0x00000006   Code   RO         6448    .ARM.Collect$$_printf_percent$$00000015  c_w.l(_printf_lc.o)
    0x080002d2   0x080002d2   0x00000006   Code   RO         6449    .ARM.Collect$$_printf_percent$$00000016  c_w.l(_printf_ls.o)
    0x080002d8   0x080002d8   0x00000004   Code   RO         6492    .ARM.Collect$$_printf_percent$$00000017  c_w.l(_printf_percent_end.o)
    0x080002dc   0x080002dc   0x00000002   Code   RO         6545    .ARM.Collect$$libinit$$00000000  c_w.l(libinit.o)
    0x080002de   0x080002de   0x00000004   Code   RO         6567    .ARM.Collect$$libinit$$00000001  c_w.l(libinit2.o)
    0x080002e2   0x080002e2   0x00000000   Code   RO         6570    .ARM.Collect$$libinit$$00000004  c_w.l(libinit2.o)
    0x080002e2   0x080002e2   0x00000000   Code   RO         6573    .ARM.Collect$$libinit$$0000000A  c_w.l(libinit2.o)
    0x080002e2   0x080002e2   0x00000000   Code   RO         6575    .ARM.Collect$$libinit$$0000000C  c_w.l(libinit2.o)
    0x080002e2   0x080002e2   0x00000000   Code   RO         6577    .ARM.Collect$$libinit$$0000000E  c_w.l(libinit2.o)
    0x080002e2   0x080002e2   0x00000006   Code   RO         6578    .ARM.Collect$$libinit$$0000000F  c_w.l(libinit2.o)
    0x080002e8   0x080002e8   0x00000000   Code   RO         6580    .ARM.Collect$$libinit$$00000011  c_w.l(libinit2.o)
    0x080002e8   0x080002e8   0x0000000c   Code   RO         6581    .ARM.Collect$$libinit$$00000012  c_w.l(libinit2.o)
    0x080002f4   0x080002f4   0x00000000   Code   RO         6582    .ARM.Collect$$libinit$$00000013  c_w.l(libinit2.o)
    0x080002f4   0x080002f4   0x00000000   Code   RO         6584    .ARM.Collect$$libinit$$00000015  c_w.l(libinit2.o)
    0x080002f4   0x080002f4   0x0000000a   Code   RO         6585    .ARM.Collect$$libinit$$00000016  c_w.l(libinit2.o)
    0x080002fe   0x080002fe   0x00000000   Code   RO         6586    .ARM.Collect$$libinit$$00000017  c_w.l(libinit2.o)
    0x080002fe   0x080002fe   0x00000000   Code   RO         6588    .ARM.Collect$$libinit$$00000019  c_w.l(libinit2.o)
    0x080002fe   0x080002fe   0x00000000   Code   RO         6590    .ARM.Collect$$libinit$$0000001B  c_w.l(libinit2.o)
    0x080002fe   0x080002fe   0x00000000   Code   RO         6592    .ARM.Collect$$libinit$$0000001D  c_w.l(libinit2.o)
    0x080002fe   0x080002fe   0x00000000   Code   RO         6594    .ARM.Collect$$libinit$$0000001F  c_w.l(libinit2.o)
    0x080002fe   0x080002fe   0x00000000   Code   RO         6596    .ARM.Collect$$libinit$$00000021  c_w.l(libinit2.o)
    0x080002fe   0x080002fe   0x00000000   Code   RO         6598    .ARM.Collect$$libinit$$00000023  c_w.l(libinit2.o)
    0x080002fe   0x080002fe   0x00000000   Code   RO         6600    .ARM.Collect$$libinit$$00000025  c_w.l(libinit2.o)
    0x080002fe   0x080002fe   0x00000000   Code   RO         6604    .ARM.Collect$$libinit$$0000002C  c_w.l(libinit2.o)
    0x080002fe   0x080002fe   0x00000000   Code   RO         6606    .ARM.Collect$$libinit$$0000002E  c_w.l(libinit2.o)
    0x080002fe   0x080002fe   0x00000000   Code   RO         6608    .ARM.Collect$$libinit$$00000030  c_w.l(libinit2.o)
    0x080002fe   0x080002fe   0x00000000   Code   RO         6610    .ARM.Collect$$libinit$$00000032  c_w.l(libinit2.o)
    0x080002fe   0x080002fe   0x00000002   Code   RO         6611    .ARM.Collect$$libinit$$00000033  c_w.l(libinit2.o)
    0x08000300   0x08000300   0x00000002   Code   RO         6642    .ARM.Collect$$libshutdown$$00000000  c_w.l(libshutdown.o)
    0x08000302   0x08000302   0x00000000   Code   RO         6668    .ARM.Collect$$libshutdown$$00000002  c_w.l(libshutdown2.o)
    0x08000302   0x08000302   0x00000000   Code   RO         6670    .ARM.Collect$$libshutdown$$00000004  c_w.l(libshutdown2.o)
    0x08000302   0x08000302   0x00000000   Code   RO         6672    .ARM.Collect$$libshutdown$$00000006  c_w.l(libshutdown2.o)
    0x08000302   0x08000302   0x00000000   Code   RO         6675    .ARM.Collect$$libshutdown$$00000009  c_w.l(libshutdown2.o)
    0x08000302   0x08000302   0x00000000   Code   RO         6678    .ARM.Collect$$libshutdown$$0000000C  c_w.l(libshutdown2.o)
    0x08000302   0x08000302   0x00000000   Code   RO         6680    .ARM.Collect$$libshutdown$$0000000E  c_w.l(libshutdown2.o)
    0x08000302   0x08000302   0x00000000   Code   RO         6683    .ARM.Collect$$libshutdown$$00000011  c_w.l(libshutdown2.o)
    0x08000302   0x08000302   0x00000002   Code   RO         6684    .ARM.Collect$$libshutdown$$00000012  c_w.l(libshutdown2.o)
    0x08000304   0x08000304   0x00000000   Code   RO         6354    .ARM.Collect$$rtentry$$00000000  c_w.l(__rtentry.o)
    0x08000304   0x08000304   0x00000000   Code   RO         6461    .ARM.Collect$$rtentry$$00000002  c_w.l(__rtentry2.o)
    0x08000304   0x08000304   0x00000006   Code   RO         6473    .ARM.Collect$$rtentry$$00000004  c_w.l(__rtentry4.o)
    0x0800030a   0x0800030a   0x00000000   Code   RO         6463    .ARM.Collect$$rtentry$$00000009  c_w.l(__rtentry2.o)
    0x0800030a   0x0800030a   0x00000004   Code   RO         6464    .ARM.Collect$$rtentry$$0000000A  c_w.l(__rtentry2.o)
    0x0800030e   0x0800030e   0x00000000   Code   RO         6466    .ARM.Collect$$rtentry$$0000000C  c_w.l(__rtentry2.o)
    0x0800030e   0x0800030e   0x00000008   Code   RO         6467    .ARM.Collect$$rtentry$$0000000D  c_w.l(__rtentry2.o)
    0x08000316   0x08000316   0x00000002   Code   RO         6554    .ARM.Collect$$rtexit$$00000000  c_w.l(rtexit.o)
    0x08000318   0x08000318   0x00000000   Code   RO         6615    .ARM.Collect$$rtexit$$00000002  c_w.l(rtexit2.o)
    0x08000318   0x08000318   0x00000004   Code   RO         6616    .ARM.Collect$$rtexit$$00000003  c_w.l(rtexit2.o)
    0x0800031c   0x0800031c   0x00000006   Code   RO         6617    .ARM.Collect$$rtexit$$00000004  c_w.l(rtexit2.o)
    0x08000322   0x08000322   0x00000002   PAD
    0x08000324   0x08000324   0x000000be   Code   RO         6257    .emb_text           port.o
    0x080003e2   0x080003e2   0x00000002   PAD
    0x080003e4   0x080003e4   0x00000040   Code   RO            4    .text               startup_stm32g474xx.o
    0x08000424   0x08000424   0x000000ee   Code   RO         6336    .text               c_w.l(lludivv7m.o)
    0x08000512   0x08000512   0x00000002   PAD
    0x08000514   0x08000514   0x00000034   Code   RO         6338    .text               c_w.l(vsnprintf.o)
    0x08000548   0x08000548   0x0000008a   Code   RO         6340    .text               c_w.l(rt_memcpy_v6.o)
    0x080005d2   0x080005d2   0x00000064   Code   RO         6342    .text               c_w.l(rt_memcpy_w.o)
    0x08000636   0x08000636   0x00000044   Code   RO         6346    .text               c_w.l(rt_memclr.o)
    0x0800067a   0x0800067a   0x0000004e   Code   RO         6348    .text               c_w.l(rt_memclr_w.o)
    0x080006c8   0x080006c8   0x00000006   Code   RO         6350    .text               c_w.l(heapauxi.o)
    0x080006ce   0x080006ce   0x0000004e   Code   RO         6361    .text               c_w.l(_printf_pad.o)
    0x0800071c   0x0800071c   0x00000024   Code   RO         6363    .text               c_w.l(_printf_truncate.o)
    0x08000740   0x08000740   0x00000052   Code   RO         6365    .text               c_w.l(_printf_str.o)
    0x08000792   0x08000792   0x00000002   PAD
    0x08000794   0x08000794   0x00000078   Code   RO         6367    .text               c_w.l(_printf_dec.o)
    0x0800080c   0x0800080c   0x00000028   Code   RO         6369    .text               c_w.l(_printf_charcount.o)
    0x08000834   0x08000834   0x00000030   Code   RO         6371    .text               c_w.l(_printf_char_common.o)
    0x08000864   0x08000864   0x0000000a   Code   RO         6373    .text               c_w.l(_sputc.o)
    0x0800086e   0x0800086e   0x00000010   Code   RO         6375    .text               c_w.l(_snputc.o)
    0x0800087e   0x0800087e   0x00000002   PAD
    0x08000880   0x08000880   0x000000bc   Code   RO         6377    .text               c_w.l(_printf_wctomb.o)
    0x0800093c   0x0800093c   0x0000007c   Code   RO         6380    .text               c_w.l(_printf_longlong_dec.o)
    0x080009b8   0x080009b8   0x00000070   Code   RO         6386    .text               c_w.l(_printf_oct_int_ll.o)
    0x08000a28   0x08000a28   0x00000094   Code   RO         6406    .text               c_w.l(_printf_hex_int_ll_ptr.o)
    0x08000abc   0x08000abc   0x00000188   Code   RO         6426    .text               c_w.l(__printf_flags_ss_wp.o)
    0x08000c44   0x08000c44   0x0000008a   Code   RO         6477    .text               c_w.l(lludiv10.o)
    0x08000cce   0x08000cce   0x000000b2   Code   RO         6479    .text               c_w.l(_printf_intcommon.o)
    0x08000d80   0x08000d80   0x0000041e   Code   RO         6481    .text               c_w.l(_printf_fp_dec.o)
    0x0800119e   0x0800119e   0x00000002   PAD
    0x080011a0   0x080011a0   0x000002fc   Code   RO         6483    .text               c_w.l(_printf_fp_hex.o)
    0x0800149c   0x0800149c   0x0000002c   Code   RO         6488    .text               c_w.l(_printf_char.o)
    0x080014c8   0x080014c8   0x0000002c   Code   RO         6490    .text               c_w.l(_printf_wchar.o)
    0x080014f4   0x080014f4   0x00000040   Code   RO         6493    .text               c_w.l(_wcrtomb.o)
    0x08001534   0x08001534   0x0000004a   Code   RO         6495    .text               c_w.l(sys_stackheap_outer.o)
    0x0800157e   0x0800157e   0x00000002   PAD
    0x08001580   0x08001580   0x00000010   Code   RO         6497    .text               c_w.l(rt_ctype_table.o)
    0x08001590   0x08001590   0x00000008   Code   RO         6502    .text               c_w.l(rt_locale_intlibspace.o)
    0x08001598   0x08001598   0x00000080   Code   RO         6504    .text               c_w.l(_printf_fp_infnan.o)
    0x08001618   0x08001618   0x000000e4   Code   RO         6506    .text               c_w.l(bigflt0.o)
    0x080016fc   0x080016fc   0x00000012   Code   RO         6534    .text               c_w.l(exit.o)
    0x0800170e   0x0800170e   0x00000002   PAD
    0x08001710   0x08001710   0x00000008   Code   RO         6551    .text               c_w.l(libspace.o)
    0x08001718   0x08001718   0x00000080   Code   RO         6565    .text               c_w.l(strcmpv7m.o)
    0x08001798   0x08001798   0x0000000c   Code   RO         6612    .text               c_w.l(sys_exit.o)
    0x080017a4   0x080017a4   0x00000002   Code   RO         6631    .text               c_w.l(use_no_semi.o)
    0x080017a6   0x080017a6   0x00000000   Code   RO         6633    .text               c_w.l(indicate_semi.o)
    0x080017a6   0x080017a6   0x0000003e   Code   RO         6509    CL$$btod_d2e        c_w.l(btod.o)
    0x080017e4   0x080017e4   0x00000046   Code   RO         6511    CL$$btod_d2e_denorm_low  c_w.l(btod.o)
    0x0800182a   0x0800182a   0x00000060   Code   RO         6510    CL$$btod_d2e_norm_op1  c_w.l(btod.o)
    0x0800188a   0x0800188a   0x00000338   Code   RO         6519    CL$$btod_div_common  c_w.l(btod.o)
    0x08001bc2   0x08001bc2   0x000000dc   Code   RO         6516    CL$$btod_e2e        c_w.l(btod.o)
    0x08001c9e   0x08001c9e   0x0000002a   Code   RO         6513    CL$$btod_ediv       c_w.l(btod.o)
    0x08001cc8   0x08001cc8   0x0000002a   Code   RO         6512    CL$$btod_emul       c_w.l(btod.o)
    0x08001cf2   0x08001cf2   0x00000244   Code   RO         6518    CL$$btod_mult_common  c_w.l(btod.o)
    0x08001f36   0x08001f36   0x00000002   PAD
    0x08001f38   0x08001f38   0x00000090   Code   RO           13    i.ADC_Init          adc_user.o
    0x08001fc8   0x08001fc8   0x00000002   Code   RO         1100    i.BusFault_Handler  stm32g4xx_it.o
    0x08001fca   0x08001fca   0x00000002   Code   RO          900    i.Callback01        app_freertos.o
    0x08001fcc   0x08001fcc   0x00000002   Code   RO          901    i.Callback02        app_freertos.o
    0x08001fce   0x08001fce   0x00000002   Code   RO          902    i.Callback03        app_freertos.o
    0x08001fd0   0x08001fd0   0x00000050   Code   RO          179    i.DAC_update        dac_user.o
    0x08002020   0x08002020   0x0000000c   Code   RO         1101    i.DMA1_Channel1_IRQHandler  stm32g4xx_it.o
    0x0800202c   0x0800202c   0x0000000c   Code   RO         1102    i.DMA1_Channel2_IRQHandler  stm32g4xx_it.o
    0x08002038   0x08002038   0x00000048   Code   RO         3318    i.DMA_CalcDMAMUXChannelBaseAndMask  stm32g4xx_hal_dma.o
    0x08002080   0x08002080   0x00000028   Code   RO         3319    i.DMA_CalcDMAMUXRequestGenBaseAndMask  stm32g4xx_hal_dma.o
    0x080020a8   0x080020a8   0x00000042   Code   RO         3320    i.DMA_SetConfig     stm32g4xx_hal_dma.o
    0x080020ea   0x080020ea   0x00000002   Code   RO         1103    i.DebugMon_Handler  stm32g4xx_it.o
    0x080020ec   0x080020ec   0x00000004   Code   RO          747    i.Error_Handler     main.o
    0x080020f0   0x080020f0   0x00000076   Code   RO         3322    i.HAL_DMA_Abort_IT  stm32g4xx_hal_dma.o
    0x08002166   0x08002166   0x000000cc   Code   RO         3326    i.HAL_DMA_IRQHandler  stm32g4xx_hal_dma.o
    0x08002232   0x08002232   0x00000002   PAD
    0x08002234   0x08002234   0x000000c4   Code   RO         3327    i.HAL_DMA_Init      stm32g4xx_hal_dma.o
    0x080022f8   0x080022f8   0x00000090   Code   RO         3331    i.HAL_DMA_Start_IT  stm32g4xx_hal_dma.o
    0x08002388   0x08002388   0x00000024   Code   RO         2408    i.HAL_Delay         stm32g4xx_hal.o
    0x080023ac   0x080023ac   0x000001b8   Code   RO         3183    i.HAL_GPIO_Init     stm32g4xx_hal_gpio.o
    0x08002564   0x08002564   0x0000000e   Code   RO         3185    i.HAL_GPIO_ReadPin  stm32g4xx_hal_gpio.o
    0x08002572   0x08002572   0x0000000c   Code   RO         3187    i.HAL_GPIO_WritePin  stm32g4xx_hal_gpio.o
    0x0800257e   0x0800257e   0x00000002   PAD
    0x08002580   0x08002580   0x0000000c   Code   RO         2412    i.HAL_GetTick       stm32g4xx_hal.o
    0x0800258c   0x0800258c   0x00000010   Code   RO         2418    i.HAL_IncTick       stm32g4xx_hal.o
    0x0800259c   0x0800259c   0x0000001e   Code   RO         2419    i.HAL_Init          stm32g4xx_hal.o
    0x080025ba   0x080025ba   0x00000002   PAD
    0x080025bc   0x080025bc   0x00000088   Code   RO         1206    i.HAL_InitTick      stm32g4xx_hal_timebase_tim.o
    0x08002644   0x08002644   0x0000003c   Code   RO         1182    i.HAL_MspInit       stm32g4xx_hal_msp.o
    0x08002680   0x08002680   0x0000001a   Code   RO         3832    i.HAL_NVIC_EnableIRQ  stm32g4xx_hal_cortex.o
    0x0800269a   0x0800269a   0x00000002   PAD
    0x0800269c   0x0800269c   0x00000040   Code   RO         3838    i.HAL_NVIC_SetPriority  stm32g4xx_hal_cortex.o
    0x080026dc   0x080026dc   0x00000024   Code   RO         3839    i.HAL_NVIC_SetPriorityGrouping  stm32g4xx_hal_cortex.o
    0x08002700   0x08002700   0x000000cc   Code   RO         3586    i.HAL_PWREx_ControlVoltageScaling  stm32g4xx_hal_pwr_ex.o
    0x080027cc   0x080027cc   0x00000010   Code   RO         3598    i.HAL_PWREx_DisableUCPDDeadBattery  stm32g4xx_hal_pwr_ex.o
    0x080027dc   0x080027dc   0x00000310   Code   RO         2784    i.HAL_RCCEx_PeriphCLKConfig  stm32g4xx_hal_rcc_ex.o
    0x08002aec   0x08002aec   0x000001c8   Code   RO         2654    i.HAL_RCC_ClockConfig  stm32g4xx_hal_rcc.o
    0x08002cb4   0x08002cb4   0x0000003c   Code   RO         2659    i.HAL_RCC_GetClockConfig  stm32g4xx_hal_rcc.o
    0x08002cf0   0x08002cf0   0x0000000c   Code   RO         2660    i.HAL_RCC_GetHCLKFreq  stm32g4xx_hal_rcc.o
    0x08002cfc   0x08002cfc   0x00000024   Code   RO         2662    i.HAL_RCC_GetPCLK1Freq  stm32g4xx_hal_rcc.o
    0x08002d20   0x08002d20   0x00000024   Code   RO         2663    i.HAL_RCC_GetPCLK2Freq  stm32g4xx_hal_rcc.o
    0x08002d44   0x08002d44   0x00000074   Code   RO         2664    i.HAL_RCC_GetSysClockFreq  stm32g4xx_hal_rcc.o
    0x08002db8   0x08002db8   0x00000450   Code   RO         2667    i.HAL_RCC_OscConfig  stm32g4xx_hal_rcc.o
    0x08003208   0x08003208   0x00000002   Code   RO         3979    i.HAL_SPI_ErrorCallback  stm32g4xx_hal_spi.o
    0x0800320a   0x0800320a   0x00000002   PAD
    0x0800320c   0x0800320c   0x00000104   Code   RO         3982    i.HAL_SPI_IRQHandler  stm32g4xx_hal_spi.o
    0x08003310   0x08003310   0x000000ec   Code   RO         3983    i.HAL_SPI_Init      stm32g4xx_hal_spi.o
    0x080033fc   0x080033fc   0x00000140   Code   RO         1011    i.HAL_SPI_MspInit   spi.o
    0x0800353c   0x0800353c   0x00000002   Code   RO         3989    i.HAL_SPI_RxCpltCallback  stm32g4xx_hal_spi.o
    0x0800353e   0x0800353e   0x00000002   Code   RO         3990    i.HAL_SPI_RxHalfCpltCallback  stm32g4xx_hal_spi.o
    0x08003540   0x08003540   0x000001c4   Code   RO         3991    i.HAL_SPI_Transmit  stm32g4xx_hal_spi.o
    0x08003704   0x08003704   0x000001d0   Code   RO         3993    i.HAL_SPI_TransmitReceive_DMA  stm32g4xx_hal_spi.o
    0x080038d4   0x080038d4   0x00000048   Code   RO          748    i.HAL_SPI_TxRxCpltCallback  main.o
    0x0800391c   0x0800391c   0x00000002   Code   RO         4000    i.HAL_SPI_TxRxHalfCpltCallback  stm32g4xx_hal_spi.o
    0x0800391e   0x0800391e   0x00000002   Code   RO         1972    i.HAL_TIMEx_Break2Callback  stm32g4xx_hal_tim_ex.o
    0x08003920   0x08003920   0x00000002   Code   RO         1973    i.HAL_TIMEx_BreakCallback  stm32g4xx_hal_tim_ex.o
    0x08003922   0x08003922   0x00000002   Code   RO         1974    i.HAL_TIMEx_CommutCallback  stm32g4xx_hal_tim_ex.o
    0x08003924   0x08003924   0x00000002   Code   RO         1985    i.HAL_TIMEx_DirectionChangeCallback  stm32g4xx_hal_tim_ex.o
    0x08003926   0x08003926   0x00000002   Code   RO         1999    i.HAL_TIMEx_EncoderIndexCallback  stm32g4xx_hal_tim_ex.o
    0x08003928   0x08003928   0x00000002   Code   RO         2013    i.HAL_TIMEx_IndexErrorCallback  stm32g4xx_hal_tim_ex.o
    0x0800392a   0x0800392a   0x00000002   Code   RO         2035    i.HAL_TIMEx_TransitionErrorCallback  stm32g4xx_hal_tim_ex.o
    0x0800392c   0x0800392c   0x0000004e   Code   RO         1247    i.HAL_TIM_Base_Init  stm32g4xx_hal_tim.o
    0x0800397a   0x0800397a   0x00000002   Code   RO         1249    i.HAL_TIM_Base_MspInit  stm32g4xx_hal_tim.o
    0x0800397c   0x0800397c   0x00000094   Code   RO         1252    i.HAL_TIM_Base_Start_IT  stm32g4xx_hal_tim.o
    0x08003a10   0x08003a10   0x00000002   Code   RO         1281    i.HAL_TIM_IC_CaptureCallback  stm32g4xx_hal_tim.o
    0x08003a12   0x08003a12   0x000001aa   Code   RO         1295    i.HAL_TIM_IRQHandler  stm32g4xx_hal_tim.o
    0x08003bbc   0x08003bbc   0x00000002   Code   RO         1298    i.HAL_TIM_OC_DelayElapsedCallback  stm32g4xx_hal_tim.o
    0x08003bbe   0x08003bbe   0x00000002   Code   RO         1325    i.HAL_TIM_PWM_PulseFinishedCallback  stm32g4xx_hal_tim.o
    0x08003bc0   0x08003bc0   0x00000014   Code   RO          749    i.HAL_TIM_PeriodElapsedCallback  main.o
    0x08003bd4   0x08003bd4   0x00000002   Code   RO         1338    i.HAL_TIM_TriggerCallback  stm32g4xx_hal_tim.o
    0x08003bd6   0x08003bd6   0x0000003e   Code   RO         4748    i.HAL_UARTEx_DisableFifoMode  stm32g4xx_hal_uart_ex.o
    0x08003c14   0x08003c14   0x0000004c   Code   RO         4757    i.HAL_UARTEx_SetRxFifoThreshold  stm32g4xx_hal_uart_ex.o
    0x08003c60   0x08003c60   0x0000004c   Code   RO         4758    i.HAL_UARTEx_SetTxFifoThreshold  stm32g4xx_hal_uart_ex.o
    0x08003cac   0x08003cac   0x00000070   Code   RO         4352    i.HAL_UART_Init     stm32g4xx_hal_uart.o
    0x08003d1c   0x08003d1c   0x0000007c   Code   RO         1059    i.HAL_UART_MspInit  usart.o
    0x08003d98   0x08003d98   0x000000ca   Code   RO         4361    i.HAL_UART_Transmit  stm32g4xx_hal_uart.o
    0x08003e62   0x08003e62   0x00000028   Code   RO          478    i.HRC_ADC_CaptureOne  hrc_test.o
    0x08003e8a   0x08003e8a   0x00000002   PAD
    0x08003e8c   0x08003e8c   0x0000003c   Code   RO          479    i.HRC_ADC_ReadResult  hrc_test.o
    0x08003ec8   0x08003ec8   0x0000004a   Code   RO          480    i.HRC_ADC_ReadStableRaw  hrc_test.o
    0x08003f12   0x08003f12   0x00000002   PAD
    0x08003f14   0x08003f14   0x0000002c   Code   RO          481    i.HRC_ADC_TestStart  hrc_test.o
    0x08003f40   0x08003f40   0x00000028   Code   RO          482    i.HRC_ADC_TestStop  hrc_test.o
    0x08003f68   0x08003f68   0x0000002c   Code   RO          483    i.HRC_BitReverse6   hrc_test.o
    0x08003f94   0x08003f94   0x00000028   Code   RO          210    i.HRC_Bus_InitDefault  hrc_bus.o
    0x08003fbc   0x08003fbc   0x0000004a   Code   RO          311    i.HRC_CFG_BeginCommand  hrc_cfg.o
    0x08004006   0x08004006   0x00000010   Code   RO          312    i.HRC_CFG_CheckOutput  hrc_cfg.o
    0x08004016   0x08004016   0x00000016   Code   RO          211    i.HRC_ClockCycles   hrc_bus.o
    0x0800402c   0x0800402c   0x00000030   Code   RO          212    i.HRC_ClockPulse    hrc_bus.o
    0x0800405c   0x0800405c   0x00000040   Code   RO          213    i.HRC_ClockPulseAndRead  hrc_bus.o
    0x0800409c   0x0800409c   0x00000028   Code   RO          484    i.HRC_OCTDC_CaptureOne  hrc_test.o
    0x080040c4   0x080040c4   0x00000046   Code   RO          485    i.HRC_OCTDC_ConfigTrim  hrc_test.o
    0x0800410a   0x0800410a   0x00000002   PAD
    0x0800410c   0x0800410c   0x0000003c   Code   RO          486    i.HRC_OCTDC_ReadResult  hrc_test.o
    0x08004148   0x08004148   0x00000046   Code   RO          487    i.HRC_OCTDC_ReadStableRaw  hrc_test.o
    0x0800418e   0x0800418e   0x00000002   PAD
    0x08004190   0x08004190   0x0000002c   Code   RO          488    i.HRC_OCTDC_TestStart  hrc_test.o
    0x080041bc   0x080041bc   0x00000028   Code   RO          489    i.HRC_OCTDC_TestStop  hrc_test.o
    0x080041e4   0x080041e4   0x0000004e   Code   RO          490    i.HRC_OCTDC_WriteField  hrc_test.o
    0x08004232   0x08004232   0x00000014   Code   RO          401    i.HRC_ReadAbort     hrc_read.o
    0x08004246   0x08004246   0x000000e4   Code   RO          402    i.HRC_ReadBegin     hrc_read.o
    0x0800432a   0x0800432a   0x00000002   PAD
    0x0800432c   0x0800432c   0x00000050   Code   RO          318    i.HRC_ReadCfgSingle  hrc_cfg.o
    0x0800437c   0x0800437c   0x00000074   Code   RO          319    i.HRC_ReadCfgTotal  hrc_cfg.o
    0x080043f0   0x080043f0   0x00000010   Code   RO          403    i.HRC_ReadCheckProgress  hrc_read.o
    0x08004400   0x08004400   0x000000f0   Code   RO          404    i.HRC_ReadConfigure  hrc_read.o
    0x080044f0   0x080044f0   0x00000038   Code   RO          214    i.HRC_ReadDataOut   hrc_bus.o
    0x08004528   0x08004528   0x0000001e   Code   RO          405    i.HRC_ReadGetUnitBit  hrc_read.o
    0x08004546   0x08004546   0x0000001e   Code   RO          406    i.HRC_ReadInitConfig  hrc_read.o
    0x08004564   0x08004564   0x000000b6   Code   RO          407    i.HRC_ReadRow       hrc_read.o
    0x0800461a   0x0800461a   0x00000034   Code   RO          408    i.HRC_ReadSetUnitEnable  hrc_read.o
    0x0800464e   0x0800464e   0x00000054   Code   RO          409    i.HRC_ReadSingle    hrc_read.o
    0x080046a2   0x080046a2   0x00000020   Code   RO          410    i.HRC_ReadTransferAndCheck  hrc_read.o
    0x080046c2   0x080046c2   0x00000002   PAD
    0x080046c4   0x080046c4   0x0000001c   Code   RO          215    i.HRC_ReadValidOut  hrc_bus.o
    0x080046e0   0x080046e0   0x00000018   Code   RO          216    i.HRC_SendCommand   hrc_bus.o
    0x080046f8   0x080046f8   0x00000018   Code   RO          218    i.HRC_SetCmd        hrc_bus.o
    0x08004710   0x08004710   0x00000038   Code   RO          219    i.HRC_SetDataIn     hrc_bus.o
    0x08004748   0x08004748   0x00000018   Code   RO          220    i.HRC_SetRstn       hrc_bus.o
    0x08004760   0x08004760   0x00000018   Code   RO          498    i.HRC_SetTestLed    hrc_test.o
    0x08004778   0x08004778   0x000000d4   Code   RO          499    i.HRC_Test_ADC_Continuous  hrc_test.o
    0x0800484c   0x0800484c   0x0000009c   Code   RO          500    i.HRC_Test_ADC_Single  hrc_test.o
    0x080048e8   0x080048e8   0x000000d4   Code   RO          501    i.HRC_Test_CfgDefault  hrc_test.o
    0x080049bc   0x080049bc   0x000000f4   Code   RO          502    i.HRC_Test_CfgSingle  hrc_test.o
    0x08004ab0   0x08004ab0   0x00000120   Code   RO          503    i.HRC_Test_CfgTotal  hrc_test.o
    0x08004bd0   0x08004bd0   0x000000f8   Code   RO          504    i.HRC_Test_Initial  hrc_test.o
    0x08004cc8   0x08004cc8   0x00000110   Code   RO          505    i.HRC_Test_OCTDC_Single  hrc_test.o
    0x08004dd8   0x08004dd8   0x00000058   Code   RO          508    i.HRC_Test_ReadPrepareConfig  hrc_test.o
    0x08004e30   0x08004e30   0x000000e0   Code   RO          509    i.HRC_Test_ReadRowDefault  hrc_test.o
    0x08004f10   0x08004f10   0x00000080   Code   RO          510    i.HRC_Test_ReadSingleDefault  hrc_test.o
    0x08004f90   0x08004f90   0x0000001e   Code   RO          221    i.HRC_TransferCycle  hrc_bus.o
    0x08004fae   0x08004fae   0x00000040   Code   RO          222    i.HRC_WaitIdle      hrc_bus.o
    0x08004fee   0x08004fee   0x00000002   PAD
    0x08004ff0   0x08004ff0   0x00000068   Code   RO          320    i.HRC_WriteCfgSingle  hrc_cfg.o
    0x08005058   0x08005058   0x00000080   Code   RO          321    i.HRC_WriteCfgTotal  hrc_cfg.o
    0x080050d8   0x080050d8   0x00000002   Code   RO         1104    i.HardFault_Handler  stm32g4xx_it.o
    0x080050da   0x080050da   0x00000002   PAD
    0x080050dc   0x080050dc   0x0000004c   Code   RO          986    i.MX_DMA_Init       dma.o
    0x08005128   0x08005128   0x000000b4   Code   RO          903    i.MX_FREERTOS_Init  app_freertos.o
    0x080051dc   0x080051dc   0x00000254   Code   RO          876    i.MX_GPIO_Init      gpio.o
    0x08005430   0x08005430   0x00000050   Code   RO         1012    i.MX_SPI1_Init      spi.o
    0x08005480   0x08005480   0x00000048   Code   RO         1013    i.MX_SPI3_Init      spi.o
    0x080054c8   0x080054c8   0x00000068   Code   RO         1060    i.MX_USART1_UART_Init  usart.o
    0x08005530   0x08005530   0x00000002   Code   RO         1105    i.MemManage_Handler  stm32g4xx_it.o
    0x08005532   0x08005532   0x00000002   Code   RO         1106    i.NMI_Handler       stm32g4xx_it.o
    0x08005534   0x08005534   0x0000002e   Code   RO          693    i.PC_Printf         pc_comm.o
    0x08005562   0x08005562   0x00000002   PAD
    0x08005564   0x08005564   0x0000002c   Code   RO          694    i.PC_SendADCData    pc_comm.o
    0x08005590   0x08005590   0x0000001c   Code   RO          695    i.PC_SendBytes      pc_comm.o
    0x080055ac   0x080055ac   0x00000038   Code   RO          696    i.PC_SendCfgTable   pc_comm.o
    0x080055e4   0x080055e4   0x00000050   Code   RO         2668    i.RCC_GetSysClockFreqFromPLLSource  stm32g4xx_hal_rcc.o
    0x08005634   0x08005634   0x0000000c   Code   RO         1107    i.SPI3_IRQHandler   stm32g4xx_it.o
    0x08005640   0x08005640   0x00000012   Code   RO         4010    i.SPI_DMAAbortOnError  stm32g4xx_hal_spi.o
    0x08005652   0x08005652   0x00000022   Code   RO         4011    i.SPI_DMAError      stm32g4xx_hal_spi.o
    0x08005674   0x08005674   0x0000000a   Code   RO         4012    i.SPI_DMAHalfReceiveCplt  stm32g4xx_hal_spi.o
    0x0800567e   0x0800567e   0x0000000a   Code   RO         4014    i.SPI_DMAHalfTransmitReceiveCplt  stm32g4xx_hal_spi.o
    0x08005688   0x08005688   0x0000006e   Code   RO         4015    i.SPI_DMAReceiveCplt  stm32g4xx_hal_spi.o
    0x080056f6   0x080056f6   0x0000005c   Code   RO         4018    i.SPI_DMATransmitReceiveCplt  stm32g4xx_hal_spi.o
    0x08005752   0x08005752   0x0000007e   Code   RO         4020    i.SPI_EndRxTransaction  stm32g4xx_hal_spi.o
    0x080057d0   0x080057d0   0x00000064   Code   RO         4021    i.SPI_EndRxTxTransaction  stm32g4xx_hal_spi.o
    0x08005834   0x08005834   0x000000e0   Code   RO         4026    i.SPI_WaitFifoStateUntilTimeout  stm32g4xx_hal_spi.o
    0x08005914   0x08005914   0x000000c0   Code   RO         4027    i.SPI_WaitFlagStateUntilTimeout  stm32g4xx_hal_spi.o
    0x080059d4   0x080059d4   0x00000030   Code   RO          904    i.StartDefaultTask  app_freertos.o
    0x08005a04   0x08005a04   0x00000002   Code   RO          905    i.StartTask02       app_freertos.o
    0x08005a06   0x08005a06   0x00000002   Code   RO          906    i.StartTask03       app_freertos.o
    0x08005a08   0x08005a08   0x00000008   Code   RO          907    i.StartTask04       app_freertos.o
    0x08005a10   0x08005a10   0x00000008   Code   RO          908    i.StartTask05       app_freertos.o
    0x08005a18   0x08005a18   0x0000002c   Code   RO         6258    i.SysTick_Handler   port.o
    0x08005a44   0x08005a44   0x00000064   Code   RO          750    i.SystemClock_Config  main.o
    0x08005aa8   0x08005aa8   0x00000010   Code   RO         4872    i.SystemInit        system_stm32g4xx.o
    0x08005ab8   0x08005ab8   0x0000000c   Code   RO         1108    i.TIM7_DAC_IRQHandler  stm32g4xx_it.o
    0x08005ac4   0x08005ac4   0x000000dc   Code   RO         1340    i.TIM_Base_SetConfig  stm32g4xx_hal_tim.o
    0x08005ba0   0x08005ba0   0x00000048   Code   RO         4762    i.UARTEx_SetNbDataToProcess  stm32g4xx_hal_uart_ex.o
    0x08005be8   0x08005be8   0x000000c8   Code   RO         4366    i.UART_AdvFeatureConfig  stm32g4xx_hal_uart.o
    0x08005cb0   0x08005cb0   0x000000aa   Code   RO         4367    i.UART_CheckIdleState  stm32g4xx_hal_uart.o
    0x08005d5a   0x08005d5a   0x00000002   PAD
    0x08005d5c   0x08005d5c   0x00000054   Code   RO         4378    i.UART_EndRxTransfer  stm32g4xx_hal_uart.o
    0x08005db0   0x08005db0   0x00000310   Code   RO         4385    i.UART_SetConfig    stm32g4xx_hal_uart.o
    0x080060c0   0x080060c0   0x00000098   Code   RO         4392    i.UART_WaitOnFlagUntilTimeout  stm32g4xx_hal_uart.o
    0x08006158   0x08006158   0x00000002   Code   RO         1109    i.UsageFault_Handler  stm32g4xx_it.o
    0x0800615a   0x0800615a   0x00000030   Code   RO         6549    i.__ARM_fpclassify  m_wm.l(fpclassify.o)
    0x0800618a   0x0800618a   0x00000020   Code   RO         3845    i.__NVIC_SetPriority  stm32g4xx_hal_cortex.o
    0x080061aa   0x080061aa   0x0000000e   Code   RO         6419    i._is_digit         c_w.l(__printf_wp.o)
    0x080061b8   0x080061b8   0x00000012   Code   RO          751    i.delay_us          main.o
    0x080061ca   0x080061ca   0x00000002   PAD
    0x080061cc   0x080061cc   0x000000b8   Code   RO          752    i.main              main.o
    0x08006284   0x08006284   0x0000000c   Code   RO         5835    i.makeFreeRtosPriority  cmsis_os.o
    0x08006290   0x08006290   0x00000010   Code   RO         5837    i.osDelay           cmsis_os.o
    0x080062a0   0x080062a0   0x0000000a   Code   RO         5840    i.osKernelStart     cmsis_os.o
    0x080062aa   0x080062aa   0x0000002e   Code   RO         5874    i.osThreadCreate    cmsis_os.o
    0x080062d8   0x080062d8   0x00000020   Code   RO         5885    i.osTimerCreate     cmsis_os.o
    0x080062f8   0x080062f8   0x00000070   Code   RO         5366    i.prvAddCurrentTaskToDelayedList  tasks.o
    0x08006368   0x08006368   0x00000088   Code   RO         5367    i.prvAddNewTaskToReadyList  tasks.o
    0x080063f0   0x080063f0   0x00000050   Code   RO         5685    i.prvCheckForValidListAndQueue  timers.o
    0x08006440   0x08006440   0x0000003c   Code   RO         5368    i.prvCheckTasksWaitingTermination  tasks.o
    0x0800647c   0x0800647c   0x00000028   Code   RO         5044    i.prvCopyDataFromQueue  queue.o
    0x080064a4   0x080064a4   0x0000006e   Code   RO         5045    i.prvCopyDataToQueue  queue.o
    0x08006512   0x08006512   0x00000014   Code   RO         5369    i.prvDeleteTCB      tasks.o
    0x08006526   0x08006526   0x00000002   PAD
    0x08006528   0x08006528   0x00000024   Code   RO         5686    i.prvGetNextExpireTime  timers.o
    0x0800654c   0x0800654c   0x0000004c   Code   RO         6202    i.prvHeapInit       heap_4.o
    0x08006598   0x08006598   0x00000028   Code   RO         5370    i.prvIdleTask       tasks.o
    0x080065c0   0x080065c0   0x00000018   Code   RO         5048    i.prvInitialiseNewQueue  queue.o
    0x080065d8   0x080065d8   0x00000094   Code   RO         5371    i.prvInitialiseNewTask  tasks.o
    0x0800666c   0x0800666c   0x00000050   Code   RO         5687    i.prvInitialiseNewTimer  timers.o
    0x080066bc   0x080066bc   0x00000058   Code   RO         5372    i.prvInitialiseTaskLists  tasks.o
    0x08006714   0x08006714   0x00000054   Code   RO         6203    i.prvInsertBlockIntoFreeList  heap_4.o
    0x08006768   0x08006768   0x00000040   Code   RO         5688    i.prvInsertTimerInActiveList  timers.o
    0x080067a8   0x080067a8   0x0000001a   Code   RO         5049    i.prvIsQueueEmpty   queue.o
    0x080067c2   0x080067c2   0x0000001e   Code   RO         5050    i.prvIsQueueFull    queue.o
    0x080067e0   0x080067e0   0x00000068   Code   RO         5689    i.prvProcessExpiredTimer  timers.o
    0x08006848   0x08006848   0x000000f0   Code   RO         5690    i.prvProcessReceivedCommands  timers.o
    0x08006938   0x08006938   0x0000006c   Code   RO         5691    i.prvProcessTimerOrBlockTask  timers.o
    0x080069a4   0x080069a4   0x00000024   Code   RO         5373    i.prvResetNextTaskUnblockTime  tasks.o
    0x080069c8   0x080069c8   0x0000002c   Code   RO         5692    i.prvSampleTimeNow  timers.o
    0x080069f4   0x080069f4   0x00000070   Code   RO         5693    i.prvSwitchTimerLists  timers.o
    0x08006a64   0x08006a64   0x0000002c   Code   RO         6259    i.prvTaskExitError  port.o
    0x08006a90   0x08006a90   0x00000014   Code   RO         5694    i.prvTimerTask      timers.o
    0x08006aa4   0x08006aa4   0x0000006a   Code   RO         5051    i.prvUnlockQueue    queue.o
    0x08006b0e   0x08006b0e   0x00000002   PAD
    0x08006b10   0x08006b10   0x000000dc   Code   RO         6204    i.pvPortMalloc      heap_4.o
    0x08006bec   0x08006bec   0x00000024   Code   RO         6260    i.pxPortInitialiseStack  port.o
    0x08006c10   0x08006c10   0x00000026   Code   RO         5004    i.uxListRemove      list.o
    0x08006c36   0x08006c36   0x00000016   Code   RO         5005    i.vListInitialise   list.o
    0x08006c4c   0x08006c4c   0x00000006   Code   RO         5006    i.vListInitialiseItem  list.o
    0x08006c52   0x08006c52   0x00000030   Code   RO         5007    i.vListInsert       list.o
    0x08006c82   0x08006c82   0x00000018   Code   RO         5008    i.vListInsertEnd    list.o
    0x08006c9a   0x08006c9a   0x00000002   PAD
    0x08006c9c   0x08006c9c   0x00000040   Code   RO         6262    i.vPortEnterCritical  port.o
    0x08006cdc   0x08006cdc   0x0000002c   Code   RO         6263    i.vPortExitCritical  port.o
    0x08006d08   0x08006d08   0x00000064   Code   RO         6205    i.vPortFree         heap_4.o
    0x08006d6c   0x08006d6c   0x00000024   Code   RO         6264    i.vPortSetupTimerInterrupt  port.o
    0x08006d90   0x08006d90   0x00000054   Code   RO         6265    i.vPortValidateInterruptPriority  port.o
    0x08006de4   0x08006de4   0x00000024   Code   RO         5055    i.vQueueAddToRegistry  queue.o
    0x08006e08   0x08006e08   0x00000046   Code   RO         5058    i.vQueueWaitForMessageRestricted  queue.o
    0x08006e4e   0x08006e4e   0x00000002   PAD
    0x08006e50   0x08006e50   0x00000050   Code   RO         5382    i.vTaskDelay        tasks.o
    0x08006ea0   0x08006ea0   0x00000010   Code   RO         5385    i.vTaskInternalSetTimeOutState  tasks.o
    0x08006eb0   0x08006eb0   0x0000000c   Code   RO         5386    i.vTaskMissedYield  tasks.o
    0x08006ebc   0x08006ebc   0x00000034   Code   RO         5388    i.vTaskPlaceOnEventList  tasks.o
    0x08006ef0   0x08006ef0   0x0000003c   Code   RO         5389    i.vTaskPlaceOnEventListRestricted  tasks.o
    0x08006f2c   0x08006f2c   0x00000070   Code   RO         5396    i.vTaskStartScheduler  tasks.o
    0x08006f9c   0x08006f9c   0x00000010   Code   RO         5398    i.vTaskSuspendAll   tasks.o
    0x08006fac   0x08006fac   0x00000060   Code   RO         5399    i.vTaskSwitchContext  tasks.o
    0x0800700c   0x0800700c   0x000000f4   Code   RO         6266    i.xPortStartScheduler  port.o
    0x08007100   0x08007100   0x0000003e   Code   RO         5060    i.xQueueGenericCreate  queue.o
    0x0800713e   0x0800713e   0x00000002   PAD
    0x08007140   0x08007140   0x0000008c   Code   RO         5061    i.xQueueGenericReset  queue.o
    0x080071cc   0x080071cc   0x00000164   Code   RO         5062    i.xQueueGenericSend  queue.o
    0x08007330   0x08007330   0x000000c0   Code   RO         5063    i.xQueueGenericSendFromISR  queue.o
    0x080073f0   0x080073f0   0x0000013c   Code   RO         5069    i.xQueueReceive     queue.o
    0x0800752c   0x0800752c   0x0000007c   Code   RO         5401    i.xTaskCheckForTimeOut  tasks.o
    0x080075a8   0x080075a8   0x00000060   Code   RO         5402    i.xTaskCreate       tasks.o
    0x08007608   0x08007608   0x0000001c   Code   RO         5406    i.xTaskGetSchedulerState  tasks.o
    0x08007624   0x08007624   0x0000000c   Code   RO         5407    i.xTaskGetTickCount  tasks.o
    0x08007630   0x08007630   0x000000d0   Code   RO         5409    i.xTaskIncrementTick  tasks.o
    0x08007700   0x08007700   0x00000098   Code   RO         5412    i.xTaskPriorityDisinherit  tasks.o
    0x08007798   0x08007798   0x0000007c   Code   RO         5414    i.xTaskRemoveFromEventList  tasks.o
    0x08007814   0x08007814   0x000000cc   Code   RO         5415    i.xTaskResumeAll    tasks.o
    0x080078e0   0x080078e0   0x00000034   Code   RO         5699    i.xTimerCreate      timers.o
    0x08007914   0x08007914   0x0000004c   Code   RO         5700    i.xTimerCreateTimerTask  timers.o
    0x08007960   0x08007960   0x00000068   Code   RO         5701    i.xTimerGenericCommand  timers.o
    0x080079c8   0x080079c8   0x0000002c   Code   RO         6532    locale$$code        c_w.l(lc_numeric_c.o)
    0x080079f4   0x080079f4   0x0000002c   Code   RO         6559    locale$$code        c_w.l(lc_ctype_c.o)
    0x08007a20   0x08007a20   0x0000000a   Code   RO         6627    x$fpl$fpinit        fz_wm.l(fpinit.o)
    0x08007a2a   0x08007a2a   0x00000004   Code   RO         6452    x$fpl$printf1       fz_wm.l(printf1.o)
    0x08007a2e   0x08007a2e   0x00000004   Code   RO         6454    x$fpl$printf2       fz_wm.l(printf2.o)
    0x08007a32   0x08007a32   0x00000000   Code   RO         6548    x$fpl$usenofp       fz_wm.l(usenofp.o)
    0x08007a32   0x08007a32   0x00000002   PAD
    0x08007a34   0x08007a34   0x00000080   Data   RO          223    .constdata          hrc_bus.o
    0x08007ab4   0x08007ab4   0x00000070   Data   RO          909    .constdata          app_freertos.o
    0x08007b24   0x08007b24   0x00000018   Data   RO         4393    .constdata          stm32g4xx_hal_uart.o
    0x08007b3c   0x08007b3c   0x00000010   Data   RO         4764    .constdata          stm32g4xx_hal_uart_ex.o
    0x08007b4c   0x08007b4c   0x00000010   Data   RO         4873    .constdata          system_stm32g4xx.o
    0x08007b5c   0x08007b5c   0x00000008   Data   RO         4874    .constdata          system_stm32g4xx.o
    0x08007b64   0x08007b64   0x00000008   Data   RO         6378    .constdata          c_w.l(_printf_wctomb.o)
    0x08007b6c   0x08007b6c   0x00000028   Data   RO         6407    .constdata          c_w.l(_printf_hex_int_ll_ptr.o)
    0x08007b94   0x08007b94   0x00000011   Data   RO         6427    .constdata          c_w.l(__printf_flags_ss_wp.o)
    0x08007ba5   0x08007ba5   0x00000026   Data   RO         6484    .constdata          c_w.l(_printf_fp_hex.o)
    0x08007bcb   0x08007bcb   0x00000001   PAD
    0x08007bcc   0x08007bcc   0x00000094   Data   RO         6507    .constdata          c_w.l(bigflt0.o)
    0x08007c60   0x08007c60   0x00000092   Data   RO          512    .conststring        hrc_test.o
    0x08007cf2   0x08007cf2   0x00000002   PAD
    0x08007cf4   0x08007cf4   0x0000003c   Data   RO          910    .conststring        app_freertos.o
    0x08007d30   0x08007d30   0x00000020   Data   RO         6685    Region$$Table       anon$$obj.o
    0x08007d50   0x08007d50   0x0000001c   Data   RO         6531    locale$$data        c_w.l(lc_numeric_c.o)
    0x08007d6c   0x08007d6c   0x00000110   Data   RO         6558    locale$$data        c_w.l(lc_ctype_c.o)


    Execution Region RW_IRAM1 (Exec base: 0x20000000, Load base: 0x08007e7c, Size: 0x00007d08, Max: 0x00020000, ABSOLUTE)

    Exec Addr    Load Addr    Size         Type   Attr      Idx    E Section Name        Object

    0x20000000   0x08007e7c   0x00000003   Data   RW          513    .data               hrc_test.o
    0x20000003   0x08007e7f   0x00000001   PAD
    0x20000004   0x08007e80   0x00000008   Data   RW          755    .data               main.o
    0x2000000c   0x08007e88   0x00000020   Data   RW          911    .data               app_freertos.o
    0x2000002c   0x08007ea8   0x0000000c   Data   RW         2439    .data               stm32g4xx_hal.o
    0x20000038   0x08007eb4   0x00000004   Data   RW         4875    .data               system_stm32g4xx.o
    0x2000003c   0x08007eb8   0x0000003c   Data   RW         5418    .data               tasks.o
    0x20000078   0x08007ef4   0x00000014   Data   RW         5707    .data               timers.o
    0x2000008c   0x08007f08   0x00000020   Data   RW         6211    .data               heap_4.o
    0x200000ac   0x08007f28   0x0000000c   Data   RW         6267    .data               port.o
    0x200000b8        -       0x0000002d   Zero   RW          322    .bss                hrc_cfg.o
    0x200000e5        -       0x00001000   Zero   RW          511    .bss                hrc_test.o
    0x200010e5        -       0x00000600   Zero   RW          753    .bss                main.o
    0x200016e5   0x08007f34   0x00000003   PAD
    0x200016e8        -       0x00000188   Zero   RW         1014    .bss                spi.o
    0x20001870        -       0x00000094   Zero   RW         1061    .bss                usart.o
    0x20001904        -       0x0000004c   Zero   RW         1209    .bss                stm32g4xx_hal_timebase_tim.o
    0x20001950        -       0x00000040   Zero   RW         5072    .bss                queue.o
    0x20001990        -       0x000000f0   Zero   RW         5417    .bss                tasks.o
    0x20001a80        -       0x00000028   Zero   RW         5706    .bss                timers.o
    0x20001aa8        -       0x00005000   Zero   RW         6210    .bss                heap_4.o
    0x20006aa8        -       0x00000060   Zero   RW         6552    .bss                c_w.l(libspace.o)
    0x20006b08        -       0x00000200   Zero   RW            2    HEAP                startup_stm32g474xx.o
    0x20006d08        -       0x00001000   Zero   RW            1    STACK               startup_stm32g474xx.o


==============================================================================

Image component sizes


      Code (inc. data)   RO Data    RW Data    ZI Data      Debug   Object Name

       144         18          0          0          0     878728   adc_user.o
       254         14        172         32          0       6369   app_freertos.o
       116          4          0          0          0      13671   cmsis_os.o
        80         10          0          0          0       1025   dac_user.o
        76          4          0          0          0        854   dma.o
         0          0          0          0          0      10844   event_groups.o
       596         28          0          0          0       1315   gpio.o
       480         26          0         32      20480       5131   heap_4.o
       480         34        128          0          0       8498   hrc_bus.o
       518         20          0          0         45       5448   hrc_cfg.o
       914          0          0          0          0      10369   hrc_read.o
      2800       1100        146          3       4096      19810   hrc_test.o
       138          0          0          0          0       3698   list.o
       398         40          0          8       1536      26362   main.o
       174         38          0          0          0       3606   pc_comm.o
       786         84          0         12          0      12173   port.o
      1508         20          0          0         64      17466   queue.o
       472         44          0          0        392       2712   spi.o
        64         26        472          0       4608        864   startup_stm32g474xx.o
        94         14          0         12          0       3750   stm32g4xx_hal.o
       158         14          0          0          0      33238   stm32g4xx_hal_cortex.o
       840         28          0          0          0       6034   stm32g4xx_hal_dma.o
       466         34          0          0          0       3047   stm32g4xx_hal_gpio.o
        60          6          0          0          0        906   stm32g4xx_hal_msp.o
       220         18          0          0          0       1505   stm32g4xx_hal_pwr_ex.o
      1900        104          0          0          0       8981   stm32g4xx_hal_rcc.o
       784          8          0          0          0       2108   stm32g4xx_hal_rcc_ex.o
      2336         36          0          0          0      15602   stm32g4xx_hal_spi.o
       882         68          0          0          0       7082   stm32g4xx_hal_tim.o
        14          0          0          0          0       4752   stm32g4xx_hal_tim_ex.o
       136         20          0          0         76       1511   stm32g4xx_hal_timebase_tim.o
      1704         76         24          0          0      26666   stm32g4xx_hal_uart.o
       286          6         16          0          0       3773   stm32g4xx_hal_uart_ex.o
        60         24          0          0          0       4867   stm32g4xx_it.o
        16          4         24          4          0       1187   system_stm32g4xx.o
      2032        174          0         60        240      26686   tasks.o
      1120         92          0         20         40      23822   timers.o
       228         22          0          0        148       1878   usart.o

    ----------------------------------------------------------------------
     23378       2258       1016        184      31728    1206338   Object Totals
         0          0         32          0          0          0   (incl. Generated)
        44          0          2          1          3          0   (incl. Padding)

    ----------------------------------------------------------------------

      Code (inc. data)   RO Data    RW Data    ZI Data      Debug   Library Member Name

         8          0          0          0          0         68   __main.o
       392          4         17          0          0         92   __printf_flags_ss_wp.o
        14          0          0          0          0         68   __printf_wp.o
         0          0          0          0          0          0   __rtentry.o
        12          0          0          0          0          0   __rtentry2.o
         6          0          0          0          0          0   __rtentry4.o
        52          8          0          0          0          0   __scatter.o
        26          0          0          0          0          0   __scatter_copy.o
        28          0          0          0          0          0   __scatter_zi.o
         6          0          0          0          0          0   _printf_a.o
         6          0          0          0          0          0   _printf_c.o
        44          0          0          0          0        108   _printf_char.o
        48          6          0          0          0         96   _printf_char_common.o
        40          0          0          0          0         68   _printf_charcount.o
         6          0          0          0          0          0   _printf_d.o
       120         16          0          0          0         92   _printf_dec.o
         6          0          0          0          0          0   _printf_e.o
         6          0          0          0          0          0   _printf_f.o
      1054          0          0          0          0        216   _printf_fp_dec.o
       764          8         38          0          0        100   _printf_fp_hex.o
       128         16          0          0          0         84   _printf_fp_infnan.o
         6          0          0          0          0          0   _printf_g.o
       148          4         40          0          0        160   _printf_hex_int_ll_ptr.o
         6          0          0          0          0          0   _printf_i.o
       178          0          0          0          0         88   _printf_intcommon.o
        10          0          0          0          0          0   _printf_l.o
         6          0          0          0          0          0   _printf_lc.o
        10          0          0          0          0          0   _printf_ll.o
         6          0          0          0          0          0   _printf_lld.o
         6          0          0          0          0          0   _printf_lli.o
         6          0          0          0          0          0   _printf_llo.o
         6          0          0          0          0          0   _printf_llu.o
         6          0          0          0          0          0   _printf_llx.o
       124         16          0          0          0         92   _printf_longlong_dec.o
         6          0          0          0          0          0   _printf_ls.o
         6          0          0          0          0          0   _printf_n.o
         6          0          0          0          0          0   _printf_o.o
       112         10          0          0          0        124   _printf_oct_int_ll.o
         6          0          0          0          0          0   _printf_p.o
        78          0          0          0          0        108   _printf_pad.o
         0          0          0          0          0          0   _printf_percent.o
         4          0          0          0          0          0   _printf_percent_end.o
         6          0          0          0          0          0   _printf_s.o
        82          0          0          0          0         80   _printf_str.o
        36          0          0          0          0         84   _printf_truncate.o
         6          0          0          0          0          0   _printf_u.o
        44          0          0          0          0        108   _printf_wchar.o
       188          6          8          0          0         92   _printf_wctomb.o
         6          0          0          0          0          0   _printf_x.o
        16          0          0          0          0         68   _snputc.o
        10          0          0          0          0         68   _sputc.o
        64          0          0          0          0         92   _wcrtomb.o
       228          4        148          0          0         96   bigflt0.o
      1936        128          0          0          0        672   btod.o
        18          0          0          0          0         80   exit.o
         6          0          0          0          0        152   heapauxi.o
         0          0          0          0          0          0   indicate_semi.o
        44         10        272          0          0         76   lc_ctype_c.o
        44         10         28          0          0         76   lc_numeric_c.o
         2          0          0          0          0          0   libinit.o
        34          0          0          0          0          0   libinit2.o
         2          0          0          0          0          0   libshutdown.o
         2          0          0          0          0          0   libshutdown2.o
         8          4          0          0         96         68   libspace.o
       138          0          0          0          0         80   lludiv10.o
       238          0          0          0          0        100   lludivv7m.o
        16          4          0          0          0         76   rt_ctype_table.o
         8          4          0          0          0         68   rt_locale_intlibspace.o
        68          0          0          0          0         68   rt_memclr.o
        78          0          0          0          0         80   rt_memclr_w.o
       138          0          0          0          0         68   rt_memcpy_v6.o
       100          0          0          0          0         80   rt_memcpy_w.o
         2          0          0          0          0          0   rtexit.o
        10          0          0          0          0          0   rtexit2.o
       128          0          0          0          0         68   strcmpv7m.o
        12          4          0          0          0         68   sys_exit.o
        74          0          0          0          0         80   sys_stackheap_outer.o
         2          0          0          0          0         68   use_no_semi.o
        52          4          0          0          0         80   vsnprintf.o
        10          0          0          0          0        116   fpinit.o
         4          0          0          0          0        116   printf1.o
         4          0          0          0          0        116   printf2.o
         0          0          0          0          0          0   usenofp.o
        48          0          0          0          0        124   fpclassify.o

    ----------------------------------------------------------------------
      7434        266        552          0         96       4832   Library Totals
        20          0          1          0          0          0   (incl. Padding)

    ----------------------------------------------------------------------

      Code (inc. data)   RO Data    RW Data    ZI Data      Debug   Library Name

      7348        266        551          0         96       4360   c_w.l
        18          0          0          0          0        348   fz_wm.l
        48          0          0          0          0        124   m_wm.l

    ----------------------------------------------------------------------
      7434        266        552          0         96       4832   Library Totals

    ----------------------------------------------------------------------

==============================================================================


      Code (inc. data)   RO Data    RW Data    ZI Data      Debug   

     30812       2524       1568        184      31824    1185078   Grand Totals
     30812       2524       1568        184      31824    1185078   ELF Image Totals
     30812       2524       1568        184          0          0   ROM Totals

==============================================================================

    Total RO  Size (Code + RO Data)                32380 (  31.62kB)
    Total RW  Size (RW Data + ZI Data)             32008 (  31.26kB)
    Total ROM Size (Code + RO Data + RW Data)      32564 (  31.80kB)

==============================================================================

