<html>
<body>
<pre>
<h1>µVision Build Log</h1>
<h2>Tool Versions:</h2>
IDE-Version: ¦ÌVision V5.43.1.0
Copyright (C) 2025 ARM Ltd and ARM Germany GmbH. All rights reserved.
License Information: BoBoj BoBoj, BoBoj, LIC=UJWP0-BDJ5G-NN3AF-6U3FF-F98MF-V9GIJ
 
Tool Versions:
Toolchain:       MDK-ARM Plus  Version: 5.43.0.0
Toolchain Path:  D:\STM32\Keil_v5\ARM\ARM_Compiler_5.06u7\Bin
C Compiler:      Armcc.exe V5.06 update 7 (build 960)
Assembler:       Armasm.exe V5.06 update 7 (build 960)
Linker/Locator:  ArmLink.exe V5.06 update 7 (build 960)
Library Manager: ArmAr.exe V5.06 update 7 (build 960)
Hex Converter:   FromElf.exe V5.06 update 7 (build 960)
CPU DLL:         SARMCM3.DLL V5.43.0.0
Dialog DLL:      DCM.DLL V1.17.5.0
Target DLL:      CMSIS_AGDI.dll V1.33.24.0
Dialog DLL:      TCM.DLL V1.56.6.0
 
<h2>Project:</h2>
D:\Git\Zheng-Jiawei\STM32G474_prework\STM32G474_prework\MDK-ARM\STM32_G474_Project.uvprojx
Project File Date:  07/18/2026

<h2>Output:</h2>
*** Using Compiler 'V5.06 update 7 (build 960)', folder: 'D:\STM32\Keil_v5\ARM\ARM_Compiler_5.06u7\Bin'
Rebuild target 'STM32_G474_Project'
assembling startup_stm32g474xx.s...
compiling hrc_cfg.c...
compiling adc_user.c...
compiling dac_user.c...
compiling hrc_bus.c...
compiling spi.c...
compiling gpio.c...
compiling hrc_read.c...
compiling usart.c...
compiling dma.c...
compiling hrc_test.c...
compiling pc_comm.c...
compiling app_freertos.c...
compiling main.c...
compiling stm32g4xx_hal_exti.c...
compiling stm32g4xx_hal_dma.c...
compiling stm32g4xx_hal_timebase_tim.c...
compiling stm32g4xx_hal_gpio.c...
compiling stm32g4xx_it.c...
compiling stm32g4xx_hal_flash.c...
compiling stm32g4xx_hal_tim_ex.c...
compiling stm32g4xx_hal_msp.c...
compiling stm32g4xx_hal.c...
compiling stm32g4xx_hal_flash_ex.c...
compiling stm32g4xx_hal_rcc.c...
compiling croutine.c...
compiling stm32g4xx_hal_flash_ramfunc.c...
compiling event_groups.c...
compiling stm32g4xx_hal_rcc_ex.c...
compiling list.c...
compiling stream_buffer.c...
compiling queue.c...
compiling tasks.c...
compiling timers.c...
compiling heap_4.c...
compiling cmsis_os.c...
compiling port.c...
compiling stm32g4xx_hal_tim.c...
compiling system_stm32g4xx.c...
compiling stm32g4xx_hal_spi_ex.c...
compiling stm32g4xx_hal_uart_ex.c...
compiling stm32g4xx_hal_dma_ex.c...
compiling stm32g4xx_hal_cortex.c...
compiling stm32g4xx_hal_pwr.c...
compiling stm32g4xx_hal_uart.c...
compiling stm32g4xx_hal_spi.c...
compiling stm32g4xx_hal_pwr_ex.c...
linking...
Program Size: Code=30812 RO-data=1568 RW-data=184 ZI-data=31824  
FromELF: creating hex file...
After Build - User command #1: fromelf.exe --bin --output=Bin\STM32_G474_Project.bin STM32_G474_Project\STM32_G474_Project.axf
"STM32_G474_Project\STM32_G474_Project.axf" - 0 Error(s), 0 Warning(s).

<h2>Software Packages used:</h2>

Package Vendor: ARM
                https://www.keil.com/pack/ARM.CMSIS.6.3.0.pack
                ARM::CMSIS@6.3.0
                CMSIS (Common Microcontroller Software Interface Standard)
   * Component: CORE Version: 6.2.0

Package Vendor: Keil
                https://www.keil.com/pack/Keil.STM32G4xx_DFP.2.2.0.pack
                Keil::STM32G4xx_DFP@2.2.0
                STMicroelectronics STM32G4 Series Device Support

<h2>Collection of Component include folders:</h2>
  ./RTE/_STM32_G474_Project
  C:/Users/18465/AppData/Local/Arm/Packs/ARM/CMSIS/6.3.0/CMSIS/Core/Include

<h2>Collection of Component Files used:</h2>

   * Component: ARM::CMSIS:CORE@6.2.0
      Include file:  CMSIS/Core/Include/tz_context.h
Build Time Elapsed:  00:00:31
</pre>
</body>
</html>
